// Jest Snapshot v1, https://goo.gl/fbAQLP

exports[`shall filter with HSV decomposition 1`] = `"000000000000000000000000000000000000000000000000000000000000000000000000000000000000000000000000000000000000000000000000000000000000000000000000000000000000000000000000000000000000000000000000000000000000000000000000000000000000000000000000000000000000000000000000000000000000000000000000000000000002ffc000000000000000000000000001fffffff800000000000000000000000fffffffdf8000000000000000000000ffffffffffe000000000000000000007fffffffffffe0000000000000000003fffffffffffffc00000000000000000ffffffffffffffff0000000000000007fffffffffffffffff00000000000007ffffffffffffffffffc000000000003ffffffffffffffffffffc1800000000fffffffffffffffffffffff800000001fffffffffffffffffffffff80000007fffffffffffffffffffffffff000003fffffffffffffffffffffffffffc000bfffffffffffffffffffffffffffff00ffffffffffffffffffffffffffffff80ffffffffffffffffffffffffffffffe0ffffffffffffffffffffffffffffffe0fffffffffffffffffffffffffffffff8fffffffffffffffffffffffffffffffeffffffffffffffffffffffffffffffffffffffffffffffffffffffffffffffffffffffffffffffffffffffffffffffff000000000000000000000000000000000000000000000000000001e00000000000000000000022f9000001e000000000000000000001fffff80000000000000000000000001ffffffe1e0000000000000000000000ffffffffff0800000000000000000003ffffffffff180000000000000000000ffffffffffff00000000000000000007fffffffffffc0000000000000000001ffffffffffffc0000000000000000003ffffffffffffe000000000000000000ffffffffffffff000000000000000003ffffffffffffffc0000000000000000ffffffffffffffff0000000000000001ffffffffffffffffc000000000000003fffffffffffffffffc0000000000000fffffffffffffffffff8000000000003fffffffffffffffffffe000000000007ffffffffffffffffffff80000000001fffffffffffffffffffffe0000000007ffffffffffffffffffffff800000000ffffffffffffffffffffffff00000003ffffffffffffffffffffffffc000000fffffffffffffffffffffffffe000001ffffffffffffffffffffffffff80001fffffffffffffffffffffffffef80007ffffffffffffffffffff7fffd000000fffffffffffffffffffe620130000000fffffffffffffffffff2000000000000ffffffffffffffffff80000000000000fffffffffffffc000000000000000000fffffffffff8d0000000000000000000fffffffffffffbffffa0000000000000fffffffffffc0071f070000006000000fffffffffffc005e7048000000000000ffffffffffc000000000000000000000fffff000000000000000000000000000000000000000000000000000000000000000000000000003fffffffe0004000000000000000003ffffffffffffffffff0000000000efffffffffffffffffffff000000003fffffffffffffffffffffff00000007ffffffffffffffffffffffff00000007fffffffffffffffffcd3ffff0000000fffffffffffffffffffffffff00061ffffffffffffffffffffffe3ffe703ffffffffffffffffffffffc00000083fffffffffffffffffffdfc00000000fffffffffffffffffffffffc00000000fffffffffffffffffffffe0000000000ffffffffffffffffffffc34000000000fffffffffffffffffffffff300000000ffffffffffffffffffffe00000000000ffffffffe7ff9fffffffff4000000000fffffffffffbfffe03ffa00000000000ffcffffffc3ff81ffffc000000000000dfffff00fff7ffff8040000000000000e7fbff7ffc7ffd7000000000000000001003ffc5ffff96063f800000000000000000f3cfff0200fdf000000000000000808006780004f24000000000000000000003ff800ffffb80002a00000000000000000000fff00000020000000000000003801805f80000018000000000000000ffffffffffffffffffffffffffffffffffffffffffffffffffbffffffffffffffffffffffffffffffffffffffffffffffffffffffffffffffffffffffffffff9fffffffffffffffffffffffffffffffffffffffffffffffffffffffffffffffffffffffffffffffffffffffffffffffffffffffffffc645cfffffffffffffffffffffffff0fffffffffffffffffffffffffff801fffffffe07fffffffffffffffffffffffff807f00087ffffffffff7fffffffeffffffffffe7f8ff3e7e1fffbffffffffdfa00003ffffffeffb1fffffffff7ffc00004000ffff001fffffff87381e17f61fffff0c000065f9fe3ffffffdfff38007ff01f3c000003ff02201f8f3f8040c0000007dfc00000000c7fffffffe2000100000000000000000080000fff8bffffdf8039f0000000040000000ffffc00000000000000000018fb8000f0000000000007800000000003fffffe000000000000180000000000011fff0030000000061fc0000000000f100000000a100004f9e80000000000000000000001ef00003e00000000000000000000000f70000000000000000000000000000008000000000000000000000000000000000078300000000000000000000000000fff8000000000000000000000000000f000000000000000000000000000000000000000000000000000000000000000000000000000000000000000000000000"`;

exports[`shall filter with HSV decomposition 2`] = `"fffe000073fffffffc007fffffc00003fffe000037ffffffc0003fffffc00000fffe00001fffffffe0003fffffe00000fffe00001fffffffe0001fffffe00000fffe00001fffffdfe0001ffffff00060fffe00000fffe90fc0001ffffff001c0fffe000003ffc007c0001ffffff80180fffe000003ffc003c0001ffffffc0100fffe0000019dc003c0001ffffffc0200fffe0000001c8001c0000ffffffe0000fffe0000000c800004000ffffffe0000fffe0000000c8ff804000fffffff0000fffe00000200ffff04000fffffff8000fffe00000003ffffc0000fffffff8000fdfe0000003bffffe0000fffffffc000f9fe000001f1fffff8000fffffff8000f1fe00000103fffffc000fffffff8000f1fe00000003fffffe000fffffff0000e1fe00000200ffffff800feffffe0000e1fe00000401ffffffc00fe3fffc0001c1fe000000007fffffe00fe3fff8000381fe00000000fffffff00fe1fff0000781fe00000000fffffff80fe0fff0000701fe00000001fffffff80fe0ffe0000f01fe00000003fffffffe0fe07fc0001f01fe0000000fffffffff0fe07fc0003f01fe0000400fffffffff0fe03f80007f01fe0000800ffbffffff8fe01f0000ff01fe0000801fc7ffffffcfe03f0000ff01fe0001801f8fffffffcfe07f0001ff01fe000180231fffffffefe0ff0003ff01fe000180043fffffffefe3ff8007ff00fe000180007ffffffff7c7ff8007ff00fe00030000ffffffffffdfff800fff00fe00030001ffffffffffffff000fff00fe00030003ffffffffffffff001fff00fe00038007bfffffffffffff001fff00fe0003800f7fffffffffffff003fff00fe0003801efffffffffffffe007fff00fe0003c029fffffffffffffe007fff00fe0003c043fffffffffffffe00ffff00fe0003c087bffffffffffffc00ffff00fe0003f00f3ff9ffffffffcc01ffff00fe0003f00c5c0cfe7fffff0c01ffff01fe0003d8103a0e007ffffe1803ffff01fe0003c0003400007ffff03003ffff00fe0003c000400001ffffc0e007ffff00fe0003d800800002ffff03c007ffff00fe0001f800400005fffc3f800fffff00fe0001f00000000ffff83f000fffff00fe0001f00000001ffff03e000fffff00fe0000f00000000ffff03c0007ffff00fe0000f00000001ffff0300007ffff00fe0000700000003ffff8300007ffff00fe0000600000007ffff830000fffff00fe000060000001fffff830000fffff00fe000060000003fffffc10005fffff00fe000060000007fffffc10007fffff00fe00002000000ffffffc1000bfffff00fe00000000000ffffffc1000bfffff00fe00001000001ffffffc10007fffff00fe00018800003fc1fffc10007fffff00fe00010000007fb07ff008007ffffc00fe0003800000fe083fc00800fffffe00fe000fc00000fc003fc00803ffffff00fe001f800003f800ff000803ffffff00fe001e000003f00c3f080803ffffff00fe001e000003f00e1e080807ffffff00fe003c004007c67e3e780807ffffff00fe00700000079f9f7fc00807ffffff00ff01c0c0401f1fffffe0080fffffff00ff010001000e3ffffff0080fffffff00fe03c000401e1ffffff8080fffffff00ff070080001c1ffffff80c1fffffff00ff00000000781ffffff80c1fffffff00ff01000008383ffffff80c1fffffff00ff06410000703fffcff80c1fffffff00ff18010030601fffcff80c3fffffff00ff04010000401fff4ff8043fffffff00ff00010003c01ffe77f0063fffffff00ff00000003801ffe87f0067fffffff00ff00008003801fff03f0067fffffff01ff00008409000fffffe0067fffffff01ff04004032000fffffe0067fffffff01ff08002070000fffffe002ffffffff01ff00002060000fffffc002ffffffff01ff000011c8000fffffc002ffff7fff01ff080007d00007c0008003ffff7fff01ff480407900003e0ff8003ffff7fff01ff90040f600003f1ff0003ffff7fff01ff00000fc00001fcfe0003fffe7fff00ff200827800001ff1e0003fffe7fff00ff000d03000000fffc0003fffe7fff01ff00011b000000fffc0003fffe7fff01ff0000d8000000fffc0003fffe7fff01ff0008780000003ff80003fffcfffe01ff200c7f0000001ff80003fffffff801ffc0062d800003fffe00031fffffe000ff800664c00007ffff8003c07fffc000ff2002c5800007ffffe003f800ff80c0ff400347a00007fffff803fe00ff00e0ffc1008f100007fffffc03ff84fe00f8ff800107100007fffffe03ffedfc0078ffc00007a80007ffffff07fffffc007cff800003d80003ffffff07fffffc003cff800001c80007ffffff87fffff8003cff800001880007ffffffc7fffff8003cff800001c80007ffffffc7fffff0003cff804009d800c7ffffffc7fffff0001cff00000bf000c7ffffffe7fffff0001cff800007b800c7ffffffe7fffff0001cff8000038001c7ffffffe7ffffe0001cff800003c001cffffffff7ffffe0001cff80000720018fffffffffffffc0001cff80000130038ffffffffcffffc0001c7f80000000039ffffffff81fffc0001e7f80000800031ffffffff801ff80001e7f00000c00063ffffffff8007f80001e7f00000600043ffffffff8007f00001e7f80000340047ffffffffc007e00001e7f8000008000fffffffffc007c00001e7f8000000000fffffffffc007800001e7f0000010003fffffffffe007000000e7f0002010007fffffffffe006000400f7f000101000ffffffffffe020000800f7e000100001ffffffffffe060001800f7f000080003fffffffffff07b803000f7e000000007fffffffffff07f80300"`;

exports[`shall filter with LAB decomposition 1`] = `"000000000000000000000000000000000000000000000000000000000000000000000000000000000000000000000000000000000000000000000000000000000000000000000000000000000000000000000000000000000000000000000000000000000000000000000000000000000000000000000000000000000000000000000000000000000000000000000000000000000002fdc000000000000000000000000001fffffff800000000000000000000000fffffffff8000000000000000000000ffffffffffe000000000000000000007fffffffffffe0000000000000000003fffffffffffffc00000000000000000ffffffffffffffff0000000000000007fffffffffffffffff00000000000007ffffffffffffffffffc000000000003ffffffffffffffffffffc1800000000fffffffffffffffffffffff800000001fffffffffffffffffffffff80000007ffffffffffffffffffffffffe000003fffffffffffffffffffffffffffc000bfffffffffffffffffffffffffffff00ffffffffffffffffffffffffffffff80ffffffffffffffffffffffffffffffe0fffffffffffffffffffffffffffffff0fffffffffffffffffffffffffffffff8fffffffffffffffffffffffffffffffeffffffffffffffffffffffffffffffffffffffffffffffffffffffffffffffffffffffffffffffffffffffffffffffff000000000000000000000000000000000000000000000000000001e00000000000000000000002fb000001e000000000000000000001fffff80000000000000000000000001ffffffe1e0000000000000000000000ffffffffff0000000000000000000003ffffffffff180000000000000000001ffffffffffff00000000000000000007fffffffffffc0000000000000000001ffffffffffffc0000000000000000003ffffffffffffe000000000000000000ffffffffffffff000000000000000003ffffffffffffffc0000000000000000ffffffffffffffff0000000000000001ffffffffffffffffc000000000000003fffffffffffffffffc0000000000000fffffffffffffffffff8000000000003fffffffffffffffffffe000000000007ffffffffffffffffffff80000000001fffffffffffffffffffffe0000000007ffffffffffffffffffffff800000000ffffffffffffffffffffffff00000003ffffffffffffffffffffffffc000000fffffffffffffffffffffffffe000001ffffffffffffffffffffffffff80001fffffffffffffffffffffffffff00007ffffffffffffffffffff7fffd000000fffffffffffffffffffe620130000000fffffffffffffffffff0000000000000ffffffffffffffffff80000000000000fffffffffffffc000000000000000000fffffffffff8d0000000000000000000fffffffffffff9ffffa0000000000000fffffffffffc0079f070000006000000fffffffffffc001e7040000000000000ffffffffffc000000000000000000000fffff0000000000000000000000000000000000000000000000000000000000000000000000000007ffffcf00000000000000000000001ffffffffffffffffff00000000007fffffffffffffffffffff00000000ffffffffffffffffffffffff00000003ffffffffffffffffffffffff00000007ffffffffffffffffffffffff0000001fffffffffffffffffffffffff00020ffffffffffffffffffffff89ff0003ffffffffffffffffffffffc0000009ffffffffffffffffffffffe00000000fffffffffffffffffffffff000000000ffffffffffffffffffffff4000000000fffffffffffffffffffff34000000000ffffffffffffffffffffffe000000000ffffffffffffffffffffe00000000000fffffffffffffffffffffe0000000000ffffffffffffffffefffa00000000000fffffffffd7ffe7ffffc000000000000ffffff19ffffffff80c0000000000000effffffffdfffff400000000000000000003ffc7ffff9e061c000000000000000000ffcfff0300f5c00000000000000000000660000ef24000000000000000000003fc0007fffb80000000000000000000000000fff00000000000000000000000000001f80000000000000000000000fffffffffffffffffffffffffffffffffffffffffffffffffffffffffffffffffffffffffffffffffffffffffffffffffffffffffffffffffffffffffffffffffffffffffffffffffffffffffffffffffffffffffffffffffffffffffffffffffffffffffffffffffffffffffffffffffffffffffffffffffffffffffffffffffffffffff9fffffffffffffffffffffffffffc73fffffffe07fffffffffffffffffffffffff827fc018fffffffffffffffffffffffffffffffffdffffff7ffffffffffffdf800003ffffffeffffffffffffffffc00000001fffff81fffffffffff1fbff01ffffe00000060fffc7ffffffdfff20003ff00b7c000003ff007fffff7f804000000007df80000000007fffffffe0000100000000000000000000000fffc10ffe0f0000e0000000000000000ffff000000000000000000000ff800060000000000007800000000003ffff78000000000000080000000000001ffe0000000000001f00000000000000000000020000000be00000000000000000000001ee00001c00000000000000000000000e600000000000000000000000000000080000000000000000000000000000000000780000000000000000000000000007e700000000000000000000000000005000000000000000000000000000000000000000000000000000000000000000000000000000000000000000000000000"`;

exports[`shall filter with LAB decomposition 2`] = `"fffe000077ffffffe4007fffffc00003fffe00007fffffffe0003fffffc00000fffe00001fffffffc0003fffffe00000fffe00001fffffffe0001fffffe00000fffe00001fffffdfe0001ffffff00040fffe00000ffff00fc0001ffffff001c0fffe000001ffc007c0001ffffff80180fffe000001ffc003c0001ffffffc0100fffe0000009fc003c0001ffffffc0000fffe0000000f8001c0000ffffffe0000fffe0000000c000000000ffffffe0000fffe0000001c8ff804000fffffff0000fffe00000008ffff00000fffffff8000fffe00000003ffffc0000fffffff8000fdfe0000003fffffe0000fffffffc000f9fe00000073fffff8000fffffff8000f1fe00000103fffffc000fffffff8000f1fe00000001ffffff000fffffff0000e1fe00000201ffffff800ffffffe0000e1fe00000000ffffffc00fe7fffc0001c1fe00000000ffffffe00fe3fff8000381fe00000000fffffff00fe1fff0000781fe00000000fffffff80fe1fff0000701fe00000001fffffff80fe0ffe0000f01fe00000003fffffffe0fe07fc0001f01fe00000007ffffffff0fe07fc0003f01fe0000400fffffffff0fe03f80007f01fe0000800ffbffffff8fe01f0000ff01fe0000801fe7ffffffcfe03f0001ff01fe0001801f8fffffffcfe07f0001ff01fe000180031fffffffefe0ff0003ff01fe000180043fffffffefe3ff8007ff00fe000180007fffffffffc7ff8007ff00fe00010000ffffffffffdfff800fff00fe00030001ffffffffffffff000fff00fe00030003ffffffffffffff001fff00fe00030007ffffffffffffff001fff00fe0003800fffffffffffffff003fff00fe0003801efffffffffffffe007fff00fe0003c009fffffffffffffe007fff00fe0003c003fffffffffffffe00ffff00fe0003e003fffffffffffffc00ffff00fe0003f0073ff9ffffffffcc01ffff00fe0003f0007c0cfe7fffff0c01ffff00fe0003f0003a0c007ffffe1803ffff00fe0003c0003400007ffff03003ffff00fe0003c000000001ffffc0e007ffff00fe0003d800000003ffff83c007ffff00fe0001f000400007fffc3f800fffff00fe0001f00000000ffff83f000fffff00fe0001f00000001ffff03e000fffff00fe0000f00000000ffff03c0007ffff00fe0000f00000003ffff0300007ffff00fe0000700000003ffff8300007ffff00fe0000700000007ffff830000fffff00fe000060000001fffff830001fffff00fe000060000003fffffc10001fffff00fe000060000007fffffc10007fffff00fe00002000000ffffffc10007fffff00fe00000000000ffffffc1000ffffff00fe00001000001ffffffc10007fffff00fe00018800003fc1fffc10007fffff00fe00010000007fb07ff008007ffffe00fe0003800000fe083fc00800fffffe00fe000fc00000fc007fc00803ffffff00fe001f800003f8007f000803ffffff00fe001e000003f00c3f080803ffffff00fe001e000003f00e3e080807ffffff00fe003c000007ee3e3e380807ffffff00fe00700000079f9f7fe00807ffffff00ff01c000000f1fffffe0080fffffff00ff010000000f1ffffff0080fffffff00ff03c000401e1ffffff0080fffffff00ff070000001c3ffffff80c1fffffff00ff00000000383ffffff80c1fffffff00ff00000008383ffffff80c1fffffff00ff06000000703fffcff80c1fffffff00ff08010030601fffcff80c3fffffff00ff00010000401fffeff8043fffffff00ff00010003c01ffef7f0063fffffff00ff00000003801fff87f0067fffffff00ff00008003801fff83f0067fffffff01ff0000840b001fffffe0067fffffff01ff04004032000fffffe0067fffffff01ff08002070001fffffe002ffffffff01ff00000060001fffffc002ffffffff01ff000011c8000fffffc002ffffffff01ff000007d00007c0008003ffffffff01ff080407900003e0ff8003ffffffff01ff90040f600003f1ff0003ffffffff01ff00000fc00001fdff0003ffff7fff00ff000827800001fffe0003fffe7fff00ff000903000000fffc0003fffe7fff00ff000113000000fffc0003fffe7fff00ff0000980000007ffc0003fffe7fff01ff0000780000003ff80003fffcfffe01ff200c7f0000003ff80003fffffff801ffc0063d800003fffe0003ffffffe000ff800664c00007ffff8003fcffffc000ff2002c5800007ffffe003fc00ff80c0ff400147a00007fffff803ff00ff00e0ffc0008f100007fffffc03ff84fe00f8ff800007500007fffffe03ffedfc00f8ffc00007a00007ffffff07fffffc007cff800003d80007ffffff07fffffc003cff800001c80007ffffff87fffff8003cff800001880007ffffffc7fffff8003cff800001c80007ffffffc7fffff0003cff804001d80047ffffffc7fffff0001cff00000bf000c7ffffffe7fffff0001cff800007b801c7ffffffe7ffffe0001cff8000038001c7ffffffe7ffffe0001cff800003c001cffffffff7ffffe0001cff8000072001cfffffffffffffc0001cff80000130018ffffffffcffffc0001cff80000000039ffffffff81fffc0001e7f80000800031ffffffff801ff80001e7f00000c00023ffffffff8007f00001e7f00000600023ffffffff8007f00001e7f00000300007ffffffffc007e00001e7f0000008000fffffffffc007c00001e7f0000000001fffffffffc007800001e7f0000010003fffffffffe007000000e7f0000010007fffffffffe000000000f7f000101000ffffffffffe000000000ffe000000001ffffffffffe070001800fff000080003fffffffffff07b803000ffe000000003fffffffffff07f80300"`;

exports[`shall filter with RGB decomposition 1`] = `"000000000000000000000000000000000000000000000000000000000000000000000000000000000000000000000000000000000000000000000000000000000000000000000000000000000000000000000000000000000000000000000000000000000000000000000000000000000000000000000000000000000000000000000000000000000000000000000000000000000001ffc000000000000000000000000001fffffff800000000000000000000000fffffffdf8000000000000000000000fffffffffff000000000000000000007fffffffffffe0000000000000000003fffffffffffffc00000000000000000ffffffffffffffff0000000000000007fffffffffffffffff00000000000007ffffffffffffffffffc000000000003ffffffffffffffffffffc1800000000fffffffffffffffffffffff800000001fffffffffffffffffffffff80000007fffffffffffffffffffffffff000003fffffffffffffffffffffffffffc000bfffffffffffffffffffffffffffff00ffffffffffffffffffffffffffffff80ffffffffffffffffffffffffffffffe0fffffffffffffffffffffffffffffff0fffffffffffffffffffffffffffffff8fffffffffffffffffffffffffffffffeffffffffffffffffffffffffffffffffffffffffffffffffffffffffffffffffffffffffffffffffffffffffffffffff000000000000000000000000000000000000000000000000000001e00000000000000000000032f9000001e000000000000000000001fffff80000000000000000000000001ffffffe1e0000000000000000000000fffffffffe1800000000000000000003ffffffffff180000000000000000000ffffffffffff00000000000000000007fffffffffffc0000000000000000001ffffffffffffc0000000000000000003ffffffffffffe000000000000000000ffffffffffffff000000000000000001ffffffffffffffc0000000000000000ffffffffffffffff0000000000000001ffffffffffffffffc000000000000003fffffffffffffffffc0000000000000fffffffffffffffffff8000000000003fffffffffffffffffffe000000000007ffffffffffffffffffff80000000001fffffffffffffffffffffe0000000007ffffffffffffffffffffff800000000ffffffffffffffffffffffff00000003ffffffffffffffffffffffffc000000fffffffffffffffffffffffffe000001ffffffffffffffffffffffffff80001fffffffffffffffffffffffffef80007ffffffffffffffffffff7fffd000000fffffffffffffffffffe620130000000fffffffffffffffffff2000000000000ffffffffffffffffff80000000000000fffffffffffffc000000000000000000fffffffffff8d0000000000000000000fffffffffffffbffffa0000000000000fffffffffffc0071f070000006000000fffffffffffc005e7048000000000000ffffffffffc000000000000000000000fffff000000000000000000000000000000000000000000000000000000000000000000000000003fffffffa0000000000000000000003ffffffffffffffffff0000000000efffffffffffffffffffff000000003fffffffffffffffffffffff00000007ffffffffffffffffffffff7f00000007fffffffffffffffffc53ffff0000002ffffffffffffffffffffffffb00161ffffffffffffffffffffffe3ffe7037fffffffffffffffffffffc00000083fffffffffffffffffffdf800000000fffffffffffffffffffffffd00000000fffffffffffffffffffffe0000000000ffffffffffffffffffffc20000000000fffffffffffffffffffffff380000000ffffffffffffffffffffe00000000000ffffffffe7ff9fffffffff4000000000ffffffffffdbfffe03ff200000000000ffcffffffc3ff81fffdc000000000000dfffff00fff7ffff8040000000000000e7fbff7ffc7ffd7000000000000000001003ffc5ffff96063f820000000000000000f3efff0000fdf000000000000000808406780004f24000000000000000000003ff800ffffb80003a00000000000000000002fff00000020000000000000003801c07f80000018000000000000000ffffffffffffffffffffffffffffffffffffffffffffffffffbffffffffffffffffffffffffffffffffffffffffffffffffffffffffffffffffffffffffffff9fffffffffffffffffffffffffffffffffffffffffffffffffffffffffffffffffffffffffffffffffffffffffffffffffffffffffffc645cfffffffbfffffffffffffffff0ffffffffffffffbffffffffffff801fffffffe07fffffffffffffffffffffffff803f00087ffffffffff3fffffffeffffffffffe7f8ff3e7e1dffbffffffffdf800003ffffffeffb0fffffffff7ff800004000ffff001fffffff87381e17f61fffff0c000065f9fe7ffffffdfff38007ff01f3c000003ff02001f8f3f0040c0000007dfc00000001c7fffffffe2000100100000000000000080000fff8bffffdf803df0000000040000000ffffc00000000000000000018fb8000f0000000000007800000000403ffffff000000000000180000000400011fff8030000000061fc0000000000f100000000a300004f9e80000000000000000000001ef80003e00000000000000000000000f70000000000000000000000000000008000000000000000000000000000000000078300000000000000000000000000fff8000000000000000000000000000f000000000000000000000000000000000000000000000000000000000000000000000000000000000000000000000000"`;

exports[`shall filter with RGB decomposition 2`] = `"fffe0000f3fffffff4007fffffc00003fffe000037ffffffc0003fffffc00000fffe00000ffffedfc0003fffffe00000fffe00001fffffdfe0001fffffe00000fffe00001fffffdfe0001ffffff00060fffe00000ffff90fe0001ffffff001c0fffe000001fbc007c0001ffffff80180fffe000003fbc003c0001ffffffc0100fffe000001bdc003c0001ffffffc0200fffe0000000e0001c0001ffffffe0000fffe0000000c000184000ffffffe0000fffe000001288ff804000fffffff0000fffe00000008ffff06000fffffff8000fffe00000003ffffc0000fffffff8000fdfe0000003bffffe0000fffffffc000f9fe000001f1fffff8000fffffff8000f1fe00000103fffffc000fffffff8000f1fe00000003fffffe000fffffff0000e1fe00000200ffffff800ff7fffc0000e1fe00000401ffffffc00fe3fffc0001c1fe000000007fffffe00fe3fff8000381fe00000000fffffff00fe1fff0000781fe00000000fffffff80fe0fff0000701fe00000001fffffff80fe0ffe0000f01fe00000003fffffffe0fe07fc0001f01fe0000000fffffffff0fe07fc0003f01fe0000400fffffffff0fe03f80007f01fe0000800ffbffffff8fe01f0000ff01fe0000801fc7ffffffcfe03f0000ff01fe0001801f8fffffffcfe07f0001ff01fe000180231fffffffefe0ff0003ff01fe000180043fffffffefe3ff8007ff00fe000180007ffffffff7c7ff8007ff00fe00030000ffffffffff9fff800fff00fe00030001ffffffffffffff000fff00fe00030007ffffffffffffff001fff00fe00038007bfffffffffffff001fff00fe0003800f7fffffffffffff003fff00fe0003801efffffffffffffe007fff00fe0003c029fffffffffffffe007fff00fe0003c053fffffffffffffe00ffff00fe0003c087bffffffffffffc00ffff00fe0003f00f3ff1ffffffffcc01ffff00fe0003f00c5c0cfe7fffff0c01ffff00fe0003d8103a0e007ffffe1803ffff00fe0003c0003400007ffff03003ffff00fe0003c000400001ffffc0e007ffff00fe0003d800800002ffff03c007ffff00fe0001e800400005fffc7f800fffff00fe0001f00000000ffff83f000fffff00fe0001f00000001ffff03e000fffff00fe0000f00000000ffff03c0007ffff00fe0000f00000001ffff0300007ffff00fe0000700000003ffff8300007ffff00fe0000600000007ffff830000fffff00fe000060000001fffff830001fffff00fe000060000003fffffc10005fffff00fe000060000007fffffc10005fffff00fe00002000000ffffffc1000bfffff00fe00000400000ffffffc1000bfffff00fe00001000001ffffffc10007fffff00fe00018800003fc1fffc10007fffff00fe00010000007fb07ff008007ffffc00fe0003800000fe083fc00800fffffc00fe000fc00000fc003fc00803ffffff00fe001f800001f800ff000803ffffff00fe001e000003f00c3f080803ffffff00fe001e000003f00e3e080807ffffff00fe003c004007c67e3e780807ffffff00fe00700000079f977fc00807ffffff00ff01c040401f1fffffe0080fffffff00fe010001000f3ffffff0080fffffff00fe03c000401e1ffffff8080fffffff00ff0f0080001c1ffffff80c1fffffff00ff00000000781ffffff80c1fffffff00ff01000008383fffdff80c1fffffff00ff06410020703fffcff80c1fffffff00ff18010030601fffcff80c3fffffff00fe04010000401fff4ff8043fffffff00ff00010003c01ffe77f0063fffffff00ff00000003801ffe87f0067fffffff00ff00008003801fff03f0067fffffff01ff00008409000fffffe0067fffffff01ff04004032000fffffe0067fffffff01ff08002070001fffffe002ffffffff01ff00000060001fffffc002ffffffff01ff000011c8001fffffc002ffff7fff01ff080007d00007c0008003ffff7fff01ff480407900003e0ff8003ffff7fff01ff90040f600003f1ff0003ffff7fff01ff00000fc00001f8fe0003ffff7fff00ff200827800001ff1e0003fffe7fff00ff000d03000001fffc0003fffe7fff00ff00011b000001fffc0003fffe7fff00ff0000d8000000fffc0003fffe7fff01ff0008780000003ff80003fffcfffe01ff200c7f0000001ff80003fffffff801ffc0063d800003fffe00031fffffe000ff800664c00007ffff8003c07fffc000ff2002c5800007ffffe003f800ff80c0ff400357a00003fffff803fe00ff00e0ffc1008f100007fffffc03ff84fe00f0ff800107100007fffffe03ffedfc0078ffc00007a80007ffffff07fffffc007cff800003d80003ffffff07fffffc003cff800001c80007ffffff87fffff8003cff800001880007ffffffc7fffff8003cff800001c80007ffffffc7fffff0003cff804009d800c7ffffffc7fffff0001cff00000bf000c7ffffffe7fffff0001cff8000073800c7ffffffe7fffff0001cff8000038001c7ffffffe7ffffe0001cff800003c001cffffffff7ffffe0001cff80000720018fffffffffffffc0001cff80000130038ffffffffcffffc0001c7f80000000039ffffffff81fffc0001e7f80000800071ffffffff801ff80001e7f00000c00063ffffffff8007f00001e7f00000600063ffffffff8007f00001e7f80000340047ffffffffc007e00001e7f8000008000fffffffffc007c00003e7f8000000000fffffffffc007800001e7f0000010003fffffffffe007000000e7f0002010007fffffffffe006000400f7f000101001ffffffffffe020000800f7e000100001ffffffffffe060001800f7f000080003fffffffffff071803000f7e000000007fffffffffff07f80300"`;

exports[`shall reduce noise and preserve edges 1`] = `"0010000000000000800010000000000000102000000000000000000000000000c0002000000000000000000000000000c000000000000000000400000000000008000040000000000000000000000000000000000000400c0000000004000004000000000000400c000000000000000400000000000000000000000000000000000000000000000000000000000000000002000000000000000000000000000c0002000000000000050000000000000c001000000000000404000010000000003010000000000000000000000000000000000000020000000000000000000000002000000200000000000000000080000020000000000000000000000000000000000000000000000000000000000000000000210000000000000080000010000000000000000000100000800000000000000c40000000000c0000000000000000000000000000100000000000000000000000000000000000000000000000000000000000000000000000000000000000000003800000400000000000000000000000000c0000000000000000000002000000000c00000000000000010000000000000000000000000000000000000000000000000000000000000000000000000000800000000040000000000000000000000000000000000000000000000000040c0200000000000000000020400004040c020000000000000000002000000000000000000000000000000000000000000000000000000000000000002800000000000000320000000030000000000000002000003c00000000000000000000000010000000800400000000000004000000000006008000000000020000040000000100041ffffffffffffe000000000000010c001ffffffffffffe000000000000200c201ffffffffffffe0800000000000000001ffffffffffffe0000000000000000001ffffffffffffe0000000000000000001ffffffffffffe0000000000000000001ffffffffffffe0000000000000000081ffffffffffffe0000000000000400081ffffffffffffe0000400000008000081ffffffffffffe0008500000008040001ffffffffffffe0008100080000040001ffffffffffffe0000000080000000001ffffffffffffe0000000000000000001ffffffffffffe0000000000300000001ffffffffffffe00000000000000c0001ffffffffffffe4000000000000000001ffffffffffffe0000000000000000001ffffffffffffe0000000000000000001ffffffffffffe0000000000300400001ffffffffffffe0000000000300000001ffffffffffffe0000000000000000001ffffffffffffe0000000000000000001ffffffffffffe0000000000000000001ffffffffffffe0c00000400000000001ffffffffffffe0100000000000000001ffffffffffffe0100000000000002001ffffffffffffe0000100000000202001ffffffffffffe0000000000000280001ffffffffffffe0000000000000400001ffffffffffffe0000000000000000111ffffffffffffe0000000000000000001ffffffffffffe0000000000000000001ffffffffffffe0000000000000001001fffffffffffff0000000000000000001ffffffffffffe2000200000000000001ffffffffffffe4000000000000000001ffffffffffffe4000000000000000081ffffffffffffe0000000000000000001ffffffffffffe0c0000000000000000bffffffffffffe0000000000000c0080bffffffffffffe0003300000000000841ffffffffffffe0003300000000020041ffffffffffffe0000100000000020001ffffffffffffe0040000000000000011ffffffffffffe0000000000000000011ffffffffffffe0000000000000000021ffffffffffffe0000000000000000001ffffffffffffe0000000000000000001ffffffffffffe0000000000000000001ffffffffffffe0000000000000002001ffffffffffffe0000000000000002001ffffffffffffe4000000000000000001ffffffffffffe0000000000000000001ffffffffffffe0000000000000000001ffffffffffffe0800000000000000001ffffffffffffe0000000000000000001ffffffffffffe0000000000000000001ffffffffffffe0000000000020000001ffffffffffffe0000000000020000811ffffffffffffe0000000000000000811ffffffffffffe0000000040000000001ffffffffffffe0000000040000000001ffffffffffffe0000000000000000001ffffffffffffe000000000003000c001ffffffffffffe00000000000000000010000000020000000000000000000000900080000000000000000000000000000000800000000000000080000800000000000020000000000000810008000000000000200000000000000000000000000000000000000100000000000000040000000000000000000000000000000400000000000000000c00000000c0000004000000000000020c00000000000000040010000c00000000000000000000000003000000008000000000000000000000130000000000000000000000000000000000000000000100000080000000000000800200000000000000800000000000000002000000000000000000000000000000000000000000000000000004000000000000040000800000000001000000000000000000008000000000000000000000000000000000000000000000000000100020000000000000000000000000000000000c0000000300000000080000000000000c0000000300000000000000000400000000000000040010000000000000000001000000000000000000000000000000010000000000"`;

exports[`shall reduce noise and preserve edges 2`] = `"0010000000000000800010000000000000102000000000000000000000000000c0002000000000000000000000000000c000000000000000000400000000000008000040000000000000000000000000000000000000400c0000000004000004000000000000400c000000000000000400000000000000000000000000000000000000000000000000000000000000000002000000000000000000000000000c0002000000000000050000000000000c001000000000000404000010000000003010000000000000000000000000000000000000020000000000000000000000002000000200000000000000000080000020000000000000000000000000000000000000000000000000000000000000000000210000000000000080000010000000000000000000100000800000000000000c40000000000c0000000000000000000000000000100000000000000000000000000000000000000000000000000000000000000000000000000000000000000003800000400000000000000000000000000c0000000000000000000002000000000c00000000000000010000000000000000000000000000000000000000000000000000000000000000000000000000800000000040000000000000000000000000000000000000000000000000040c0200000000000000000020400004040c020000000000000000002000000000000000000000000000000000000000000000000000000000000000002800000000000000320000000030000000000000002000003c00000000000000000000000010000000800400000000000004000000000006008000000000020000040000000100041ffffffffffffe000000000000010c001ffffffffffffe000000000000200c201ffffffffffffe0800000000000000001ffffffffffffe0000000000000000001ffffffffffffe0000000000000000001ffffffffffffe0000000000000000001ffffffffffffe0000000000000000081ffffffffffffe0000000000000400081ffffffffffffe0000400000008000081ffffffffffffe0008500000008040001ffffffffffffe0008100080000040001ffffffffffffe0000000080000000001ffffffffffffe0000000000000000001ffffffffffffe0000000000300000001ffffffffffffe00000000000000c0001ffffffffffffe4000000000000000001ffffffffffffe0000000000000000001ffffffffffffe0000000000000000001ffffffffffffe0000000000300400001ffffffffffffe0000000000300000001ffffffffffffe0000000000000000001ffffffffffffe0000000000000000001ffffffffffffe0000000000000000001ffffffffffffe0c00000400000000001ffffffffffffe0100000000000000001ffffffffffffe0100000000000002001ffffffffffffe0000100000000202001ffffffffffffe0000000000000280001ffffffffffffe0000000000000400001ffffffffffffe0000000000000000111ffffffffffffe0000000000000000001ffffffffffffe0000000000000000001ffffffffffffe0000000000000001001fffffffffffff0000000000000000001ffffffffffffe2000200000000000001ffffffffffffe4000000000000000001ffffffffffffe4000000000000000081ffffffffffffe0000000000000000001ffffffffffffe0c0000000000000000bffffffffffffe0000000000000c0080bffffffffffffe0003300000000000841ffffffffffffe0003300000000020041ffffffffffffe0000100000000020001ffffffffffffe0040000000000000011ffffffffffffe0000000000000000011ffffffffffffe0000000000000000021ffffffffffffe0000000000000000001ffffffffffffe0000000000000000001ffffffffffffe0000000000000000001ffffffffffffe0000000000000002001ffffffffffffe0000000000000002001ffffffffffffe4000000000000000001ffffffffffffe0000000000000000001ffffffffffffe0000000000000000001ffffffffffffe0800000000000000001ffffffffffffe0000000000000000001ffffffffffffe0000000000000000001ffffffffffffe0000000000020000001ffffffffffffe0000000000020000811ffffffffffffe0000000000000000811ffffffffffffe0000000040000000001ffffffffffffe0000000040000000001ffffffffffffe0000000000000000001ffffffffffffe000000000003000c001ffffffffffffe00000000000000000010000000020000000000000000000000900080000000000000000000000000000000800000000000000080000800000000000020000000000000810008000000000000200000000000000000000000000000000000000100000000000000040000000000000000000000000000000400000000000000000c00000000c0000004000000000000020c00000000000000040010000c00000000000000000000000003000000008000000000000000000000130000000000000000000000000000000000000000000100000080000000000000800200000000000000800000000000000002000000000000000000000000000000000000000000000000000004000000000000040000800000000001000000000000000000008000000000000000000000000000000000000000000000000000100020000000000000000000000000000000000c0000000300000000080000000000000c0000000300000000000000000400000000000000040010000000000000000001000000000000000000000000000000010000000000"`;
