// Jest Snapshot v1, https://goo.gl/fbAQLP

exports[`shall convert to gray scale 1`] = `"0000000000000000000000000000000000000000000000000000000000000000000000000000000000000000000000000000000000000000000000000000000000000000000000000000000000000000000000000000000000000000000000000000000000000000000000000000000000000000000000000000000000000000000000000000000000000000000000000000000000007dd000000000000000000000000000f7fffff0000000000000000000000009ffffffdf00000000000000000000003fffffffffd000000000000000000002fffffffffff80000000000000000002fffffffffffff8000000000000000007ffffffffffffffd0000000000000007ffffffffffffffffe00000000000000ffffffffffffffffffe000000000000ffffffffffffffffffffc08000000007ffffffffffffffffffffff800000011fffffffffffffffffffffffe8000002bffffffffffffffffffffffffde4000fffffffffffffffffffffffffffff00bfffffffffffffffffffffffffffff00fffffffffffffffffffffffffffffff0fffffffffffffffffffffffffffffff8fffffffffffffffffffffffffffffffeffffffffffffffffffffffffffffffffffffffffffffffffffffffffffffffffffffffffffffffffffffffffffffffffffffffffffffffffffffffffffffffffffffffffffffffffffffffffffffffff00000000000000000000000000000000000000000000000000000160000000000000000000000830000000c0000000000000000000003ffbd00000000000000000000000001ffffffe1f00000000000000000000007fffffffcc0800000000000000000003fffffffffe100000000000000000000fffffffffffa00000000000000000007fffffffffff80000000000000000000ffffffffffff80000000000000000000ffffffffffffc0000000000000000003fffffffffffff000000000000000000ffffffffffffffe00000000000000003ffffffffffffffe0000000000000001ffffffffffffffffc000000000000003fffffffffffffffff800000000000007ffffffffffffffffffe000000000001ffffffffffffffffffff400000000007fffffffffffffffffffff0000000001ffffffffffffffffffffff0000000003fffffffffffffffffffffff80000000ffffffffffffffffffffffffe0000003ffffffffffffffffffffffffe800000ffffffffffffffffffffffffffc00001fffffffffffffffffffffffffffe001fffffffffffffffffffffffffffff00fffffffffffffffffffff7fffd002000fffffffffffffffffffe620130000000fffffffffffffffffffa000000000000ffffffffffffffffff80000000000000fffffffffffffc000000000000000000fffffffffff8d0000000000000000000fffffffffffffbffffe0000000000000fffffffffffd80fbf4f0000006000000fffffffffffc005e7068000000000000ffffffffffc004e40000000000000000fffff0000000000000000000000000000000000000000000000000000000000000000000000000037ffffff80000000000000000000003bfffffffffffffffff0000000000effffffffffffffffffffb000000003ffffffffffffffffffffffb00000007ffffffffffffffffffffff7f00000007fffffffffffffffffc53ffff0000000ffffffffffffffffffffffffb00160ffffffffffffffffffffefe3ff67013fffffffffffffffffffffc008001837ffffffffffffffffffdf800000000fffffffffffffffffffffffd00000000fffffffffffffffffffffe0000000000ffffffffffffffffffffc20000000000fffffffffffffffffffffff380000000ffffffffffffffffffffe00000000000ffffffffe7ff9fffffffff4000000000fffffffffffbfffe03ffa000000000007fcffffffc3ff81ffffc000000000000dfffff00fff7ffff8040000000000000e7cb7f7ffc7ffd7000000000000000001003ffc5ffff960e3f820000000000000000634fff80007df000000000000000808006780004f24000000000000000000003ff800ffffb80003f00000000000000000002fff00000020000000000000003801c07f80000018000000000000000ffffffffffffffffffffffffffffffffffffffffffffffffffbffffffffffffffffffffffffffffffffffffffffffffffffffffffffffffffffffffffffffff8ffffffffffffffffffffffffffffffeffffffffffffffffffffffffffffffffffffffffffffffffffffffffffffffffffffffffffff4441cfffffffbfffffffffffffffff0fffffffffffffcbffffffffffff801fffffffe077ffffffffffffffffffffffff000700087ffffffffff7fffffffeffffffffd9e7f8ff3e7e3dffbffffffffdf800003ffffffeffb1fffffffff7ff800000000ffff101fffffff87381e07941ffffe0c000065fdfe7ffffffdfff38007ff0183c000007ff02201f8f3f0040c0000007dfc00010007c7fffffffe0000100000000000000000180000fff89ffff5f8039e00000000d0000000ffff400000000000000000018fb8031f0000000000007800000018c07ffffff000000000000180000000400071fff8074000000061fc0000000000fd02004000a300004e9e00000000000000000000001ef00001e00000000000000000000000ff0000000000000000000000000000008000000000000000000000000000000000078300000000000000000000000000fff8000300000000000000000000000f000000080000000000000000000000000000000000000000000000000000000000000000000000000000000000000000"`;

exports[`shall convert to gray scale 2`] = `"fffe0000b5ffffffbd007fffffc00003fffe0000fdffffffd0003fffffc00000fffe00003ffffcdfe0003fffffe00010fffe00001fffffdfe1001fffffe00010fffe00005fffffdfecd01ffffff000e0fffe00007ffffbcfe0001ffffff001c0fffe000015dbc007c0001ffffff80180fffe000003f9c003c0001ffffffc0100fffe000001bdc002c0000ffffffc0200fffe0000000c8001c0000ffffffe0000fffe00000000800084000ffffffe0000fffe000000388ff800000fffffff0000fffe00000018ffff06000fffffff8000fffe00000001ffffc0000fffffff8000fdfe0000003bffffe0000fffffffc000f9fe00000171fffff8000fffffff8000f1fe000001037ffffc000fffffff8000f1fe000000017ffffe000fffffff0000e1fe00000200ffffff800fe7fffe0000e1fe000004017fffffc00fe3fffc0001c1fe000000007fffffe00fe3fff8000381fe00000000fffffff00fe1fff0000381fe00000000fffffff80fe0fff0000701fe00000001fffffff80fe0ffe0000f01fe00000001fffffffe0fe07fc0001f01fe0000400bffffffff0fe07fc0003f01fe0000400ffeffffff0fe03f80007f01fe00008007f1ffffff8fe01f0000ff01fe0000800fc7ffffffcfe03f0000ff01fe0001801f8fffffffcfe07f0001ff01fe000180231fffffffefe0ff0003ff01fe000180443fffffffefe3ff8007ff00fe000180007ffffffff7c7ff8007ff00fe00030000ffffffffffdfff800fff00fe00030001ffffffffffffff000fff00fe00030007ffffffffffffff001fff00fe00038007bfffffffffffff001fff00fe0003800f7fffffffffffff003fff00fe0003c01efffffffffffffe007fff00fe0003e029fffffffffffffe007fff00fe0003e043fffffffffffffe00ffff00fe0003e087bffffffffffffc00ffff00fe0003f00a3ff1ffffffffcc01ffff00fe0003f8085c0c7c7fffff0c01ffff01fe0003f8101a0c007ffffe1803ffff01fe0003c0002000007ffff03003ffff01fe0003c800400001ffffc0e007ffff01fe0003d800800002ffff03c007ffff01fe0001f800400005fffc3f800fffff00fe0001f00000000bfff83f000fffff00fe0001f00000000ffff03e000fffff00fe0000f00000000ffff03c0007ffff00fe0000f00000001ffff0300007ffff00fe0000700000003ffff8300007ffff00fe0000700000007ffff830000fffff00fe000060000001fffff830001fffff00fe000060000003fffffc10005fffff00fe000060000007fffffc10007fffff00fe000020000007fffffc1000bfffff00fe00000000000ffffffc1000bfffff00fe00001000001ffffffc10007fffff00fe00018800003fc1fffc10007ffffe00fe00010000007fb07ff008007ffffc00fe0003800000fe083fc00800fffffc01fe000fc00000fc003fc00803ffffff00fe001f800003f800bf000803ffffff00fe001e000003f00c3f080803ffffff00fe001e000003f00e1e080807ffffff00fe001c000007e63e3e380807ffffff00ff00700000079f977fc00807ffffff00ff01c000001f1fffffe0080fffffff00ff010000000f3ffffff0080fffffff00ff038000403e1fffeff8080fffffff00ff070000001c3ffffff80c1fffffff00ff00000010781ffffff80c1fffffff00ff00000008383fffdff80c1fffffff00ff04000000703fffcff80c1fffffff00ff08000030603fffcff80c3fffffff00ff00010000c03fff4ff8043fffffff00ff00000003c01ffef7f0063fffffff00ff00000003801ffe87f0067fffffff00ff00008007801fff03f0067fffffff01ff0000040b001fffffe0067fffffff01ff04000032001fffffe0067fffffff01ff08002070001fffffe002ffffffff01ff00000060001fffffc002ffffffff01ff000011c8001fffffc002ffffffff01ff080007d00017c0008003ffff7fff01ff080407900007e0ff8003ffffffff01ff90040f600003f1ff0003ffffffff01ff00000fc00003f8fe0003ffff7fff00ff200823800001ff1e0003fffe7fff00ff000903000001fffc0003fffe7fff01ff000003000001fffc0003fffe7fff01ff000098000000fffc0003fffeffff01ff0000280000003ff80003fffefffe01ff20041f0000001ff80003fffffff801ffc0042d800003fffe00031fffffe000ff800664c00007ffff8003e0ffffc000ff200041800007ffffe003f800ff80c0ff400147a00003fffff803ff04ff00e0ffc0000f100007fffffc03ff84fe00f8ff800007100007fffffe03ffedfc0078ffc00003a00007ffffff07fffffc003cff800003d80043ffffff07fffffc003cff800001c80047ffffff87fffff8003cff800001880007ffffffc7fffff8003cff800001c80007ffffffc7fffff0003cff8040019800c7ffffffc7fffff0001cff000009f000c7ffffffe7fffff0001cff8000033801c7ffffffe7fffff0001cff8000038001c7ffffffe7fffff0001cff8000014001cffffffff7ffffe0001cff8000072001cfffffffffffffc0001cff80000130038ffffffffdffffc0001cff80000000039ffffffff81fffc0001e7f80000800071ffffffff801ff80001e7f00000400063ffffffff8007f80001e7f00000600063ffffffff8007f00001e7f800003000c7ffffffffc007e00001e7f8000008010fffffffffc007c00003e7f8000000000fffffffffc007800001e7f0000010003fffffffffe007000000e7f000000000ffffffffffe006000400f7f000000001ffffffffffe070000800ffe000000003ffffffffffe0f8801800f7f000080003fffffffffff07b803000ffe000000007fffffffffff07f80300"`;
