// Jest Snapshot v1, https://goo.gl/fbAQLP

exports[`check PSF for Gaussian Filter 1`] = `"000000000000000000000000000000000000000000000000000000000000000000000000000000000000000000000000000000000000000000000000000000000000000000000000000000000000000000000000000000000000000000000000000000000000000000000000000000000000000000000000000000000000000000000000000000000000000000000000000000000000000000000000000000000000000000000000000000000000000000000000000000000000000000000000000000000000000000000000000000000000000000000000000000000000000000000000000000000000000000000000000000000000000000000000000000000000000000000000000000000000000000000000000000000000000000000000000000000000000000000000000000000000000000000000000000000000000000000000000000000000000000000000000000000000000000000000000000000000000000000000000000000000000000000000000000000000000000000000000000000000000000000000000000000000000000000000000000000000000000000000000000000000000000000000000000000000000000000000000000000000000000000000000000000000000000000000000000000000000000000000000000000000000000000000000000000000000000000000000000000000000000000000000000000000000000000000000000000000000000000000000000000000000000000000000000000000000000000000000000000000000000000000000000000000000000000000000000000000000000000000000000000000000000000000000000000000000000000000000000000000000000000000000000000000000000000000000000000000000000000000000000000000000000000000000000000000000000000000000000000000000000000000000000000000000000000000000000000000000000000000000000000000000000000000000000000000000000000000000000000000000000000000000000000000000000000000000000000000000000000000000000000000000000000000000000000000000000000000000000000000000000000000000000000000000000000000000000000000000000000000000000000000000000000000000000000000000000000000000000000000000000000000000000000000000000000000000000000000000000000000000000000000000000000000000000000000000000000000000000000000000000000000000000000000000000000000000000000000000000000000000000000000000ff000000000000000000000000000001ff800000000000000000000000000001ff800000000000000000000000000001ff800000000000000000000000000001ff800000000000000000000000000001ff800000000000000000000000000001ff800000000000000000000000000000ff000000000000000000000000000000000000000000000000000000000000000000000000000000000000000000000000000000000000000000000000000000000000000000000000000000000000000000000000000000000000000000000000000000000000000000000000000000000000000000000000000000000000000000000000000000000000000000000000000000000000000000000000000000000000000000000000000000000000000000000000000000000000000000000000000000000000000000000000000000000000000000000000000000000000000000000000000000000000000000000000000000000000000000000000000000000000000000000000000000000000000000000000000000000000000000000000000000000000000000000000000000000000000000000000000000000000000000000000000000000000000000000000000000000000000000000000000000000000000000000000000000000000000000000000000000000000000000000000000000000000000000000000000000000000000000000000000000000000000000000000000000000000000000000000000000000000000000000000000000000000000000000000000000000000000000000000000000000000000000000000000000000000000000000000000000000000000000000000000000000000000000000000000000000000000000000000000000000000000000000000000000000000000000000000000000000000000000000000000000000000000000000000000000000000000000000000000000000000000000000000000000000000000000000000000000000000000000000000000000000000000000000000000000000000000000000000000000000000000000000000000000000000000000000000000000000000000000000000000000000000000000000000000000000000000000000000000000000000000000000000000000000000000000000000000000000000000000000000000000000000000000000000000000000000000000000000000000000000000000000000000000000000000000000000000000000000000000000000000000000000000000000000000000000000000000000000000000000000000000000000000000000000000000000000000000000000000000000000000000000000000000000000000000000000000000000000000000000000000000000000000000000000000000000000000000000000000000000000000000000000000000000000000000000000000000000000000000000000000000000000000000000000000"`;

exports[`check PSF for Gaussian Filter 2`] = `"000000000000000000000000000000000000000000000000000000000000000000000000000000000000000000000000000000000000000000000000000000000000000000000000000000000000000000000000000000000000000000000000000000000000000000000000000000000000000000000000000000000000000000000000000000000000000000000000000000000000000000000000000000000000000000000000000000000000000000000000000000000000000000000000000000000000000000000000000000000000000000000000000000000000000000000000000000000000000000000000000000000000000000000000000000000000000000000000000000000000000000000000000000000000000000000000000000000000000000000000000000000000000000000000000000000000000000000000000000000000000000000000000000000000000000000000000000000000000000000000000000000000000000000000000000000000000000000000000000000000000000000000000000000000000000000000000000000000000000000000000000000000000000000000000000000000000000000000000000000000000000000000000000000000000000000000000000000000000000000000000000000000000000000000000000000000000000000000000000000000000000000000000000000000000000000000000000000000000000000000000000000000000000000000000000000000000000000000000000000000000000000000000000000000000000000000000000000000000000000000000000000000000000000000000000000000000000000000000000000000000000000000000000000000000000000000000000000000000000000000000000000000000000000000000000000000000000000000000000000000000000000000000000000000000000000000000000000000000000000000000000000000000000000000000000000000000000000000000000000000000000000000000000000000000000000000000000000000000000000000000000000000000000000000000000000000000000000000000000000000000000000000000000000000000000000000000000000000000000000000000000000000000000000000000000000000000000000000000000000000000000000000000000000000000000000000000000000000000000000000000000000000000000000000000000000000000000000000000000000000000000000000000000000000000000000000000000000000000000000000000000000000000000000000000000000000000000000003c0000000000000000000000000000007e0000000000000000000000000000007e0000000000000000000000000000007e0000000000000000000000000000007e0000000000000000000000000000007e00000000000000000000000000000000000000000000000000000000000000000000000000000000000000000000000000000000000000000000000000000000000000000000000000000000000000000000000000000000000000000000000000000000000000000000000000000000000000000000000000000000000000000000000000000000000000000000000000000000000000000000000000000000000000000000000000000000000000000000000000000000000000000000000000000000000000000000000000000000000000000000000000000000000000000000000000000000000000000000000000000000000000000000000000000000000000000000000000000000000000000000000000000000000000000000000000000000000000000000000000000000000000000000000000000000000000000000000000000000000000000000000000000000000000000000000000000000000000000000000000000000000000000000000000000000000000000000000000000000000000000000000000000000000000000000000000000000000000000000000000000000000000000000000000000000000000000000000000000000000000000000000000000000000000000000000000000000000000000000000000000000000000000000000000000000000000000000000000000000000000000000000000000000000000000000000000000000000000000000000000000000000000000000000000000000000000000000000000000000000000000000000000000000000000000000000000000000000000000000000000000000000000000000000000000000000000000000000000000000000000000000000000000000000000000000000000000000000000000000000000000000000000000000000000000000000000000000000000000000000000000000000000000000000000000000000000000000000000000000000000000000000000000000000000000000000000000000000000000000000000000000000000000000000000000000000000000000000000000000000000000000000000000000000000000000000000000000000000000000000000000000000000000000000000000000000000000000000000000000000000000000000000000000000000000000000000000000000000000000000000000000000000000000000000000000000000000000000000000000000000000000000000000000000000000000000000000000000000000000000000000000000000000000000000000000000000000000000000000000000000000000000000000000000000000000000000000000000"`;

exports[`check PSF for Gaussian Filter 3`] = `"00000000000000000000000000000000000000000000000000000000000000000000000000000000000000000000000000000000000000000000000000000000000000000000000000000000000000000000000000000000000000000000000000000000000000000000000000000000000000000000000000000000000000000000000000000000000000000000000000000000000000000000000000000000000000000000000000000000000000000000000000000000000000000000000000000000000000000000000000000000000000000000000000000000000000000000000000000000000000000000000000000000000000000000000000000000000000000000000000000000000000000000000000000000000000000000000000000000000000000000000000000000000000000000000000000000000000000000000000000000000000000000000000000000000000000000000000000000000000000000000000000000000000000000000000000000000000000000000000000000000000000000000000000000000000000000000000000000000000000000000000000000000000000000000000000000000000000000000000000000000000000000000000000000000000000000000000000000000000000000000000000000000000000000000000000000000000000000000000000000000000000000000000000000000000000000000000000000000000000000000000000000000000000000000000000000000000000000000000000000000000000000000000000000000000000000000000000000000000000000000000000000000000000000000000000000000000000000000000000000000000000000000000000000000000000000000000000000000000000000000000000000000000000000000000000000000000000000000000000000000000000000000000000000000000000000000000000000000000000000000000000000000000000000000000000000000000000000000000000000000000000000000000000000000000000000000000000000000000000000000000000000000000000000000000000000000000000000000000000000000000000000000000000000000000000000000000000000000000000000000000000000000000000000000000000000000000000000000000000000000000000000000000000000000000000000000000000000000000000000000000000000000000000000000000000000000000000000000000000000000000000000000000000000000000000000000000000000000000000000000000000000000000000000000000000000000000000000000000000000000000000000000000000003c0000000000000000000000000000003c0000000000000000000000000000003c0000000000000000000000000000003c0000000000000000000000000000000000000000000000000000000000000000000000000000000000000000000000000000000000000000000000000000000000000000000000000000000000000000000000000000000000000000000000000000000000000000000000000000000000000000000000000000000000000000000000000000000000000000000000000000000000000000000000000000000000000000000000000000000000000000000000000000000000000000000000000000000000000000000000000000000000000000000000000000000000000000000000000000000000000000000000000000000000000000000000000000000000000000000000000000000000000000000000000000000000000000000000000000000000000000000000000000000000000000000000000000000000000000000000000000000000000000000000000000000000000000000000000000000000000000000000000000000000000000000000000000000000000000000000000000000000000000000000000000000000000000000000000000000000000000000000000000000000000000000000000000000000000000000000000000000000000000000000000000000000000000000000000000000000000000000000000000000000000000000000000000000000000000000000000000000000000000000000000000000000000000000000000000000000000000000000000000000000000000000000000000000000000000000000000000000000000000000000000000000000000000000000000000000000000000000000000000000000000000000000000000000000000000000000000000000000000000000000000000000000000000000000000000000000000000000000000000000000000000000000000000000000000000000000000000000000000000000000000000000000000000000000000000000000000000000000000000000000000000000000000000000000000000000000000000000000000000000000000000000000000000000000000000000000000000000000000000000000000000000000000000000000000000000000000000000000000000000000000000000000000000000000000000000000000000000000000000000000000000000000000000000000000000000000000000000000000000000000000000000000000000000000000000000000000000000000000000000000000000000000000000000000000000000000000000000000000000000000000000000000000000000000000000000000000000000000000000000000000000000000000000000000000000000000000000000000000000000000000000000"`;

exports[`shall match baseline hash 1`] = `"000000000000000000000000000000000000000000000000000000000000000000000000000000000000000000000000000000000000000000000000000000000000000000000000000000000000000000000000000000000000000000000000000000000000000000000000000000000000000000000000000000000000000000000000000000000000000000000000000000000014fdd000000000000000000000000001fffffff800000000000000000000000fffffffff80000000000000000000003ffffffffff000000000000000000007fffffffffffe0000000000000000007fffffffffffff800000000000000000ffffffffffffffff8000000000000007fffffffffffffffff80000000000005ffffffffffffffffffe000000000003ffffffffffffffffffffe1800000000fffffffffffffffffffffff800000001fffffffffffffffffffffff8000000ffffffffffffffffffffffffff400003fffffffffffffffffffffffffffc000bffffffffffffffffffffffffffff700ffffffffffffffffffffffffffffff80ffffffffffffffffffffffffffffffe0ffffffffffffffffffffffffffffffe0fffffffffffffffffffffffffffffff8fffffffffffffffffffffffffffffffeffffffffffffffffffffffffffffffffffffffffffffffffffffffffffffffffffffffffffffffffffffffffffffffff000000000000000000000060000000000000000000000000000003e0000000000000000000003fffc00001e000000000000000000003fffff80000000000000000000000001fffffff1e0000000000000000000000ffffffffff1800000000000000000003ffffffffff380000000000000000000ffffffffffff00000000000000000007fffffffffffc0000000000000000001ffffffffffffc0000000000000000003fffffffffffff000000000000000000ffffffffffffff000000000000000003ffffffffffffffe0000000000000000ffffffffffffffff0000000000000001ffffffffffffffffc000000000000003fffffffffffffffffc0000000000000fffffffffffffffffffc000000000003fffffffffffffffffffe000000000007ffffffffffffffffffff40000000003ffffffffffffffffffffff0000000007ffffffffffffffffffffffc00000000ffffffffffffffffffffffff00000003ffffffffffffffffffffffffc000000fffffffffffffffffffffffffe000001ffffffffffffffffffffffffffc0001fffffffffffffffffffffffff0000007fffffffffffffffffffe7fff8000000fffffffffffffffffffe400000000000fffffffffffffffffff0000000000000ffffffffffffffe3f780000000000000fffffffffffdfc000000000000000000fffffffffff8d0000000000000000000fffffffffffff8ffffa0000000000000fffffffffffc007ff070000000000000fffffffffff8005c7060000000000000fffffffffff000000000000000000000fffff0000000000000000000000000000000000000000000000000000000000000000000000000007ffffff80000000000000000000001ffffffffffffffffff00000000007fffffffffffffffffffff00000001ffffffffffffffffffffffff00000007ffffffffffffffffffffffff00000007fffffffffffffffffdffffff0000001fffffffffffffffffffffffff00030ffffffffffffffffffffffcbffa103ffffffffffffffffffffffc00000087fffffffffffffffffffffe00000000fffffffffffffffffffffff000000000ffffffffffffffffffffff4000000000fffffffffffffffffffff34000000000fffffffffffffffffffff7e000000000ffffffffffffffffffffe00000000000ffffffffffffffffffffe00000000000ffffffffffffffffffffa00000000000ffffffffffffff7ffffc000000000000ffffffffffffffff80000000000000007fffffffffffffe400000000000000000003ffc1ffff800418000000000000000000cfcfff2000f4400000000000000000000f780004f6c000000000000000000003fc0003fff000000000000000000000030000fff00000000000000000000000000004f80000000000000000000000ffffffffffffffffffffffffffffffffffffffffffffffffffffffffffffffffffffffffffffffffffffffffffffffffffffffffffffffffffffffffffffffffffffffffffffffffffffffffffffffffffffffffffffffffffffffffffffffffffffffffffffffffffffffffffffffffffffffffffffffffffffffffffffffffffffffffffffffffffffffffffffffffffffffffffffffff07fffffffffffffffffffffffffffffc0087ffffffffff7ffffffffffffffffbffffffffffeffffbffffffffffa00003ffffffefffdffffffffffffe10000001fffff01fffffffffffffffe01fffff00000060fffe3ffffffffff00003ff00ffc000003ff0077ffffff804000000007df80000000003fffffffe0000300000000000000000000000fffe00ff80f000000000000000000000ffff000000000000000000000ff800020000000000007800000000003ffff40000000000000080000000000003ffe0000000000001f00000000000000000000000000000fe00000000000000000000001fe00001c00000000000000000000000e800000000000000000000000000000080000000000000000000000000000000000000000000000000000000000000001e000000000000000000000000000000000000000000000000000000000000000000000000000000000000000000000000000000000000000000000000000000"`;

exports[`shall match baseline hash 2`] = `"fffe0000f3ffffffe4003fffffc00003fffe000077fffcffc0003fffffc00000fffe00001ffffcdfc0003fffffe00000fffe00001fffffdfe0001ffffff00000fffe00001fffffdfe0001ffffff00000fffe00000ffffb0fc0001ffffff80180fffe000001fbc007c0001ffffff80100fffe000001ffc003c0001ffffffc0000fffe0000019fc003c0001ffffffe0000fffe0000000e8001c0000ffffffe0000fffe0000000c000000000fffffff0000fffe0000001cfffe04000fffffff0000fffe00000119ffff86000fffffff8000fffe0000001fffffe0000fffffff8000fdfe0000007ffffff0000fffffffc000f9fe000001f3fffffc000fffffff8000f1fe00000101fffffe000fffffff8000f1fe00000001ffffff000fffffff0000e1fe00000001ffffffc00ffffffc0000c1fe00000000ffffffe00fe3fff80000c1fe000000007fffffe00fe3fff8000181fe00000000fffffff00fe1fff0000301fe00000000fffffff80fe0ffe0000701fe00000001fffffffc0fe0ffe0000f01fe00000003fffffffe0fe07fc0001f01fe00000007ffffffff0fe03f80003f01fe0000000fffffffff0fe03f80007f01fe0000800ff3ffffff8fe03f00007f01fe0001801fefffffffcfe03f0000ff01fe0001801f9fffffffcfe07f0001ff00fe000180033fffffffe7e0ff0003ff00fe000180007fffffffffc3ff8003ff00fc000180007fffffffffc7ff8007ff00fe00038000ffffffffffffff0007ff00fe00038001ffffffffffffff000fff00fe00038003ffffffffffffff000fff00fe00038007ffffffffffffff001fff00fe0003800fffffffffffffff003fff00fe0003c01ffffffffffffffe003fff00fe0003c019fffffffffffffe007fff00fe0003e003fffffffffffffe007fff00fe0003e047fffffffffffffc00ffff00fe0003f0077fffffffffffdc01ffff00fe0003f00c7c0ff87fffff1801ffff01fe0003f0107c0c007ffffe1801ffff01fe0003e0003000007ffff03003ffff00fe0003c000400000ffffc0e003ffff00fe0003f800800001ffffc3c007ffff00fe0003f000000003fffe3f8007ffff00fe0001f000000007fff83f000fffff00fe0001f00000000ffff03e000fffff00fe0000f00000001ffff0380007ffff00fe0000f00000003ffff8300007ffff00fe0000f00000003ffff820000fffff00fe0000f00000007ffff820000fffff00fe000060000001fffff800001fffff00fe000060000003fffffc00003fffff00fe000060000007fffffc00003fffff00fe00002000000ffffffc00007fffff00fe00000000001ffffffc00007fffff00fe00000000001ffffffc00007fffff00fe00010000003fc1fffc0000ffffff00fe00010000007fc07ff00000fffffe00fe0003000000fe003fc00000fffffe00fe001f800001fc007f800801ffffff00fe001f000001f8007f000803ffffff00fe001e000003f80c3f000803ffffff00fe001e000003f01e3f180803ffffff00fe001c000007fc3f3fb00807ffffff00fe0070000007dfffffe00807ffffff00ff00c000000f9fffffe00807ffffff00ff018000001f3ffffff0080fffffff00fe038000001e3ffffff8080fffffff00ff070000003c3ffffff8080fffffff00ff00000000383ffffff80c0fffffff00ff00000000783ffffff80c1fffffff00fe04000000703ffffff8041fffffff00fe0c000000603ffffff8041fffffff00fe00000000c03ffffff0043fffffff00ff00000001c03ffffff0043fffffff00ff00000003801fff87f0043fffffff00ff00000003001fff87e0067fffffff00ff00000003001fffffe0027fffffff01ff00000032001fffffe0027fffffff01ff00000070003fffffc0027fffffff01ff000000e0003fffffc002ffffffff01ff000001e0001fffff8003ffffffff01ff000003c0001fc01f8003ffffffff01ff000007c00007e1ff0003ffffffff01ff00000fc00003fbff0003ffffffff01ff00000fc00003fffe0003ffffffff00ff000407800001fffc0003ffffffff00ff000503000001fffc0003fffeffff00ff000183000001fffc0003fffeffff01ff0000d8000000fff80003fffeffff01ff0000780000003ff80003fffefffe01ff00047e0000007ff80003fffffff801ffc0063f000001fffe0003ffffffe000ff80066d800007ffff8003ffffffc000ff000267800007ffffe003fc01ff80c0ffc0000f800007fffff803ff00ff00e0ffc0000f000003fffffc03ffc5fe00f0ff800007000007fffffe03fffffe00f8ff800007e00007ffffff03fffffc0038ff800007c00007ffffff87fffffc003cff800003c80007ffffff87fffff8003cff800003880007ffffffc7fffff8003cff800001c80007ffffffc7fffff8003cff800001d80047ffffffc7fffff0001cff000003f000c7ffffffe7fffff0001cff000003b000c7ffffffe7fffff0001cff8000038001c7ffffffe7fffff0001cff80000380018fffffffffffffe0001cff80000300018fffffffffffffe0001c7f80000030018ffffffffcffffc0001c7f80000000031ffffffff81fffc0001e7f80000800021ffffffff801ff80001e7f00000400061ffffffff8007f80001e7f00000700003ffffffffc007f00001e7f00000300007ffffffffc007e00001e7f00000000007ffffffffc007c00003e7f0000000000fffffffffe007800001fff0000010001fffffffffe007000001fff0000010007fffffffffe006000400fff000000000ffffffffffe020000800fff000000003fffffffffff070001800fff000000007fffffffffff07f803000ffe000000007fffffffffff07f80300"`;
