// Jest Snapshot v1, https://goo.gl/fbAQLP

exports[`Quantize colour based on histogram peak 1`] = `"00000000000000000000000000000000000000000000000000000000000000000000000000000000000000000000000000000000000000000000000000000000000000000000000000000000000000000000000000000000000000000000000000000000000000000000000000000000000000000000000000000000000000000000000000000000000000000000000000000000000000000000000000000000000000000000000000000000000000000000000000000000000000000000000000000000000000000000000000000000000000000000000000000000000000000000000000000000000000000000000000000000000000000000000000000000000000000000000000000000000000000000000000000000000000000000000000000000000000000000000000000000000000000000000000000000000000000000000000000000000000000000000000000000000000000000000000000000000000000000000000000000000000000000000000000000000000000000000000000000000000000000000000000000000000000000000000000000000000000000000000000000000000000000000000000000000000000000000000000000000000000000000000000000000000000000000000000000000000000000000000000000000000000000000000000000000000000000000000000000000000000000000000000000000000000000000000000000000000000000000000000000000000000000000000000000000000000000000000000000000000000000000000000000000000000000000000000000000000000000000000000000000000000000000000000000000000000000000000000000000000000000000000000000000000000000000000000000000000000000000000000000000000000000000000000000000000000000000000000000000000000000000000000000000000000000000000000000000000000000000000000000003ffffffffffc000000000000000000003ffffffffffc000000000000000000007ffffffffffe000000000000000000007ffffffffffe000000000000000000007ffffffffffe000000000000000000007ffffffffffe000000000000000000007ffffffffffe000000000000000000007ffffffffffe000000000000000000007ffffffffffe000000000000000000007ffffffffffe000000000000000000007ffffffffffe000000000000000000007ffffffffffe000000000000000000007ffffffffffe000000000000000000007ffffffffffe000000000000000000007ffffffffffe000000000000000000007ffffffffffe000000000000000000007ffffffffffe000000000000000000007ffffffffffe000000000000000000007ffffffffffe000000000000000000007ffffffffffe000000000000000000007ffffffffffe000000000000000000007ffffffffffe000000000000000000007ffffffffffe000000000000000000007ffffffffffe000000000000000000007ffffffffffe000000000000000000007ffffffffffe000000000000000000007ffffffffffe000000000000000000007ffffffffffe000000000000000000007ffffffffffe000000000000000000007ffffffffffe000000000000000000007ffffffffffe000000000000000000007ffffffffffe000000000000000000007ffffffffffe000000000000000000007ffffffffffe000000000000000000007ffffffffffe000000000000000000007ffffffffffe000000000000000000003ffffffffffc000000000000000000003ffffffffffc0000000000000000000000000000000000000000000000000000000000000000000000000000000000000000000000000000000000000000000000000000000000000000000000000000000000000000000000000000000000000000000000000000000000000000000000000000000000000000000000000000000000000000000000000000000000000000000000000000000000000000000000000000000000000000000000000000000000000000000000000000000000000000000000000000000000000000000000000000000000000000000000000000000000000000000000000000000000000000000000000000000000000000000000000000000000000000000000000000000000000000000000000000000000000000000000000000000000000000000000000000000000000000000000000000000000000000000000000000000000000000000000000000000000000000000000000000000000000000000000000000000000000000000000000000000000000000000000000000000000000000000000000000000000000000000000000000000000000000000000000000000000000000000000000000000000000000000000000000000000000000000000000000000000000000000000000000000000000000000000000000000000000000000000000000000000000000000000000000000000000000000000000000000000000000000000000000000000000000000000000000000000000000000000000000000000000000000000000000000000000000000000000000000000000000000000000000000000000000000000000000000000000000000000000000000000000000000000000000000000000000000000000000000000000000000000000000000000000000000000000000000000000000000000000000000000000000000000000000000000000000000000000000000000000000000000000000000000000000000000000000000000"`;

exports[`Quantize colour based on histogram peak 2`] = `"0000000000000000000000000000000000000000000000000000000000000000000000000000000000000000000000000000000000000000000000000000000000000000000000000000000000000000000000000000000000000000000000000000000000000000000000000000000000000000000000000000000000000000000000000000000000000000000000000000000000000000000000000000000000000000000000000000000000000000000000000000000000000000000000000000000000000000000000000000000000000000000000000000000000000000000000000000000000000000000000000000000000000000000000000000000000000000000000000000000000000000000000000000000000000000000000000000000000000000000000000000000000000000000000000000000000000000000000000000000000000000000000000000000000000000000000000000000000000000000000000000000000000000000000000000000000000000000000000000000000000000000000000000000000000000000000000000000000000000000000000000000000000000000000000000000000000000000000000000000000000000000000000000000000000000000000000000000000000000000000000000000000000000000000000000000000000000000000000000000000000000000000000000000000000000000000000000000000000000000000000000000000000000000000000000000000000000000000000000000000000000000000000000000000000000000000000000000000000000000000000000000000000000000000000000000000000000000000000000000000000000000000000000000000000000000000000000000000000000000000000000000000000000000000000000000000000000000000000000000000000000000000000000000000000000000000000000000000000000000000000000000000000000000000000000000000000000000ffffffffff0000000000000000000001ffffffffff8000000000000000000003ffffffffffc000000000000000000003ffffffffffc000000000000000000003ffffffffffc000000000000000000003ffffffffffc000000000000000000003ffffffffffc000000000000000000003ffffffffffc000000000000000000003ffffffffffc000000000000000000003ffffffffffc000000000000000000003ffffffffffc000000000000000000003ffffffffffc000000000000000000003ffffffffffc000000000000000000003ffffffffffc000000000000000000003ffffffffffc000000000000000000003ffffffffffc000000000000000000003ffffffffffc000000000000000000003ffffffffffc000000000000000000003ffffffffffc000000000000000000003ffffffffffc000000000000000000003ffffffffffc000000000000000000003ffffffffffc000000000000000000003ffffffffffc000000000000000000003ffffffffffc000000000000000000003ffffffffffc000000000000000000003ffffffffffc000000000000000000003ffffffffffc000000000000000000003ffffffffffc000000000000000000003ffffffffffc000000000000000000003ffffffffffc000000000000000000003ffffffffffc000000000000000000003ffffffffffc000000000000000000003ffffffffffc000000000000000000003ffffffffffc000000000000000000001ffffffffff8000000000000000000000ffffffffff0000000000000000000000000000000000000000000000000000000000000000000000000000000000000000000000000000000000000000000000000000000000000000000000000000000000000000000000000000000000000000000000000000000000000000000000000000000000000000000000000000000000000000000000000000000000000000000000000000000000000000000000000000000000000000000000000000000000000000000000000000000000000000000000000000000000000000000000000000000000000000000000000000000000000000000000000000000000000000000000000000000000000000000000000000000000000000000000000000000000000000000000000000000000000000000000000000000000000000000000000000000000000000000000000000000000000000000000000000000000000000000000000000000000000000000000000000000000000000000000000000000000000000000000000000000000000000000000000000000000000000000000000000000000000000000000000000000000000000000000000000000000000000000000000000000000000000000000000000000000000000000000000000000000000000000000000000000000000000000000000000000000000000000000000000000000000000000000000000000000000000000000000000000000000000000000000000000000000000000000000000000000000000000000000000000000000000000000000000000000000000000000000000000000000000000000000000000000000000000000000000000000000000000000000000000000000000000000000000000000000000000000000000000000000000000000000000000000000000000000000000000000000000000000000000000000000000000000000000000000000000000000000000000000000000000000000000000000000000000000000000000000000000000000000000000000000000000"`;
