// Jest Snapshot v1, https://goo.gl/fbAQLP

exports[`shall quantize the image 1`] = `"00000000000000000000000000000000000000000000000000000000000000000000000000000000000000000000000000000000000000000000000000000000000000000000000000000000000000000000000000000000000000000000000000000000000000000000000000000000000000000000000000000000000000000000000000000000000000000000000000000000000000000000000000000000000000000000000000000000000000000000000000000000000000000000000000000000000000000000000000000000000000000000000000000000000000000000000000000000000000000000000000000000000000000000000000000000000000000000000000000000000000000000000000000000000000000000000000000000000000000000000000000000000000000000007ffe000000000000000000000000000ffffff00000000000000000000000003ffffffc000000000000000000000000ffffffff000000000000000000000003ffffffffc00000000000000000000007fffffffff0000000000000000000001ffffffffffc000000000000000000003ffffffffffe00000000000000000000ffffffffffff00000000000000000001ffffffffffff80000000000000000003ffffffffffffc0000000000000000007ffffffffffffe000000000000000000ffffffffffffff00000000000000000003ffffffffffe000000000000000000007fffffffffff00000000000000000000ffffffffffff00000000000000000001ffffffffffffc0000000000000000003ffffffffffffc0000000000000000007ffffffffffffe000000000000000000ffffffffffffff000000000000000000ffffffffffffff000000000000000001ffffffffffffff800000000000000003ffffffffffffffc00000000000000003ffffffffffffffc00000000000000003ffffffffffffffe00000000000000007ffffffffffffffe00000000000000007fffffffffffffff0000000000000000ffffffffffffffff0000000000000000ffffffffffffffff8000000000000001ffffffffffffffff8000000000000001ffffffffffffffff8000000000000001ffffffffffffffffc000000000000003ffffffffffffffffc000000000000003ffffffffffffffffc000000000000003ffffffffffffffffc000000000000003ffffffffffffffffe000000000000003ffffffffffffffffe000000000000007ffffffffffffffffe000000000000007ffffffffffffffffe000000000000007ffffffffffffffffe000000000000007fffffffffffffffff000000000000007fffffffffffffffff000000000000007fffffffffffffffff000000000000007fffffffffffffffff000000000000007fffffffffffffffff000000000000007fffffffffffffffff000000000000007fffffffffffffffff000000000000007fffffffffffffffff000000000000007fffffffffffffffff000000000000007fffffffffffffffff000000000000007ffffffffffffffffe000000000000007ffffffffffffffffe000000000000007ffffffffffffffffe000000000000003ffffffffffffffffe000000000000003ffffffffffffffffe000000000000003ffffffffffffffffc000000000000003ffffffffffffffffc000000000000003ffffffffffffffffc000000000000001ffffffffffffffffc000000000000001ffffffffffffffff8000000000000001ffffffffffffffff8000000000000000ffffffffffffffff8000000000000000ffffffffffffffff00000000000000007fffffffffffffff00000000000000007ffffffffffffffe00000000000000003ffffffffffffffe00000000000000003ffffffffffffffc00000000000000003ffffffffffffffc00000000000000001ffffffffffffff800000000000000000ffffffffffffff000000000000000000ffffffffffffff0000000000000000007ffffffffffffe0000000000000000003ffffffffffffc0000000000000000001ffffffffffffc0000000000000000000ffffffffffff000000000000000000007fffffffffff000000000000000000003ffffffffffe0000000000000000000ffffffffffffff0000000000000000007ffffffffffffe0000000000000000003ffffffffffffc0000000000000000001ffffffffffff80000000000000000000ffffffffffff000000000000000000003ffffffffffe000000000000000000001ffffffffffc0000000000000000000007fffffffff00000000000000000000003ffffffffc00000000000000000000000ffffffff0000000000000000000000003ffffffc0000000000000000000000000ffffff0000000000000000000000000007ffe0000000000000000000000000000000000000000000000000000000000000000000000000000000000000000000000000000000000000000000000000000000000000000000000000000000000000000000000000000000000000000000000000000000000000000000000000000000000000000000000000000000000000000000000000000000000000000000000000000000000000000000000000000000000000000000000000000000000000000000000000000000000000000000000000000000000000000000000000000000000000000000000000000000000000000000000000000000000000000000000000000000000000000000000000000000000000000000000000000000000000000000000000000000000000000000000000000000000000000000000000000000000000000000000"`;

exports[`shall quantize the image 2`] = `"00000000000000000000000000000000000000000000000000000000000000000000000000000000000000000000000000000000000000000000000000000000000000000000000000000000000000000000000000000000000000000000000000000000000000000000000000000000000000000000000000000000000000000000000000000000000000000000000000000000000000000000000000000000000000000000000000000000000000000000000000000000000000000000000000000000000000000000000000000000000000000000000000000000000000000000000000000000000000000000000000000000000000000000000000000000000000000000000000000000000000000000000000000000000000000000000000000000000000000000000000000000000000000000007ffe000000000000000000000000000ffffff00000000000000000000000003ffffffc000000000000000000000000ffffffff000000000000000000000003ffffffffc00000000000000000000007fffffffff0000000000000000000001ffffffffffc000000000000000000003ffffffffffe00000000000000000000ffffffffffff00000000000000000001ffffffffffff80000000000000000003ffffffffffffc0000000000000000007ffffffffffffe000000000000000000ffffffffffffff00000000000000000007ffffffffffe00000000000000000000ffffffffffff00000000000000000001ffffffffffff80000000000000000003ffffffffffffc0000000000000000007ffffffffffffe0000000000000000007fffffffffffff000000000000000000ffffffffffffff800000000000000001ffffffffffffff800000000000000001ffffffffffffffc00000000000000003ffffffffffffffc00000000000000007ffffffffffffffe00000000000000007ffffffffffffffe0000000000000000ffffffffffffffff0000000000000000ffffffffffffffff0000000000000000ffffffffffffffff8000000000000001ffffffffffffffff8000000000000001ffffffffffffffffc000000000000003ffffffffffffffffc000000000000003ffffffffffffffffc000000000000003ffffffffffffffffe000000000000003ffffffffffffffffe000000000000007ffffffffffffffffe000000000000007ffffffffffffffffe000000000000007ffffffffffffffffe000000000000007fffffffffffffffff000000000000007fffffffffffffffff00000000000000ffffffffffffffffff00000000000000ffffffffffffffffff00000000000000ffffffffffffffffff00000000000000ffffffffffffffffff00000000000000ffffffffffffffffff00000000000000ffffffffffffffffff00000000000000ffffffffffffffffff00000000000000ffffffffffffffffff00000000000000ffffffffffffffffff00000000000000ffffffffffffffffff00000000000000ffffffffffffffffff00000000000000ffffffffffffffffff000000000000007fffffffffffffffff000000000000007fffffffffffffffff000000000000007ffffffffffffffffe000000000000007ffffffffffffffffe000000000000007ffffffffffffffffe000000000000003ffffffffffffffffe000000000000003ffffffffffffffffe000000000000003ffffffffffffffffc000000000000003ffffffffffffffffc000000000000001ffffffffffffffffc000000000000001ffffffffffffffff8000000000000000ffffffffffffffff8000000000000000ffffffffffffffff0000000000000000ffffffffffffffff00000000000000007ffffffffffffffe00000000000000007ffffffffffffffe00000000000000003ffffffffffffffc00000000000000001ffffffffffffffc00000000000000001ffffffffffffff800000000000000000ffffffffffffff8000000000000000007fffffffffffff0000000000000000007ffffffffffffe0000000000000000003ffffffffffffc0000000000000000001ffffffffffff80000000000000000000ffffffffffff000000000000000000007ffffffffffe0000000000000000000ffffffffffffff0000000000000000007ffffffffffffe0000000000000000003ffffffffffffc0000000000000000001ffffffffffff80000000000000000000ffffffffffff000000000000000000003ffffffffffe000000000000000000001ffffffffffc0000000000000000000007fffffffff00000000000000000000003ffffffffc00000000000000000000000ffffffff0000000000000000000000003ffffffc0000000000000000000000000ffffff0000000000000000000000000007ffe0000000000000000000000000000000000000000000000000000000000000000000000000000000000000000000000000000000000000000000000000000000000000000000000000000000000000000000000000000000000000000000000000000000000000000000000000000000000000000000000000000000000000000000000000000000000000000000000000000000000000000000000000000000000000000000000000000000000000000000000000000000000000000000000000000000000000000000000000000000000000000000000000000000000000000000000000000000000000000000000000000000000000000000000000000000000000000000000000000000000000000000000000000000000000000000000000000000000000000000000000000000000000000000000"`;

exports[`shall quantize the image 3`] = `"00000000000000000000000000000000000000000000000000000000000000000000000000000000000000000000000000000000000000000000000000000000000000000000000000000000000000000000000000000000000000000000000000000000000000000000000000000000000000000000000000000000000000000000000000000000000000000000000000000000000000000000000000000000000000000000000000000000000000000000000000000000000000000000000000000000000000000000000000000000000000000000000000000000000000000000000000000000000000000000000000000000000000000000000000000000000000000000000000000000000000000000000000000000000000000000000000000000000000000000000000000000000000000000007ffe000000000000000000000000000ffffff00000000000000000000000003ffffffc000000000000000000000000ffffffff000000000000000000000003ffffffffc00000000000000000000007fffffffff0000000000000000000001ffffffffffc000000000000000000003ffffffffffe00000000000000000000ffffffffffff00000000000000000001ffffffffffff80000000000000000003ffffffffffffc0000000000000000007ffffffffffffe000000000000000000ffffffffffffff00000000000000000007ffffffffffe00000000000000000000ffffffffffff00000000000000000001ffffffffffff80000000000000000003ffffffffffffc0000000000000000007ffffffffffffe0000000000000000007fffffffffffff000000000000000000ffffffffffffff000000000000000001ffffffffffffff800000000000000001ffffffffffffffc00000000000000003ffffffffffffffc00000000000000003ffffffffffffffe00000000000000007fffffffffffffff0000000000000000ffffffffffffffff0000000000000000ffffffffffffffff0000000000000000ffffffffffffffff8000000000000001ffffffffffffffff8000000000000001ffffffffffffffffc000000000000003ffffffffffffffffc000000000000003ffffffffffffffffc000000000000003ffffffffffffffffe000000000000003ffffffffffffffffe000000000000007ffffffffffffffffe000000000000007ffffffffffffffffe000000000000007fffffffffffffffff000000000000007fffffffffffffffff000000000000007fffffffffffffffff00000000000000ffffffffffffffffff00000000000000ffffffffffffffffff00000000000000ffffffffffffffffff00000000000000ffffffffffffffffff00000000000000ffffffffffffffffff00000000000000ffffffffffffffffff00000000000000ffffffffffffffffff00000000000000ffffffffffffffffff00000000000000ffffffffffffffffff00000000000000ffffffffffffffffff00000000000000ffffffffffffffffff00000000000000ffffffffffffffffff000000000000007fffffffffffffffff000000000000007fffffffffffffffff000000000000007fffffffffffffffff000000000000007ffffffffffffffffe000000000000007ffffffffffffffffe000000000000003ffffffffffffffffe000000000000003ffffffffffffffffe000000000000003ffffffffffffffffc000000000000003ffffffffffffffffc000000000000001ffffffffffffffffc000000000000001ffffffffffffffff8000000000000000ffffffffffffffff8000000000000000ffffffffffffffff0000000000000000ffffffffffffffff00000000000000007fffffffffffffff00000000000000003ffffffffffffffe00000000000000003ffffffffffffffc00000000000000001ffffffffffffffc00000000000000001ffffffffffffff800000000000000000ffffffffffffff0000000000000000007fffffffffffff0000000000000000007ffffffffffffe0000000000000000003ffffffffffffc0000000000000000001ffffffffffff80000000000000000000ffffffffffff000000000000000000007ffffffffffe0000000000000000000ffffffffffffff0000000000000000007ffffffffffffe0000000000000000003ffffffffffffc0000000000000000001ffffffffffff80000000000000000000ffffffffffff000000000000000000003ffffffffffe000000000000000000001ffffffffffc0000000000000000000007fffffffff00000000000000000000003ffffffffc00000000000000000000000ffffffff0000000000000000000000003ffffffc0000000000000000000000000ffffff0000000000000000000000000007ffe0000000000000000000000000000000000000000000000000000000000000000000000000000000000000000000000000000000000000000000000000000000000000000000000000000000000000000000000000000000000000000000000000000000000000000000000000000000000000000000000000000000000000000000000000000000000000000000000000000000000000000000000000000000000000000000000000000000000000000000000000000000000000000000000000000000000000000000000000000000000000000000000000000000000000000000000000000000000000000000000000000000000000000000000000000000000000000000000000000000000000000000000000000000000000000000000000000000000000000000000000000000000000000000000"`;
