// Jest Snapshot v1, https://goo.gl/fbAQLP

exports[`shall smooth the histogram values 1`] = `"ffffffffffffffffffe7ffffffffffffffffffffffffffffffe7ffffffffffffffffffffffffffffffe7ffffffffffffffffffffffffffffffe7ffffffffffffffffffffffffffffffe7ffffffffffffffffffffffffffffffe7ffffffffffffffffffffffffffffffe7ffffffffffffffffffffffffffffffe7ffffffffffffffffffffffffffffffe7ffffffffffffffffffffffffffffffe7ffffffffffffffffffffffffffffffe7ffffffffffffffffffffffffffffffe7ffffffffffffffffffffffffffffffe7ffffffffffffffffffffffffffffffe7ffffffffffffffffffffffffffffffe7ffffffffffffffffffffffffffffffe7ffffffffffffffffffffffffffffffe7ffffffffffffffffffffffffffffffe7ffffffffffffffffffffffffffffffe7ffffffffffffffffffffffffffffffe7ffffffffffffffffffffffffffffffe7ffffffffffffffffffffffffffffffe7ffffffffffffffffffffffffffffffe7ffffffffffffffffffffffffffffffe7ffffffffffffffffffffffffffffffe7ffffffffffffffffffffffffffffffe7ffffffffffffffffffffffffffffffe7ffffffffffffffffffffffffffffffe7ffffffffffffffffffffffffffffffe7ffffffffffffffffffffffffffffffe7ffffffffffffffffffffffffffffffe7ffffffffffffffffffffffffffffffe7ffffffffffffffffffffffffffffffe7ffffffffffffffffffffffffffffffe7ffffffffffffffffffffffffffffffe7ffffffffffffffffffffffffffffffe7ffffffffffffffffffffffffffffffe7ffffffffffffffffffffffffffffffe7ffffffffffffffffffffffffffffffe7ffffffffffffffffffffffffffffffe3ffffffffffffffffffffffffffffffe3ffffffffffffffffffffffffffffffe3ffffffffffffffffffffffffffffffe3ffffffffffffffffffffffffffffffe3ffffffffffffffffffffffffffffffe3ffffffffffffffffffffffffffffffe3ffffffffffffffffffffffffffffffe3ffffffffffffffffffffffffffffffe3ffffffffffffffffffffffffffffffe3ffffffffffffffffffffffffffffffe3ffffffffffffffffffffffffffffffe3ffffffffffffffffffffffffffffffe3ffffffffffffffffffffffffffffffe3ffffffffffffffffffffffffffffffe3ffffffffffffffffffffffffffffffe3ffffffffffffffffffffffffffffffe3ffffffffffffffffffffffffffffffe3ffffffffffffffffffffffffffffffe3ffffffffffffffffffffffffffffffe3ffffffffffffffffffffffffffffffe3ffffffffffffffffffffffffffffffe3ffffffffffffffffffffffffffffffe3ffffffffffffffffffffffffffffffe3ffffffffffffffffffffffffffffffe3ffffffffffffffffffffffffffffffe3ffffffffffffffffffffffffffffffe3ffffffffffffffffffffffffffffffe3ffffffffffffffffffffffffffffffe3ffffffffffffffffffffffffffffffe3ffffffffffffffffffffffffffffffe3ffffffffffffffffffffffffffffffe3ffffffffffffffffffffffffffffffe3ffffffffffffffffffffffffffffffe3ffffffffffffffffffffffffffffffe3ffffffffffffffffffffffffffffffe3ffffffffffffffffffffffffffffffe3ffffffffffffffffffffffffffffffe3ffffffffffffffffffffffffffffffe3ffffffffffffffffffffffffffffffe3ffffffffffffffffffffffffffffffe3ffffffffffffffffffffffffffffffe3ffffffffffffffffffffffffffffffe3ffffffffffffffffffffffffffffffe3ffffffffffffffffffffffffffffffe3ffffffffffffffffffffffffffffffe3ffffffffffffffffffffffffffffffe3ffffffffffffffffffffffffffffffe3ffffffffffffffffffffffffffffffe3ffffffffffffffffffffffffffffffe1ffffffffffffffffffffffffffffffe1ffffffffffffffffffffffffffffffe1ffffffffffffffffffffffffffffffe1ffffffffffffffffffffffffffffffe1ffffffffffffffffffffffffffffffe1ffffffffffffffffffffffffffffffe1ffffffffffffffffffffffffffffffe1ffffffffffffffffffffffffffffffe1ffffffffffffffffffffffffffffffe1ffffffffffffffffffffffffffffffe1ffffffffffffffffffffffffffffffe1ffffffffffffffffffffffffffffffe1ffffffffffffffffffffffffffffffe1ffffffffffffffffffffffffffffffe1ffffffffffffffffffffffffffffffe1ffffffffffffffffffffffffffffffe1ffffffffffffffffffffffffffffffc1ffffffffffffffffffffffffffffffc1ffffffffffffffffffffffffffffffc1ffffffffffffffffffffffffffffffc1ffffffffffffffffffffffffffffffc1ffffffffffffffffffffffffffffffc1ffffffffffffffffffffffffffffffc1ffffffffffffffffffffffffffffffc1ffffffffffffffffffffffffffffffc1ffffffffffffffffffffffffffffffc1ffffffffffffffffffffffffffffffc1ffffffffffffffffffffffffffffffc1ffffffffffffffffffffffffffffffc1ffffffffffffffffffffffffffffffc0ffffffffffffffffffffffffffffffc0ffffffffffffffffffffffffffffffc0ffffffffffffffffffffffffffffffc0ffffffffffffffffffffffffffffffc0ffffffffffffffffffffffffffffffc0ffffffffffffffffffffffffffffffc0fffffffffffffffcffffffffffffffc0fffffffffffffff83fffffffffffffc0ffffffffffffff0013ffffffffffff003fffffffffff"`;

exports[`shall smooth the histogram values 2`] = `"ffffffffffffffffffe3ffffffffffffffffffffffffffffffe3ffffffffffffffffffffffffffffffe3ffffffffffffffffffffffffffffffe3ffffffffffffffffffffffffffffffe3ffffffffffffffffffffffffffffffe3ffffffffffffffffffffffffffffffe3ffffffffffffffffffffffffffffffe3ffffffffffffffffffffffffffffffe3ffffffffffffffffffffffffffffffe3ffffffffffffffffffffffffffffffe3ffffffffffffffffffffffffffffffe3ffffffffffffffffffffffffffffffe3ffffffffffffffffffffffffffffffe3ffffffffffffffffffffffffffffffe3ffffffffffffffffffffffffffffffe3ffffffffffffffffffffffffffffffe3ffffffffffffffffffffffffffffffe3ffffffffffffffffffffffffffffffe3ffffffffffffffffffffffffffffffe3ffffffffffffffffffffffffffffffe3ffffffffffffffffffffffffffffffe3ffffffffffffffffffffffffffffffe3ffffffffffffffffffffffffffffffe3ffffffffffffffffffffffffffffffe3ffffffffffffffffffffffffffffffe3ffffffffffffffffffffffffffffffe3ffffffffffffffffffffffffffffffe3ffffffffffffffffffffffffffffffe3ffffffffffffffffffffffffffffffe3ffffffffffffffffffffffffffffffe3ffffffffffffffffffffffffffffffe3ffffffffffffffffffffffffffffffe3ffffffffffffffffffffffffffffffe3ffffffffffffffffffffffffffffffe3ffffffffffffffffffffffffffffffe3ffffffffffffffffffffffffffffffe3ffffffffffffffffffffffffffffffe3ffffffffffffffffffffffffffffffe3ffffffffffffffffffffffffffffffe3ffffffffffffffffffffffffffffffe3ffffffffffffffffffffffffffffffe3ffffffffffffffffffffffffffffffe3ffffffffffffffffffffffffffffffe3ffffffffffffffffffffffffffffffe3ffffffffffffffffffffffffffffffe3ffffffffffffffffffffffffffffffe3ffffffffffffffffffffffffffffffe3ffffffffffffffffffffffffffffffe3ffffffffffffffffffffffffffffffe3ffffffffffffffffffffffffffffffe3ffffffffffffffffffffffffffffffe3ffffffffffffffffffffffffffffffe3ffffffffffffffffffffffffffffffe3ffffffffffffffffffffffffffffffe3ffffffffffffffffffffffffffffffe3ffffffffffffffffffffffffffffffe3ffffffffffffffffffffffffffffffe3ffffffffffffffffffffffffffffffe1ffffffffffffffffffffffffffffffe1ffffffffffffffffffffffffffffffe1ffffffffffffffffffffffffffffffe1ffffffffffffffffffffffffffffffe1ffffffffffffffffffffffffffffffe1ffffffffffffffffffffffffffffffe1ffffffffffffffffffffffffffffffe1ffffffffffffffffffffffffffffffe1ffffffffffffffffffffffffffffffe1ffffffffffffffffffffffffffffffe1ffffffffffffffffffffffffffffffe1ffffffffffffffffffffffffffffffe1ffffffffffffffffffffffffffffffe1ffffffffffffffffffffffffffffffe1ffffffffffffffffffffffffffffffe1ffffffffffffffffffffffffffffffe1ffffffffffffffffffffffffffffffe1ffffffffffffffffffffffffffffffe1ffffffffffffffffffffffffffffffe1ffffffffffffffffffffffffffffffe1ffffffffffffffffffffffffffffffe1ffffffffffffffffffffffffffffffe1ffffffffffffffffffffffffffffffe1ffffffffffffffffffffffffffffffe1ffffffffffffffffffffffffffffffe1ffffffffffffffffffffffffffffffe1ffffffffffffffffffffffffffffffe1ffffffffffffffffffffffffffffffe1ffffffffffffffffffffffffffffffe1ffffffffffffffffffffffffffffffc1ffffffffffffffffffffffffffffffc1ffffffffffffffffffffffffffffffc1ffffffffffffffffffffffffffffffc1ffffffffffffffffffffffffffffffc1ffffffffffffffffffffffffffffffc1ffffffffffffffffffffffffffffffc1ffffffffffffffffffffffffffffffc1ffffffffffffffffffffffffffffffc1ffffffffffffffffffffffffffffffc1ffffffffffffffffffffffffffffffc1ffffffffffffffffffffffffffffffc1ffffffffffffffffffffffffffffffc1ffffffffffffffffffffffffffffffc1ffffffffffffffffffffffffffffffc1ffffffffffffffffffffffffffffffc1ffffffffffffffffffffffffffffffc1ffffffffffffffffffffffffffffffc1ffffffffffffffffffffffffffffffc1ffffffffffffffffffffffffffffffc1ffffffffffffffffffffffffffffffc1ffffffffffffffffffffffffffffffc1ffffffffffffffffffffffffffffffc0ffffffffffffffffffffffffffffffc0ffffffffffffffffffffffffffffffc0ffffffffffffffffffffffffffffffc0ffffffffffffffffffffffffffffffc0ffffffffffffffffffffffffffffffc0ffffffffffffffffffffffffffffffc0ffffffffffffffffffffffffffffffc0ffffffffffffffffffffffffffffffc0ffffffffffffffffffffffffffffffc0ffffffffffffffffffffffffffffffc0ffffffffffffffffffffffffffffffc0ffffffffffffffffffffffffffffffc0ffffffffffffffffffffffffffffffc0ffffffffffffffffffffffffffffffc0ffffffffffffffffffffffffffffffc0fffffffffffffff03fffffffffffffc07fffffffffffff0007ffffffffffff803fffffffffff"`;

exports[`shall smooth the histogram values 3`] = `"7fffffffffffffffffffffffffffffff7fffffffffffffffffffffffffffffff7fffffffffffffffffffffffffffffff7fffffffffffffffffffffffffffffff7fffffffffffffffffffffffffffffff7fffffffffffffffffffffffffffffff7fffffffffffffffffffffffffffffff7fffffffffffffffffffffffffffffff7fffffffffffffffffffffffffffffff7fffffffffffffffffffffffffffffff7fffffffffffffffffffffffffffffff7fffffffffffffffffffffffffffffff7fffffffffffffffffffffffffffffff7fffffffffffffffffffffffffffffff7fffffffffffffffffffffffffffffff7fffffffffffffffffffffffffffffff7fffffffffffffffffffffffffffffff7fffffffffffffffffffffffffffffff7fffffffffffffffffffffffffffffff7fffffffffffffffffffffffffffffff1ffffffffffffffffffffffffffffffd1ffffffffffffffffffffffffffffffd1ffffffffffffffffffffffffffffffd1ffffffffffffffffffffffffffffffd1ffffffffffffffffffffffffffffffd1ffffffffffffffffffffffffffffffd1ffffffffffffffffffffffffffffffd1ffffffffffffffffffffffffffffffd1ffffffffffffffffffffffffffffffd1ffffffffffffffffffffffffffffffd1ffffffffffffffffffffffffffffff81ffffffffffffffffffffffffffffff01ffffffffffffffffffffffffffffff01ffffffffffffffffffffffffffffff01ffffffffffffffffffffffffffffff01ffffffffffffffffffffffffffffff01ffffffffffffffffffffffffffffff01ffffffffffffffffffffffffffffff01ffffffffffffffffffffffffffffff01ffffffffffffffffffffffffffffff01ffffffffffffffffffffffffffffff01ffffffffffffffffffffffffffffff01ffffffffffffffffffffffffffffff01ffffffffffffffffffffffffffffff01ffffffffffffffffffffffffffffff01ffffffffffffffffffffffffffffff01ffffffffffffffffffffffffffffff01ffffffffffffffffffffffffffffff01ffffffffffffffffffffffffffffff01ffffffffffffffffffffffffffffff01ffffffffffffffffffffffffffffff003fffffffffffffffffffffffffffff003fffffffffffffffffffffffffffff003fffffffffffffffffffffffffffff003fffffffffffffffffffffffffffff003fffffffffffffffffffffffffffff003fffffffffffffffffffffffffffff003fffffffffffffffffffffffffffff003fffffffffffffffffffffffffffff003fffffffffffffffffffffffffffff003fffffffffffffffffffffffffffff003fffffffffffffffffffffffffffff003fffffffffffffffffffffffffffff003fffffffffffffffffffffffffffff003fffffffffffffffffffffffffffff003fffffffffffffffffffffffffffff003fffffffffffffffffffffffffffff003fffffffffffffffffffffffffffff003fffffffffffffffffffffffffffff003fffffffffffffffffffffffffffff003fffffffffffffffffffffffffffff001fffffffffffffffffffffffffffff001fffffffffffffffffffffffffffff001fffffffffffffffffffffffffffff001fffffffffffffffffffffffffffff001fffffffffffffffffffffffffffff001fffffffffffffffffffffffffffff001fffffffffffffffffffffffffffff001fffffffffffffffffffffffffffff001fffffffffffffffffffffffffffff001fffffffffffffffffffffffffffff001fffffffffffffffffffffffffffff001ffffffffffffffffffffffffff9ff001ffffffffffffffffffffffffff9ff001ffffffffffffffffffffffffff97f001ffffffffffffffffffffffffff97f001ffffffffffffffffffffffffff97e001ffffffffffffffffffffffffff97e001ffffffffffffffffffffffffff978001ffffffffffffffffffffffffff978001ffffffffffffffffffffffffff938001ffffffffffffffffffffffffff938001ffffffffffffffffffffffffff938001ffffffffffffffffffffffffff838001ffffffffffffffffffffffffff838001ffffffffffffffffffffffffff838001ffffffffffffffffffffffffff838001ffffffffffffffffffffffffff838001ffffffffffffffffffffffffff038001ffffffffffffffffffffffffff038001ffffffffffffffffffffffffff018001ffffffffffffffffffffffffff018001ffffffffffffffffffffffffff010001ffffffffffffffffffffffffff000001efffffffffffffffffffffffff000000efffffffffffffffffffffffff000000efffffffffffffffffffffffff000000efffffffffffffffffffffffff000000cfffffffffffffffffffffffff000000c7fffffffffffffffffffffffe000000c7fffffffffffffffffffffffe000000c7fffffffffffffffffffffffe000000c7fffffffffffffffffffffffc000000c7fffffffffffffffffffffffc000000c7fffffffffffffffffffffffc000000c7fffffffffffffffffffffff8000000c7fffffffffffffffffffffff8000000c7fffffffffffffffffffffff800000007fffffffffffffffffffffff000000007fffffffffffffffffffffff000000007ffffffffffffffffffffffc000000007ffffffffffffffffffffffc000000007ffffffffffffffffffffff0000000007ffffffffffffffffffffff0000000003fffffffffffffffffffffc0000000003fffffffffffffffffffff80000000003ffffffffffffffffffffe00000000001fffffffffffffffffff800000000"`;

exports[`shall smooth the histogram values 4`] = `"fffffffffffffffffffffffffffffffcfffffffffffffffffffffffffffffffcfffffffffffffffffffffffffffffffcfffffffffffffffffffffffffffffffcfffffffffffffffffffffffffffffffcfffffffffffffffffffffffffffffffcfffffffffffffffffffffffffffffffcfffffffffffffffffffffffffffffffcfffffffffffffffffffffffffffffffcfffffffffffffffffffffffffffffffcfffffffffffffffffffffffffffffffcfffffffffffffffffffffffffffffffc3ffffffffffffffffffffffffffffff83ffffffffffffffffffffffffffffff83ffffffffffffffffffffffffffffff83ffffffffffffffffffffffffffffff83ffffffffffffffffffffffffffffff83ffffffffffffffffffffffffffffff83ffffffffffffffffffffffffffffff83ffffffffffffffffffffffffffffff81ffffffffffffffffffffffffffffff81ffffffffffffffffffffffffffffff81ffffffffffffffffffffffffffffff81ffffffffffffffffffffffffffffff81ffffffffffffffffffffffffffffff81ffffffffffffffffffffffffffffff81ffffffffffffffffffffffffffffff81ffffffffffffffffffffffffffffff80ffffffffffffffffffffffffffffff80ffffffffffffffffffffffffffffff80ffffffffffffffffffffffffffffff80ffffffffffffffffffffffffffffff80ffffffffffffffffffffffffffffff80ffffffffffffffffffffffffffffff80ffffffffffffffffffffffffffffff80ffffffffffffffffffffffffffffff80ffffffffffffffffffffffffffffff80ffffffffffffffffffffffffffffff80ffffffffffffffffffffffffffffff00ffffffffffffffffffffffffffffff00ffffffffffffffffffffffffffffff00ffffffffffffffffffffffffffffff00ffffffffffffffffffffffffffffff007fffffffffffffffffffffffffffff007fffffffffffffffffffffffffffff007fffffffffffffffffffffffffffff007fffffffffffffffffffffffffffff007fffffffffffffffffffffffffffff007fffffffffffffffffffffffffffff007fffffffffffffffffffffffffffff007fffffffffffffffffffffffffffff003fffffffffffffffffffffffffffff003fffffffffffffffffffffffffffff003fffffffffffffffffffffffffffff003fffffffffffffffffffffffffffff003fffffffffffffffffffffffffffff003fffffffffffffffffffffffffffff003fffffffffffffffffffffffffffff003fffffffffffffffffffffffffffff003fffffffffffffffffffffffffffff003fffffffffffffffffffffffffffff003fffffffffffffffffffffffffffff003fffffffffffffffffffffffffffff003fffffffffffffffffffffffffffff003fffffffffffffffffffffffffffff003fffffffffffffffffffffffffffff003fffffffffffffffffffffffffffff003fffffffffffffffffffffffffffff003fffffffffffffffffffffffffffff003fffffffffffffffffffffffffffff003fffffffffffffffffffffffffffff003fffffffffffffffffffffffffffff003ffffffffffffffffffffffffffffe003ffffffffffffffffffffffffffffe003ffffffffffffffffffffffffffffe003ffffffffffffffffffffffffffffe001ffffffffffffffffffffffffffffe001ffffffffffffffffffffffffffffe001ffffffffffffffffffffffffffffe001ffffffffffffffffffffffffffffe001ffffffffffffffffffffffffffffe001ffffffffffffffffffffffffffffe001ffffffffffffffffffffffffffffe001ffffffffffffffffffffffffffefc001ffffffffffffffffffffffffffefc001ffffffffffffffffffffffffffefc001ffffffffffffffffffffffffffefc001ffffffffffffffffffffffffffefc001ffffffffffffffffffffffffffcfc001ffffffffffffffffffffffffff87c001ffffffffffffffffffffffffff87c001ffffffffffffffffffffffffff81c001ffffffffffffffffffffffffff818001ffffffffffffffffffffffffff818001ffffffffffffffffffffffffff818001ffffffffffffffffffffffffff810001ffffffffffffffffffffffffff810000ffffffffffffffffffffffffff800000ffffffffffffffffffffffffff800000ffffffffffffffffffffffffff800000ffffffffffffffffffffffffff000000ffffffffffffffffffffffffff000000ffffffffffffffffffffffffff000000ffffffffffffffffffffffffff000000fffffffffffffffffffffffffe000000fffffffffffffffffffffffffe000000fffffffffffffffffffffffffe000000fffffffffffffffffffffffffc000000fffffffffffffffffffffffffc000000fffffffffffffffffffffffffc000000fffffffffffffffffffffffffc000000fffffffffffffffffffffffff8000000fffffffffffffffffffffffff8000000fffffffffffffffffffffffff8000000fffffffffffffffffffffffff800000007fffffffffffffffffffffff800000007fffffffffffffffffffffff000000007fffffffffffffffffffffff000000007ffffffffffffffffffffffe000000007ffffffffffffffffffffffc000000007ffffffffffffffffffffff8000000007ffffffffffffffffffffff8000000007ffffffffffffffffffffff0000000003fffffffffffffffffffffe0000000003fffffffffffffffffffffc0000000003fffffffffffffffffffff80000000003ffffffffffffffffffffe00000000001fffffffffffffffffffc00000000"`;
