// Jest Snapshot v1, https://goo.gl/fbAQLP

exports[`shall smooth in the min eigen vec direction 1`] = `"fff00000000000000000000000000000fb600000000000000000000000000000fdb70000000000000000000000000000fffe0000000000000000000000000000fffe4000000000000000000000000000fff7e000000000000000000000000000ffffc0000000000000000000000000006df36c00000000000000000000000000fffffc00000000000000000000000000bbfff8000000000000000000000000001ffffd800000000000000000000000003b7ffb0000000000000000000000000013ffffb000000000000000000000000003fffff0000000000000000000000000036fff600000000000000000000000000037fdb7000000000000000000000000007ffffe000000000000000000000000006ffffe4000000000000000000000000007fff7e00000000000000000000000000fffffc000000000000000000000000000fdf7ec00000000000000000000000001fffffc00000000000000000000000001b3ffb0000000000000000000000000001ffffd800000000000000000000000003b7ffb0000000000000000000000000013ffffb000000000000000000000000003fffff0000000000000000000000000036fff600000000000000000000000000037fff7000000000000000000000000007fff7e000000000000000000000000004effde4000000000000000000000000007fff7e00000000000000000000000000fffffc000000000000000000000000000fdf7ec00000000000000000000000001fffffc00000000000000000000000001bffffc800000000000000000000000001fffff800000000000000000000000003b7ffb0000000000000000000000000013ffffb000000000000000000000000003fffff0000000000000000000000000036fff600000000000000000000000000037fff7000000000000000000000000007fff7e000000000000000000000000004fffff600000000000000000000000000fffffe00000000000000000000000000dffef8000000000000000000000000000fdf7ec00000000000000000000000001fffffc00000000000000000000000001bffffc800000000000000000000000001fffff800000000000000000000000003b7ffb0000000000000000000000000001b7fdb000000000000000000000000003fffff0000000000000000000000000036fff600000000000000000000000000037fff7000000000000000000000000007fff7e000000000000000000000000004fffff600000000000000000000000000fffffe00000000000000000000000000dffff8000000000000000000000000000fff7fc00000000000000000000000001fbfff800000000000000000000000001bffffc800000000000000000000000001fffff800000000000000000000000003b7ffb0000000000000000000000000001b7fdb000000000000000000000000003fffff0000000000000000000000000037ffff20000000000000000000000000037fff7000000000000000000000000007fff7e000000000000000000000000004fffff600000000000000000000000000fffffe00000000000000000000000000dffff8000000000000000000000000000fff7fc00000000000000000000000001fbfff8000000000000000000000000009ffffd800000000000000000000000001fffff800000000000000000000000003b7ffb0000000000000000000000000001b7fdb000000000000000000000000003fffff0000000000000000000000000037ffff20000000000000000000000000077fff7000000000000000000000000006fff7e00000000000000000000000000036fb3600000000000000000000000000fffffe00000000000000000000000000dffff8000000000000000000000000000fff7fc00000000000000000000000001fbfff8000000000000000000000000009ffffd800000000000000000000000001fffff800000000000000000000000003b6ffb0000000000000000000000000001b7fdb000000000000000000000000003fffff0000000000000000000000000037ffff20000000000000000000000000077fff7000000000000000000000000006fff7e0000000000000000000000000007ffb7000000000000000000000000000ffffe000000000000000000000000000db7fc0000000000000000000000000000fff70000000000000000000000000001fbfe00000000000000000000000000009fff00000000000000000000000000001fff00000000000000000000000000003b6f000000000000000000000000000001f70000000000000000000000000000037f0000000000000000000000000000025e000000000000000000000000000000770000000000000000000000000000006e0000000000000000000000000000000000000000000000000000000000000000000000000000000000000000000000000000000000000000000000000000000000000000000000000000000000000000000000000000000000000000000000000000000000000000000000000000000000000000000000000000000000000000000000000000000000000000000000000000000000000000000000000000000000000000000000000000000000000000000000000000000000000000000000000000000000000000000000000000000000000000000000000000000000000000000000000000000000000000000000000000000000000000000000000000000000000000000000000000000000000000000000000000000000000000000000000000000000000000000000000000000000000000000000000000000000000000"`;

exports[`shall smooth in the min eigen vec direction 2`] = `"fff00000000000000000000000000000fb600000000000000000000000000000fdb70000000000000000000000000000fffe0000000000000000000000000000fffe4000000000000000000000000000fff7e000000000000000000000000000ffffc0000000000000000000000000006df36c00000000000000000000000000fffffc00000000000000000000000000bbfff8000000000000000000000000001ffffd800000000000000000000000003b7ffb0000000000000000000000000013ffffb000000000000000000000000003fffff0000000000000000000000000036fff600000000000000000000000000037fdb7000000000000000000000000007ffffe000000000000000000000000006ffffe4000000000000000000000000007fff7e00000000000000000000000000fffffc000000000000000000000000000fdf7ec00000000000000000000000001fffffc00000000000000000000000001b3ffb0000000000000000000000000001ffffd800000000000000000000000003b7ffb0000000000000000000000000013ffffb000000000000000000000000003fffff0000000000000000000000000036fff600000000000000000000000000037fff7000000000000000000000000007fff7e000000000000000000000000004effde4000000000000000000000000007fff7e00000000000000000000000000fffffc000000000000000000000000000fdf7ec00000000000000000000000001fffffc00000000000000000000000001bffffc800000000000000000000000001fffff800000000000000000000000003b7ffb0000000000000000000000000013ffffb000000000000000000000000003fffff0000000000000000000000000036fff600000000000000000000000000037fff7000000000000000000000000007fff7e000000000000000000000000004fffff600000000000000000000000000fffffe00000000000000000000000000dffef8000000000000000000000000000fdf7ec00000000000000000000000001fffffc00000000000000000000000001bffffc800000000000000000000000001fffff800000000000000000000000003b7ffb0000000000000000000000000001b7fdb000000000000000000000000003fffff0000000000000000000000000036fff600000000000000000000000000037fff7000000000000000000000000007fff7e000000000000000000000000004fffff600000000000000000000000000fffffe00000000000000000000000000dffff8000000000000000000000000000fff7fc00000000000000000000000001fbfff800000000000000000000000001bffffc800000000000000000000000001fffff800000000000000000000000003b7ffb0000000000000000000000000001b7fdb000000000000000000000000003fffff0000000000000000000000000037ffff20000000000000000000000000037fff7000000000000000000000000007fff7e000000000000000000000000004fffff600000000000000000000000000fffffe00000000000000000000000000dffff8000000000000000000000000000fff7fc00000000000000000000000001fbfff8000000000000000000000000009ffffd800000000000000000000000001fffff800000000000000000000000003b7ffb0000000000000000000000000001b7fdb000000000000000000000000003fffff0000000000000000000000000037ffff20000000000000000000000000077fff7000000000000000000000000006fff7e00000000000000000000000000036fb3600000000000000000000000000fffffe00000000000000000000000000dffff8000000000000000000000000000fff7fc00000000000000000000000001fbfff8000000000000000000000000009ffffd800000000000000000000000001fffff800000000000000000000000003b6ffb0000000000000000000000000001b7fdb000000000000000000000000003fffff0000000000000000000000000037ffff20000000000000000000000000077fff7000000000000000000000000006fff7e0000000000000000000000000007ffb7000000000000000000000000000ffffe000000000000000000000000000db7fc0000000000000000000000000000fff70000000000000000000000000001fbfe00000000000000000000000000009fff00000000000000000000000000001fff00000000000000000000000000003b6f000000000000000000000000000001f70000000000000000000000000000037f0000000000000000000000000000025e000000000000000000000000000000770000000000000000000000000000006e0000000000000000000000000000000000000000000000000000000000000000000000000000000000000000000000000000000000000000000000000000000000000000000000000000000000000000000000000000000000000000000000000000000000000000000000000000000000000000000000000000000000000000000000000000000000000000000000000000000000000000000000000000000000000000000000000000000000000000000000000000000000000000000000000000000000000000000000000000000000000000000000000000000000000000000000000000000000000000000000000000000000000000000000000000000000000000000000000000000000000000000000000000000000000000000000000000000000000000000000000000000000000000000000000000000000000000"`;

exports[`shall smooth the image preserving edges 1`] = `"0000000000000000000000000000000000000000000000000000000000000000000000000000000000000000000000000000000000000000000000000000000000000000000000000000000000000000000000000000000000000000000000000000000000000000000000000000000000000000000000000000000000000000000000000000000000000000000000000000000000147dc000000000000000000000000005fffffff000000000000000000000002fffffffdf80000000000000000000003fffffffffda00000000000000000007fffffffffffc0000000000000000007fffffffffffffb00000000000000003ffffffffffffffff0000000000000007fffffffffffffffff80000000000005ffffffffffffffffffe004000000003ffffffffffffffffffffc0800000000fffffffffffffffffffffff800000000fffffffffffffffffffffff40000007fffffffffffffffffffffffff400000fffffffffffffffffffffffffffa600bfffffffffffffffffffffffffffd700ffffffffffffffffffffffffffffff90ffffffffffffffffffffffffffffffa0ffffffffffffffffffffffffffffffe0fffffffffffffffffffffffffffffff0ffffffffffffffffffffffffffffffffffffffffffffffffffffffffffffffffffffffffffffffffffffffffffffffffffffffffffffffffffffffffffffffff000000000000000000000020000000000000000000000000000003e0000000000000000000007b7b000001e000000000000000000003fffffa0000000000000000000000001ffffffe1f00000000000000000000007fffffffce1800000000000000000003ffffffffff7e0000000000000000000ffffffffffff00000000000000000007fffffffffff80000000000000000001ffffffffffffc0000000000000000003ffffffffffffe0000000000000000007fffffffffffff800000000000000001ffffffffffffffc0000000000000000fffffffffffffffe0000000000000001ffffffffffffffffc000000000000003fffffffffffffffff80000000000000fffffffffffffffffff8000000000003fffffffffffffffffffe000000000007ffffffffffffffffffff00000000001fffffffffffffffffffffe0000000003ffffffffffffffffffffff800000000ffffffffffffffffffffffff00000003ffffffffffffffffffffffff80000007ffffffffffffffffffffffffc000001ffffffffffffffffffffffffffc0001fffffffffffffffffffffffffef80003ffffffffffffffffffff7fffd000000fffffffffffffffffffe620130000000fffffffffffffffffff2000000000000ffffffffffffffffff80000000000000fffffffffffffc000000000000000000fffffffffff8d0000000000000000000fffffffffffff3ffffa0000000000000fffffffffffc0071f070000006000000fffffffffffc001e7048000000000000ffffffffffc000000000000000000000fffff000000000000000000000000000000000000000000000000000000000000000000000000003fffffff80004000000000000000003ffffffffffffffffff0000000012efffffffffffffffffffff000000003fffffffffffffffffffffff00000017ffffffffffffffffffffff7f00000007fffffffffffffffffc53ffff0000002ffffffffffffffffffffffffb001e1ffffffffffffffffffffffe3ffe7817fffffffffffffffffffffc00800183fffffffffffffffffffdf800000000fffffffffffffffffffffffd00000000fffffffffffffffffffffe0000000000ffffffffffffffffffffc20000000000fffffffffffffffffffffff380000000ffffffffffffffffffffe00000000000ffffffffe7ff97ffffffff4000000000ffffffffffdafffe03ffa000000000007fcffffffc3ff81fffdc000000000000dfffff00fff3ffff8000000000000000e7ebff7ffc7ffd7000000000000000001013ffc5ffffb6063f820000000000000000f3efff80007df000000000000000808406780004f24000000000000000000003ff800ffffb80003e00000000000000000002fff00000020000000000000003801c07f80000018000000000000000ffffffffffffffffffffffffffffffffffffffffffffffffffbffffffffffffffffffffffffffffffffffffffffffffffffffffffffffffffffffffffffffff9fffffffffffffffffffffffffffffffffffffffffffffffffffffffffffffffffffffffffffffffffffffffffffffffffffffffffffc641cfffffffbfffffffffffffffff0ffffffffffff7cbffffffffffff801fffffffe07fffffffffffffffffffffffff803f00087ffffffffff3fffffffeffffffffffe7f87f3e7e1dffbffffffffdf800003ffffffeff90fffffffff7ff800004000ffff001fffffff07381e07d61fffff0c000065f9fc7ffffffdfff38007ff11f3c000003ff02001f8f3f0040c0000007dfc00010001c7fffffffe2000100100000010000000080000fff8bffffdf803ff0000000040000000ffffc000000000000000000187b8000f0000000000007800000008407ffffff000000000000180000000400011fff8034000000061fc0000000000f500000000a300004f9f82000000000000000000001ef80003e00000000000000000000000f70000000000000000000000000000008000000000000000000000000000000000078300000000000000000000000000fff8000200000000000000000000000f000000000000000000000000000000000000000000000000000000000000000000000000000000000000000000000000"`;

exports[`shall smooth the image preserving edges 2`] = `"000000000000000000000000000000000000000000000000000000000000000000000000000000000000000000000000000000000000000000000000000000000000000000000000000000000000000000000000000000000000000000000000000000000000000000000000000000000000000000000000000000000000000000000000000000000000000000000000000000000014fdc000000000000000000000000001fffffff000000000000000000000002fffffffff80000000000000000000003fffffffffd200000000000000000007fffffffffffc0000000000000000007fffffffffffffb00000000000000003ffffffffffffffff0000000000000007fffffffffffffffff80000000000001ffffffffffffffffffc004000000003ffffffffffffffffffffc0800000000ffffffffffffffffffffff7800000000fffffffffffffffffffffff40000007fffffffffffffffffffffffffc00002fffffffffffffffffffffffffffa600bfffffffffffffffffffffffffffd300ffffffffffffffffffffffffffffff90ffffffffffffffffffffffffffffffa0ffffffffffffffffffffffffffffffe0fffffffffffffffffffffffffffffff2ffffffffffffffffffffffffffffffffffffffffffffffffffffffffffffffffffffffffffffffffffffffffffffffffffffffffffffffffffffffffffffffff000000000000000000000020000000000000000000000000000003e000000000000000000000797b000001e000000000000000000001fffffa0001000000000000000000001ffffffe1f00000000000000000000007fffffffce1800000000000000000003ffffffffff7c0000000000000000000ffffffffffff00000000000000000007fffffffffff80000000000000000001ffffffffffffc0000000000000000001ffffffffffffe0000000000000000007fffffffffffff000000000000000001ffffffffffffffc0000000000000000fffffffffffffffe0000000000000001ffffffffffffffffc000000000000003fffffffffffffffff80000000000000fffffffffffffffffff8000000000003fffffffffffffffffffe000000000007ffffffffffffffffffff00000000001ffffffffffffffffffffff0000000003ffffffffffffffffffffff800000000ffffffffffffffffffffffff00000003ffffffffffffffffffffffff80000007ffffffffffffffffffffffffc000001ffffffffffffffffffffffffffc0001fffffffffffffffffffffffffff80003ffffffffffffffffffff7fffd000000fffffffffffffffffffe620130000000fffffffffffffffffff2000000000000ffffffffffffffffff80000000000000fffffffffffffc000000000000000000fffffffffff8d0000000000000000000fffffffffffff3ffffa0000000000000fffffffffffc0071f070000006000000fffffffffffc001e7040000000000000ffffffffffc000000000000000000000fffff000000000000000000000000000000000000000000000000000000000000000000000000003fffffffc0004000000000000000003ffffffffffffffffff0000000012efffffffffffffffffffff000000003fffffffffffffffffffffff00000017ffffffffffffffffffffff7f00000007fffffffffffffffffc53ffff0000002ffffffffffffffffffffffffb001f1ffffffffffffffffffffffe3ffe7817fffffffffffffffffffffc00800183fffffffffffffffffffdf800000000fffffffffffffffffffffffd00000000fffffffffffffffffffffe0000000000ffffffffffffffffffffc20000000000fffffffffffffffffffffff380000000ffffffffffffffffffffe00000000000ffffffffe7ff97ffffffff4000000000ffffffffffdafffe03ffa00000000000ffcffffffc3ff81ffffc000000000000dfffff00fff3ffff8000000000000000e7ebff7ffc7ffd7000000000000000001003ffc1ffff96061f820000000000000000f3efff80007df000000000000000808406780004f24000000000000000000003ff800ffffb80003e00000000000000000002fff00000020000000000000003801c07f80000018000000000000000ffffffffffffffffffffffffffffffffffffffffffffffffffbffffffffffffffffffffffffffffffffffffffffffffffffffffffffffffffffffffffffffff9fffffffffffffffffffffffffffffffffffffffffffffffffffffffffffffffffffffffffffffffffffffffffffffffffffffffffffc641cfffffffbfffffffffffffffff0fffffffffffffcbffffffffffff801fffffffe07fffffffffffffffffffffffff007f00087ffffffffff3fffffffeffffffffffe7f87f3e7e1dffbffffffffdf800003ffffffeff90fffffffff7ff800004000ffff001fffffff07381e07d61fffff0c000075f9fc7ffffffdfff38007ff11f3c000003ff02001f8f3f0040c0000007dfc00010001c7fffffffe2000100100000010000000080000fff8bffffdf803ff0000000040000000ffffc000000000000000000187b8000f0000000000007800000008407ffffff000000000000180000000400011fff8030000000061fc0000000000f500000000a300004f9f80000000000000000000001ef80003e00000000000000000000000f70000000000000000000000000000008000000000000000000000000000000000078300000000000000000000000000fff8000200000000000000000000000f000000000000000000000000000000000000000000000000000000000000000000000000000000000000000000000000"`;

exports[`shall smooth the image preserving edges 3`] = `"000000000000000000000000000000000000000000000000000000000000000000000000000000000000000000000000000000000000000000000000000000000000000000000000000000000000000000000000000000000000000000000000000000000000000000000000000000000000000000000000000000000000000000000000000000000000000000000000000000000014ffc000000000000000000000000001fffffff000000000000000000000000fffffffff80000000000000000000003fffffffffd200000000000000000007fffffffffffc0000000000000000007fffffffffffffb00000000000000003ffffffffffffffff0000000000000007fffffffffffffffff80000000000001ffffffffffffffffffc004000000003ffffffffffffffffffffc0800000000fffffffffffffffffffffff800000000fffffffffffffffffffffff40000007fffffffffffffffffffffffffc00002fffffffffffffffffffffffffffa600bfffffffffffffffffffffffffffd300ffffffffffffffffffffffffffffff90ffffffffffffffffffffffffffffffc0ffffffffffffffffffffffffffffffe0fffffffffffffffffffffffffffffff2fffffffffffffffffffffffffffffffffffffffffffffffffffffffffffffffeffffffffffffffffffffffffffffffffffffffffffffffffffffffffffffffff000000000000000000000020000000000000000000000000000003e0000000000000000000007b7b800001e000000000000000000001fffffa0001000000000000000000001ffffffe1f00000000000000000000007fffffffce1800000000000000000003ffffffffff5c0000000000000000000ffffffffffff00000000000000000007fffffffffff80000000000000000001ffffffffffffc0000000000000000001ffffffffffffe0000000000000000007fffffffffffff000000000000000001ffffffffffffffc00000000000000007ffffffffffffffe0000000000000001ffffffffffffffffc000000000000003fffffffffffffffff80000000000001fffffffffffffffffff8000000000003ffffffffffffffffffff000000000007ffffffffffffffffffff00000000001ffffffffffffffffffffff0000000003ffffffffffffffffffffff800000000ffffffffffffffffffffffff00000003ffffffffffffffffffffffff80000007ffffffffffffffffffffffffc000001ffffffffffffffffffffffffffc0001fffffffffffffffffffffffffff80003ffffffffffffffffffff7fffd000000fffffffffffffffffffe620130000000fffffffffffffffffff2000000000000ffffffffffffffffff80000000000000fffffffffffffc000000000000000000fffffffffff8d0000000000000000000fffffffffffff3ffffa0000000000000fffffffffffc0071f070000006000000fffffffffffc001e7040000000000000ffffffffffc000000000000000000000fffff000000000000000000000000000000000000000000000000000000000000000000000000003fffffffc0004000000000000000003ffffffffffffffffff0000000012efffffffffffffffffffff000000003fffffffffffffffffffffff00000017ffffffffffffffffffffff7f00000007fffffffffffffffffc53ffff0000002ffffffffffffffffffffffffb001f1ffffffffffffffffffffffe3ffe7017fffffffffffffffffffffc00800183fffffffffffffffffffdf800000000fffffffffffffffffffffffd00000000fffffffffffffffffffffe0000000000ffffffffffffffffffffc20000000000fffffffffffffffffffffff380000000ffffffffffffffffffffe00000000000ffffffffe7ff97ffffffff4000000000ffffffffffdafffe03ffa00000000000ffcffffffc3ff81ffffc000000000000dfffff00fff3ffff8040000000000000e7ebff7ffc7ffd7000000000000000001003ffc1ffff96061f820000000000000000f3efff80007df000000000000000808406780004f24000000000000000000003ff800ffffb80003e00000000000000000002fff00000020000000000000003801c07f80000018000000000000000ffffffffffffffffffffffffffffffffffffffffffffffffffbffffffffffffffffffffffffffffffffffffffffffffffffffffffffffffffffffffffffffff9fffffffffffffffffffffffffffffffffffffffffffffffffffffffffffffffffffffffffffffffffffffffffffffffffffffffffffc441cfffffffbfffffffffffffffff0fffffffffffffcbffffffffffff801fffffffe07fffffffffffffffffffffffff007f00087ffffffffff3fffffffeffffffffffe7f8ff3e7e1dffbffffffffdf800003ffffffeff90fffffffff7ff800004000ffff001fffffff07381e07f61fffff0c000075f9fc3ffffffdfff38007ff11f3c000003ff02001f8f3f0040c0000007dfc00010001c7fffffffe2000100100000000000000080000fff8bffffdf803ff0000000040000000ffffc000000000000000000187b8000f0000000000007800000008407ffffff000000000000180000000400011fff8030000000061fc0000000000f500000000a300004f9f82000000000000000000001ef80003e00000000000000000000000f70000000000000000000000000000008000000000000000000000000000000000078300000000000000000000000000fff8000200000000000000000000000f000000000000000000000000000000000000000000000000000000000000000000000000000000000000000000000000"`;

exports[`shall smooth the image preserving edges 4`] = `"fffe0000a5fffdffbd007fffffc00003fffe0000adfffcdf90003fffffc00000fffe00000bfffccfe0003fffffe00000fffe00001dffffdfe0001fffffe00010fffe00001fffff5fe8c01ffffff000e0fffe00000ffdfbcfa0001ffffff001c0fffe0000011bc007c0001ffffff80180fffe000003f9c003c0001ffffffc0100fffe000001bdc003c0001ffffffc0200fffe0000000e8001c0001ffffffe0000fffe00000004800184000ffffffe0000fffe000001bc9ff804000fffffff0000fffe00000298ffff0e000fffffff8000fffe00000103ffffc0000fffffff8000f9fe0000003bffffe0000fffffffc000f9fe00000171fffff8000fffffff8000f1fe00000103fffffc000fffffff8000f1fe00000003fffffe000fffffff0000e1fe00000202ffffff800ff7fffc0000e1fe000004017fffffc00fe3fffc0001c1fe000000007fffffe00fe3fff8000381fe00000000fffffff00fe1fff0000781fe00000000fffffff80fe0fff0000701fe00000003fffffff80fe0ffe0000f01fe00000003fffffffe0fe07fc0001f01fe0000400fffffffff0fe07fc0003f01fe0000400fffffffff0fe03f80007f01fe0000800ff3ffffff8fe01f0000ff01fe0000801fc7ffffffcfe03f0000ff01fe0001801f8fffffffcfe07f0001ff01fe000180231fffffffefe0ff0003ff01fe000180443fffffffe7e3ff8007ff00fe000180007ffffffff7c7ff8007ff00fe00010000ffffffffff9fff800fff00fe00030001ffffffffffffff000fff00fe00030007ffffffffffffff001fff00fe00038007bfffffffffffff001fff00fe0003800f7fffffffffffff003fff00fe0003801efffffffffffffe007fff00fe0003c029fffffffffffffe007fff00fe0003c053fffffffffffffe00ffff00fe0003c087bffffffffffffc00ffff00fe0003f00f3ff1ffffffffcc01ffff00fe0003f0085c0cfe7fffff0c01ffff00fe0003d8103a0e007ffffe1803ffff00fe0003c0203400007ffff03003ffff00fe0003c060400001ffffc0e007ffff00fe0003d800800002ffff03c007ffff00fe0001e800400005fffc7f800fffff00fe0001f00000000bfff83f000fffff00fe0001f00000001ffff03e000fffff00fe0000f00000000ffff03c0007ffff00fe0000f00000001ffff0300007ffff00fe0000700000003ffff8300007ffff00fe0000600000007ffff830000fffff00fe000060000001fffff830001fffff00fe000060000003fffffc10005fffff00fe000060000007fffffc10005fffff00fe00002000000ffffffc1000bfffff00fe00000400000ffffffc1000bfffff00fe00001000001ffffffc10007fffff00fe00018800003fc1fffc10007ffffe00fe00010000007fb07ff008007ffffc00fe0003800000fe083fc00800fffffc00fe000fc00000fc003fc00803ffffff00fe001f800003f800ff000803ffffff00fe001e000003f00c3f080803ffffff00fe001e000003f00e3e180807ffffff00fe003c004007c67e3e780807ffffff00fe00700000079f9f7fc00807ffffff00fe01c0c0401f1fffffe0080fffffff00fe010001000f1ffffff0080fffffff00fe03c000401e3fffeff8080fffffff00fe0f0080001c3ffffff80c1fffffff00fe00000000781ffffff80c1ffff7ff00ff01000008383fffdff80c1fffffff00ff06010020703fffcff80c1fffffff00fe18010030601fffcff80c3fffffff00fe04010000401fff4ff8043fffffff00fe00010003c01ffe77f0063fffffff00ff00000003801ffe87f0067fffffff00ff00008003801fff03f0067fffffff01ff0000840b001fffffe0067fffffff01ff04004032000fffffe0067fffffff01ff08002070001fffffe002ffffffff01ff10000060001fffffc002ffff7fff01ff000011c8001fffffc002ffff7fff01ff080007d00007c0008003ffff7fff01ff480407900007e1ff8003ffff7fff01ff90040f600003f1ff0003ffff7fff01ff00000fc00001f8fe0003ffff7fff00ff200827800001ff1e0003fffe7fff00ff000d03000000fffc0003fffe7fff00ff00011b000000fffc0003fffe7fff00ff0000d8000000fffc0003fffe7fff01ff0008780000003ff80003fffefffe01ff200c7f0000001ff80003fffffff801ffc0062d800003fffe00031fffffe000ff800664c00007ffff8003c07fffc000ff2002c5800007ffffe003f800ff80c0ff400157a00003fffff803fe00ff00e0ffc1008f100003fffffc03ff84fe00f0ff800107100007fffffe03ffedfc0078ffc00007a80007ffffff07fffffc007cff800003d80003ffffff07fffffc003cff800001c80047ffffff87fffff8003cff800001880007ffffffc7fffff8003cff800001c80007ffffffc7fffff0003cff804009d80047ffffffc7fffff0001cff000009f000c7ffffffe7fffff0001cff800007b800c7ffffffe7fffff0001cff8000038001c7ffffffe7ffffe0001cff800003c001cffffffff7ffffe0001cff80000720018fffffffffffffc0001cff80000130038ffffffffcffffc0001c7f80000000039ffffffff81fffc0001e7f80000800071ffffffff801ff80001e7f00000c00063ffffffff8007f80001e7f00000600063ffffffff8007f00001e7f800003400c7ffffffffc007e00001e7f8000008000fffffffffc007c00003e7f8000000000fffffffffc007800001e7f0000010003fffffffffe007000000e7f0002018007fffffffffe006000400f7f000101001ffffffffffe020000800f7e000100001ffffffffffe060001800f7f000080003fffffffffff071803000f7e000000007fffffffffff07f80300"`;

exports[`shall smooth the image preserving edges 5`] = `"fffe0000b5fffdffbd807fffffc00003fffe0000a5fffcdf90003fffffc00000fffe00000bfffcdce0003fffffe00000fffe00001dffffdfe0001fffffe00010fffe00001ffffe5fe8c01ffffff000e0fffe00000ffdfb8fe0001ffffff001c0fffe0000001bc007c0001ffffff80180fffe000003f9c003c0001ffffffc0100fffe000001bdc003c0001ffffffc0200fffe0000000e8001c0001ffffffe0000fffe00000004800184000ffffffe0000fffe0000013c9ff804000fffffff0000fffe00000398ffff0e000fffffff8000fffe00000103ffffc0000fffffff8000fdfe0000003bffffe0000fffffffc000f9fe00000073fffff8000fffffff8000f1fe00000103fffffc000fffffff8000f1fe00000003fffffe000fffffff0000e1fe00000202ffffff800ff7fffc0000e1fe00000401ffffffc00fe3fffc0001c1fe000000007fffffe00fe3fff8000381fe00000000fffffff00fe1fff0000781fe00000000fffffff80fe0fff0000701fe00000001fffffff80fe0ffe0000f01fe00000003fffffffe0fe07fc0001f01fe0000400fffffffff0fe07fc0003f01fe0000400fffffffff0fe03f80007f01fe0000800ff3ffffff8fe01f0000ff01fe0000801fe7ffffffcfe03f0000ff01fe0001801f8fffffffcfe07f0001ff01fe000180231fffffffefe0ff0003ff01fe000180443fffffffe7e3ff8007ff00fe000180007ffffffff7c7ff8007ff00fe00010000ffffffffff9fff800fff00fe00030001ffffffffffffff000fff00fe00030007dfffffffffffff001fff00fe00038007bfffffffffffff001fff00fe0003800f7fffffffffffff003fff00fe0003801efffffffffffffe007fff00fe0003c029fffffffffffffe007fff00fe0003c053fffffffffffffe00ffff00fe0003c087bffffffffffffc00ffff00fe0003f00f3ff1ffffffffcc01ffff00fe0003f00c5c0cfe7fffff0c01ffff00fe0003f8103a0e007ffffe1803ffff00fe0003c0203400007ffff03003ffff00fe0003c060400001ffffc0e007ffff00fe0003d800800002ffff03c007ffff00fe0001e800400005fffc7f800fffff00fe0001f00000000ffff83f000fffff00fe0001f00000001ffff03e000fffff00fe0000f00000000ffff03c0007ffff00fe0000f00000001ffff0300007ffff00fe0000700000003ffff8300007ffff00fe0000600000007ffff830000fffff00fe000060000001fffff830001fffff00fe000060000003fffffc10005fffff00fe000060000007fffffc10005fffff00fe00002000000ffffffc1000bfffff00fe00000400000ffffffc1000bfffff00fe00000000001ffffffc10007fffff00fe00018800003fc1fffc10007ffffe00fe00010000007fb07ff008007ffffc00fe0003800000fe003fc00800fffffc00fe000fc00000fc003fc00803ffffff00fe001f800001f800ff000803ffffff00fe001e000003f00c3f080803ffffff00fe001e000003f00e3e180807ffffff00fe003c004007c67f3e780807ffffff00fe00700000079f9f7fc00807ffffff00ff01c0c0400f1fffffe0080fffffff00fe010001000f1ffffff0080fffffff00fe03c000401e3fffeff8080fffffff00fe0f0080001c3ffffff80c1fffffff00ff00000000381ffffff80c1fffffff00ff01000008383fffdff80c1fffffff00ff06010000703fffcff80c1fffffff00fe18010030601fffcff80c3fffffff00fe04010000401fff4ff8043fffffff00fe00010003c01ffe77f0063fffffff00ff00000003801ffe87f0067fffffff00ff00008003801fff03f0067fffffff01ff0000840b001fffffe0067fffffff01ff04004032000fffffe0067fffffff01ff08002070001fffffe002ffffffff01ff10000060001fffffc002ffff7fff01ff000011c8001fffffc002ffff7fff01ff080007d00007c0008003ffff7fff01ff480407900007e1ff8003ffff7fff01ff90040f600003f1ff0003ffff7fff01ff00000fc00001f8fe0003ffff7fff00ff200827800001fe1e0003fffe7fff00ff000d03000000fffc0003fffe7fff00ff00011b000000fffc0003fffe7fff00ff0000d8000000fffc0003fffe7fff01ff0008780000003ff80003fffefffe01ff200c7f0000001ff80003fffffff801ffc0062d800003fffe00031fffffe000ff800664c00007ffff8003c07fffc000ff2002c5800007ffffe003f800ff80c0ff400157a00003fffff803fe00ff00e0ffc1008f100003fffffc03ff84fe00f0ff800107100007fffffe03ffedfc0078ffc00007a80007ffffff07fffffc007cff800003d80003ffffff07fffffc003cff800001c80047ffffff87fffff8003cff800001880007ffffffc7fffff8003cff800001c80007ffffffc7fffff0003cff804009d80047ffffffc7fffff0001cff000009f000c7ffffffe7fffff0001cff800007b800c7ffffffe7fffff0001cff8000038001c7ffffffe7ffffe0001cff800003c001cffffffff7ffffe0001cff80000720018fffffffffffffc0001cff80000130038ffffffffcffffc0001c7f80000000039ffffffff81fffc0001e7f80000800071ffffffff801ff80001e7f00000c00063ffffffff8007f80001e7f00000600063ffffffff8007f00001e7f800003400c7ffffffffc007e00001e7f8000008000fffffffffc007c00003e7f8000000000fffffffffc007800001e7f0000010003fffffffffe007000000e7f0002018007fffffffffe002000400f7f000101001ffffffffffe020000800f7e000100001ffffffffffe060001800f7f000080003fffffffffff071803000f7e000000007fffffffffff07f80300"`;

exports[`shall smooth the image preserving edges 6`] = `"fffe0000b5fffdffbd807fffffc00003fffe0000a5fffcdf90003fffffc00000fffe00000bfffcdcc0003fffffe00000fffe00001dffffdfe0001fffffe00010fffe00001ffffedfe8c01ffffff00060fffe00000ffffb8fe0001ffffff001c0fffe0000001bc007c0001ffffff80180fffe000003f9c003c0001ffffffc0100fffe000001bdc003c0001ffffffc0200fffe0000000e8001c0001ffffffe0000fffe00000004800184000ffffffe0000fffe0000013c9ff804000fffffff0000fffe00000398ffff0e000fffffff8000fffe00000103ffffc0000fffffff8000fdfe0000003bffffe0000fffffffc000f9fe00000073fffff8000fffffff8000f1fe00000103fffffc000fffffff8000f1fe00000003fffffe000fffffff0000e1fe00000202ffffff800ff7fffe0000e1fe00000401ffffffc00fe3fffc0001c1fe000000007fffffe00fe3fff8000381fe00000000fffffff00fe1fff0000781fe00000000fffffff80fe0fff0000701fe00000001fffffff80fe0ffe0000f01fe00000003fffffffe0fe07fc0001f01fe0000400fffffffff0fe07fc0003f01fe0000400fffffffff0fe03f80007f01fe0000800ff3ffffff8fe01f0000ff01fe0000800fe7ffffffcfe03f0000ff01fe0001801f8fffffffcfe07f0001ff01fe000180231fffffffefe0ff0003ff01fe000180443fffffffe7e3ff8007ff00fe000180007ffffffff7c7ff8007ff00fe00010000ffffffffff9fff800fff00fe00030001ffffffffffffff000fff00fe00030007dfffffffffffff001fff00fe00038007bfffffffffffff001fff00fe0003800f7fffffffffffff003fff00fe0003801efffffffffffffe007fff00fe0003c039fffffffffffffe007fff00fe0003c053fffffffffffffe00ffff00fe0003c087bffffffffffffc00ffff00fe0003f00f3ff1ffffffffcc01ffff00fe0003f00c5c0cfe7fffff0c01ffff00fe0003f0103a0e007ffffe1803ffff00fe0003c0203400007ffff03003ffff00fe0003c060600001ffffc0e007ffff00fe0003d800800002ffff03c007ffff00fe0001e800400007fffc7f800fffff00fe0001f00000000ffff83f000fffff00fe0001f00000000ffff03e000fffff00fe0000f00000000ffff03c0007ffff00fe0000f00000001ffff0300007ffff00fe0000700000003ffff8300007ffff00fe0000600000007ffff830000fffff00fe000060000001fffff830001fffff00fe000060000003fffffc10005fffff00fe000060000007fffffc10005fffff00fe00002000000ffffffc1000bfffff00fe00000000000ffffffc1000bfffff00fe00000000001ffffffc10007fffff00fe00018800003fc1fffc10007ffffe00fe00010000007fb07ff008007ffffc00fe0003800000fe003fc00800fffffc00fe000fc00000fc003fc00803ffffff00fe001f800001f800bf000803ffffff00fe001e000003f00c3f080803ffffff00fe001e000003f01e3e180807ffffff00fe003c004007c67f3e780807ffffff00fe00700000079f9f7fc00807ffffff00ff01c0c0400f1fffffe0080fffffff00fe010001000f1ffffff0080fffffff00fe03c000401e3fffeff8080fffffff00fe0f0080001c1ffffff80c1fffffff00ff00000000381ffffff80c1fffffff00ff01000008383fffdff80c1fffffff00ff06010000703fffcff80c1fffffff00fe18010030601fffcff80c3fffffff00fe04010000401fff4ff8043fffffff00fe00010003c01ffe77f0063fffffff00ff00000003801ffe87f0067fffffff00ff00008007801fff03f0067fffffff01ff0000800b000fffffe0067fffffff01ff04004032000fffffe0067fffffff01ff08002074001fffffe002ffffffff01ff10002060001fffffc002ffff7fff01ff000013c8001fffffc002ffff7fff01ff080007d00007c0008003ffff7fff01ff480407900007e1ff8003ffff7fff01ff90040f600003f1ff0003ffff7fff01ff00000fc00001f8fe0003fffe7fff00ff200827800001fe1e0003fffe7fff00ff000d03000000fffc0003fffe7fff00ff00011b000000fffc0003fffe7fff00ff0000d8000000fffc0003fffe7fff01ff0008780000003ff80003fffefffe01ff200c7f0000001ff80003fffffff801ffc0062d800003fffe00031fffffe000ff800664c00007ffff8003c0ffffc000ff2002c5800007ffffe003f800ff80c0ff400157a00003fffff803ff00ff00e0ffc1008f100003fffffc03ff84fe00f0ff800107100007fffffe03ffedfc0078ff800007a80007ffffff07fffffc007cff800003c80003ffffff07fffffc003cff800001c80047ffffff87fffff8003cff802001880007ffffffc7fffff8003cff800001c80007ffffffc7fffff0003cff804009d80047ffffffc7fffff0001cff000009f000c7ffffffe7fffff0001cff800007b800c7ffffffe7fffff0001cff8000038001c7ffffffe7ffffe0001cff800003c001cffffffff7ffffe0001cff80000720018fffffffffffffc0001cff80000130038ffffffffcffffc0001c7f80000000039ffffffff81fffc0001e7f80000800071ffffffff801ff80001e7f00000c00063ffffffff8007f80001e7f00000600063ffffffff8007f00001e7f800003000c7ffffffffc007e00001e7f8000008000fffffffffc007c00003e7f8000000000fffffffffc007800001e7f0000010003fffffffffe007000000e7f0002018007fffffffffe002000400f7f000101001ffffffffffe020000800f7e000100001ffffffffffe060001800f7f000080003fffffffffff073803000f7e000000007fffffffffff07f80300"`;
