// Jest Snapshot v1, https://goo.gl/fbAQLP

exports[`shall compute eigen values correctly 1`] = `"0000001ef800001ef800001ef80000000000001ef800001ef800001ef80000000000001ef800001ef800001ef80000000000001ef800001ef800001ef80000000000001ef800001ef800001ef80000000000001ef800001ef800001ef80000000000001ef800001ef800001ef8000000000000000000000000000000000000000000001ef800001ef800001ef80000000000001ef800001ef800001ef80000000000001ef800001ef800001ef80000000000001ef800001ef800001ef80000000000001ef800001ef800001ef80000000000001ef800001ef800001ef80000000000001ef800001ef800001ef8000000000000000000000000000000000000000000001ef800001ef800001ef80000000000001ef800001ef800001ef80000000000001ef800001ef800001ef80000000000001ef800001ef800001ef80000000000001ef800001ef800001ef80000000000001ef800001ef800001ef80000000000001ef800001ef800001ef8000000000000000000000000000000000000000000001ef800001ef800001ef80000000000001ef800001ef800001ef80000000000001ef800001ef800001ef8000000fefefefefefefefefefefefefefefefefefefefefefefefefefefefefefefefefefefefefefefefefefefefefefefefefefefefefefefefefefefefefefefefe00000000000000000000000000000000fefefefefefefefefefefefefefefefefefefefefefefefefefefefefefefefefefefefefefefefefefefefefefefefefefefefefefefefefefefefefefefefefefefefefefefefefefefefefefefefe0000001ef800001ef800001ef80000000000001ef800001ef800001ef8000000000000000000000000000000000000000000001ef800001ef800001ef80000000000001ef800001ef800001ef80000000000001ef800001ef800001ef80000000000001ef800001ef800001ef80000000000001ef800001ef800001ef80000000000001ef800001ef800001ef80000000000001ef800001ef800001ef8000000000000000000000000000000000000000000001ef800001ef800001ef80000000000001ef800001ef800001ef80000000000001ef800001ef800001ef80000000000001ef800001ef800001ef80000000000001ef800001ef800001ef80000000000001ef800001ef800001ef80000000000001ef800001ef800001ef8000000000000000000000000000000000000000000001ef800001ef800001ef80000000000001ef800001ef800001ef80000000000001ef800001ef800001ef8000000fefefefefefefefefefefefefefefefefefefefefefefefefefefefefefefefefefefefefefefefefefefefefefefefefefefefefefefefefefefefefefefefe00000000000000000000000000000000fefefefefefefefefefefefefefefefefefefefefefefefefefefefefefefefefefefefefefefefefefefefefefefefefefefefefefefefefefefefefefefefefefefefefefefefefefefefefefefefe0000001ef800001ef800001ef80000000000001ef800001ef800001ef8000000000000000000000000000000000000000000001ef800001ef800001ef80000000000001ef800001ef800001ef80000000000001ef800001ef800001ef80000000000001ef800001ef800001ef80000000000001ef800001ef800001ef80000000000001ef800001ef800001ef80000000000001ef800001ef800001ef8000000000000000000000000000000000000000000001ef800001ef800001ef80000000000001ef800001ef800001ef80000000000001ef800001ef800001ef80000000000001ef800001ef800001ef80000000000001ef800001ef800001ef80000000000001ef800001ef800001ef80000000000001ef800001ef800001ef8000000000000000000000000000000000000000000001ef800001ef800001ef80000000000001ef800001ef800001ef80000000000001ef800001ef800001ef8000000fefefefefefefefefefefefefefefefefefefefefefefefefefefefefefefefefefefefefefefefefefefefefefefefefefefefefefefefefefefefefefefefe00000000000000000000000000000000fefefefefefefefefefefefefefefefefefefefefefefefefefefefefefefefefefefefefefefefefefefefefefefefefefefefefefefefefefefefefefefefefefefefefefefefefefefefefefefefe0000001ef800001ef800001ef80000000000001ef800001ef800001ef8000000000000000000000000000000000000000000001ef800001ef800001ef80000000000001ef800001ef800001ef80000000000001ef800001ef800001ef80000000000001ef800001ef800001ef80000000000001ef800001ef800001ef80000000000001ef800001ef800001ef80000000000001ef800001ef800001ef8000000000000000000000000000000000000000000001ef800001ef800001ef80000000000001ef800001ef800001ef80000000000001ef800001ef800001ef80000000000001ef800001ef800001ef80000000000001ef800001ef800001ef80000000000001ef800001ef800001ef80000000000001ef800001ef800001ef8000000000000000000000000000000000000000000001ef800001ef800001ef80000000000001ef800001ef800001ef80000000000001ef800001ef800001ef80000000000001ef800001ef800001ef80000000000001ef800001ef800001ef80000000000001ef800001ef800001ef80000000000001ef800001ef800001ef800000000000000000000000000000000000000"`;

exports[`shall compute eigen values correctly 2`] = `"0000000000000000000000000000000000000000000000000000000000000000000000000000000000000000000000000000000000000000000000000000000000000000000000000000000000000000000000000000000000000000000000000000000000000000000000000000000000000000000000000000000000000000000000000000000000000000000000000000000000000000000000000000000000000000000000000000000000000000000000000000000000000000000000000000000000000000000000000000000000000000000000000000000000000000000000000000000000000000000000000000000000000000000000000000000000000000000000000000000000000000000000000000000000000000000000000000000000000000000000000000000000000000000000000000000000000000000000000000000000000000000000000000000000000000000000000000000000000000000000000000000000000000000000000000000000000000000000000000000000000000000000000000000000000000000000000000000000000000000000000000000000000000000000000000001ef800001ef800001ef80000000000001ef800001ef800001ef80000000000001ef800001ef800001ef80000000000001ef800001ef800001ef8000000000000000000000000000000000000000000001ef800001ef800001ef80000000000001ef800001ef800001ef80000000000001ef800001ef800001ef80000000000001ef800001ef800001ef80000000000001ef800001ef800001ef8000000000000000000000000000000000000000000000000000000000000000000000000000000000000000000000000000000000000000000000000000000000000000000000000000000000000000000000000000000000000000000000000000000000000000000000000000000000000000000000000000000000000000000000000000000000000000000000000000000000000000000000000000000000000000000000000000000000000000000000000000000000000000000000000000000000000000000000000000000000000000000000000000000000000000000000000000000000000000000000000000000000000000000000000000000000000000000000000000000000000000000000000000000000000000000000000000000000000000000000000000000000000000000000000000000000000000000000000000000000000000000000000000000000000000000000000000000000000000000001ef800001ef800001ef80000000000001ef800001ef800001ef80000000000001ef800001ef800001ef80000000000001ef800001ef800001ef8000000000000000000000000000000000000000000001ef800001ef800001ef80000000000001ef800001ef800001ef80000000000001ef800001ef800001ef80000000000001ef800001ef800001ef80000000000001ef800001ef800001ef8000000000000000000000000000000000000000000000000000000000000000000000000000000000000000000000000000000000000000000000000000000000000000000000000000000000000000000000000000000000000000000000000000000000000000000000000000000000000000000000000000000000000000000000000000000000000000000000000000000000000000000000000000000000000000000000000000000000000000000000000000000000000000000000000000000000000000000000000000000000000000000000000000000000000000000000000000000000000000000000000000000000000000000000000000000000000000000000000000000000000000000000000000000000000000000000000000000000000000000000000000000000000000000000000000000000000000000000000000000000000000000000000000000000000000000000000000000000000000000001ef800001ef800001ef80000000000001ef800001ef800001ef80000000000001ef800001ef800001ef80000000000001ef800001ef800001ef8000000000000000000000000000000000000000000001ef800001ef800001ef80000000000001ef800001ef800001ef80000000000001ef800001ef800001ef80000000000001ef800001ef800001ef80000000000001ef800001ef800001ef8000000000000000000000000000000000000000000000000000000000000000000000000000000000000000000000000000000000000000000000000000000000000000000000000000000000000000000000000000000000000000000000000000000000000000000000000000000000000000000000000000000000000000000000000000000000000000000000000000000000000000000000000000000000000000000000000000000000000000000000000000000000000000000000000000000000000000000000000000000000000000000000000000000000000000000000000000000000000000000000000000000000000000000000000000000000000000000000000000000000000000000000000000000000000000000000000000000000000000000000000000000000000000000000000000000000000000000000000000000000000000000000000000000000000000000000000000000000000000000000000000000000000000000000000000000000000000000000000000000000000000000000000000000000000000000000000000000000000000000000000000000000000000000000000000000"`;

exports[`shall find the local image variation 1`] = `"00000000000000000000000000000000000000000000000000000000000000000000000000000000000000000000000000000000000000000000000000000000000000000000000000000000000000000000000000000000000000000000000000000000000000000000000000000000000000000000220600000000000000000000000000000000000000000000000000000000000021800000000000000000000000001dfffffff80000000000000000000001ffffffffdfea0000000000000000000039ffffffffe2000000000000000000003ffffffffff00000000000000000002ffffffffffffffd800000000000000bfffffffffffffffff200000000000007ffffffffffffffffd000000000000001ffffffffffffffffa7000000000003fffffffffffffffffffff7c00000010fffffffffffffffffffffffb00000003fffffffffffffffffffffff00000002abfffffffffffffffffffffc0000003ffffffffffffffffffffffffffff600ffffffffffffffffffffffffffffff803fffffffffffffffffffffffffffff00dffffffffffffffffffffffffffffca0fffffffffffffffffffffffffffffff0fffffffffffffffffffffffffffffffffffffffffffffffffffffffffffffffffffffffffffffffffffffffffffffffcdfffffffffffffffffffffffffffffffffffffffffffffffffffffffffffffff0000000000000000000001c000000000000000000000000000000040000000000000000000047fffc00003e00000000000000000007ffffffee801c00000000000000000001fe9b9eb9f000000000000000000000009fffffe04080000000000000000003cffffffffff1a0000000000000000023ffffffffffff80000000000000000007fffffffffff80000000000000000000fcfffffffff88000000000000000000dffffffffffffb800000000000000007ffffffffffffffe00000000000000006ffffffffffffff80000000000000000237ffffffffffff00000000000000003ffffffffffffffffd00000000000002ffffffffffffffffffcc000000000000effffffffffffffffef00000000000005ffffffffffffffffffc000000000007ffffffffffffffffffff00000000007ffffffffffffffffffffff8000000000bffffffffffffffffffffff000000001fffffffffffffffffffffe000000007ffffffffffffffffffffffffe000005fffffffffffffffffffffffffff40000fffffffffffffffffffffffffc000007ffffffffffffffffffffffffec0000fffffffffffffffffffff7fffd000000fffffffffffffffffffe620130000000fffffffffffffffffff2000000000000ffffffffffffffffff80000000000000fffffffffffffc000000000000000000fffffffffff8d0000000000000000000fffffffffffff3ffffa0000000000000fffffffffffc0071f070000006000000fffffffffffc005e7040000000000000ffffffffffc000000000000000000000fffff000000000000000000000000000000000000000000000000000000000000000000000000003fffffffc0004000000000000000003ffffffffffffffffff0000000010efffffffffffffffffffff000000003ffffffffffffffffffffffb00000007ffffffffffffffffffffff7f00000007fffffffffffffffffc53ffff0000000ffffffffffffffffffffffffb00160ffffffffffffffffffffffe3ffc7817fffffffffffffffffffffc00800183fffffffffffffffffffdf800000000fffffffffffffffffffffffd00000000fffffffffffffffffffffa0000000000ffffffffffffffffffffc20000000000fffffffffffffffffffffff380000000ffffffffffffffffffffe00000000000ffffffffe7ff97fffffffe4000000000fffffffffffbfffe03ffa00000000000ffcffffffc3ff81ffffc000000000000dfffff00fff7ffff8000100000000000e7ebfffffc7ffd7000000000000000001013ffc1ffff960e3f820000000000000400f34fff8200fdf000000000000000808006780004f24000000000000000000003ff800ffffb80003a00000000000000000002fff00000020000000000000003801c0ff80000018000000000000000ffffffffffffffffffffffffffffffffffffffffffffffffffbffffffffffffffffffffffffffffffffffffffffffffffffffffffffffffffffffffffffffff9fffffffffffffffffffffffffffffffffffffffffffffffffffffffffffffffffffffffffffffffffffffffffffffffffffffffffffc641cfffffffbfffffffffffffffff0fffffffffffffcbffffffffffff801fffffffe07fffffffffffffffffffffffff807f00187ffffffffff3fffffffeffffffffffe7f8ff3e7e1dffbffffffffdf800003ffffffeff90fffffffff7ffc00004000ffff001fffffff07381e1ff41fffff0c000065e9fe3ffffffdfff38007ff01f3c000003ff02001f8f3f0040c0000007dfc00010001c7fffffffe2000100100000000000000080000fff8bffffdf803bf0000000040000000ffffc00000000000000000018fb8000f0000000000007800000008407ffffff000000000000180000000400011fff8030000000061fc0000000000f100000000a300004f9e80000000000000000000001ef80003e00000000000000000000000f70000000000000000000000000000008000000000000000000000000000000000078300000000000000000000000000fff8000200000000000000000000000f000000000000000000000000000000000000000000000000000000000000000000000000000000000000000000000000"`;

exports[`shall find the local image variation 2`] = `"00000000000000000000000000000000000000000000000000000000000000000000000000000000000000000000000000000000000000000000000000000000000000000000000000000000000000000000000000000000000000000000000000000000000000000000000000000000000000000000400000000000000000000000000000000400000000000000000000000000000000000000000000000000000000003ffffffffe0000000000000000000005ffffffffdff8000000000000000000001fffffffff40000000000000000000013fffffffffc0000000000000000000fffffffffffffffd8000000000000007fffffffffffffffff000000000000015ffffffffffffffffe800000000000003ffffffffffffffff1000000000000ffffffffffffffffffffff9c00000015fffffffffffffffffffffff800000000ffffffffffffffffffffffe400000001ffffffffffffffffffffffd0000007ffffffffffffffffffffffffffff600ffffffffffffffffffffffffffffffc0ffffffffffffffffffffffffffffff00ffffffffffffffffffffffffffffe700fffffffffffffffffffffffffffffff0fffffffffffffffffffffffffffffffffffffffffffffffffffffffffffffffcfffffffffffffffffffffffffffffffeffffffffffffffffffffffffffffffffffffffffffffffffffffffffffffffff0000000000000000000000400000000000000000000000000000000000000000000000000001fffff80003f00000000000000000003fffffffc801e00000000000000000009ffffffe1f000000000000000000000001ff333000000000000000000000004ffffffffffffe0000000000000000007ffffffffffff8000000000000000000ffffffffffff8000000000000000000007fffffffffe0000000000000000001ffffffffffffff400000000000000007ffffffffffffffe00000000000000001ffffffffffffff4000000000000000003fffffffffffff00000000000000003ffffffffffffffffe800000000000017ffffffffffffffffffe0000000000007ffffffffffffffffff00000000000003fffffffffffffffffc000000000000ffffffffffffffffffffff000000000fffffffffffffffffffffffc000000003fffffffffffffffffffffe0000000001fffffffffffffffffffff9800000007ffffffffffffffffffffffffc000001ffffffffffffffffffffffffffe00001fffffffffffffffffffffffffd4000007fffffffffffffffffffffffe00000fffffffffffffffffffff7fffd000000fffffffffffffffffffe620130000000fffffffffffffffffff0000000000000ffffffffffffffffff80000000000000fffffffffffffc000000000000000000fffffffffff8d0000000000000000000fffffffffffffbffffa0000000000000fffffffffffc0071f070000006000000fffffffffffc005e7040000000000000ffffffffffc000000000000000000000fffff000000000000000000000000000000000000000000000000000000000000000000000000003fffffffc0004000000000000000003ffffffffffffffffff0000000010efffffffffffffffffffff000000003ffffffffffffffffffffffb00000017ffffffffffffffffffffff7f00000007fffffffffffffffffc53ffff0000002ffffffffffffffffffffffffb00160ffffffffffffffffffffefe3fd47837fffffffffffffffffffffc80800183fffffffffffffffffffdf800000000fffffffffffffffffffffffd00000000fffffffffffffffffffffa0000000000ffffffffffffffffffffc20000000000fffffffffffffffffffffff380000000ffffffffffffffffffffe00000000000ffffffffe7ff87fffffffc0000000000fffffffffffbfffe03ffe00000000000ffcffffffc3ff81ffffc000000000000dfffff00fff7ffff8040100000000000e3e3df7ffc7ffc300000000000000000101bffc9ffff9e0e3f820000000000000400f36fff8300fdf000000000000000c08006780004f24000000000000000000003fe800ffffb80002a00000000000000020002fff00000020000000000000003801c0ff80000018000000000000000ffffffffffffffffffffffffffffffffffffffffffffffffffbffffffffffffffffffffffffffffffffffffffffffffffffffffffffffffffffffffffffffff9fffffffffffffffffffffffffffffffffffffffffffffffffffffff7fffffffffffffffffffffffffffffffffffffffffffffffffffc641cfffffffbfffffffffffffffff0fffffffffffffebffffffffffff801fffffffe07fffffffffffffffffffffffff807f00187ffffffffff3fffffffeffffffffffe7f8ff3e7e1dffbffffffffdf800003ffffffeff90fffffffff7ff800004000ffff001fffffff07381e1ff41fffff0c000065edfe3ffffffdfff38007ff01f3c000003ff02001f8f3f0040c0000007dfc00010001c7fffffffe2000100100000010000000080000fff8bffffdf803bf0000000040000000ffffc00000000000000000018fb8000f0000000000007800000008407ffffff0000000000001800000004000117ff8030000000061fc0000000000f100000000a300004f9e80000000000000000000001ef80003e00000000000000000000000f70000000000000000000000000000008000000000000000000000000000000000078300000000000000000000000000fff8000200000000000000000000000f000000000000000000000000000000000000000000000000000000000000000000000000000000000000000000000000"`;

exports[`shall find the local image variation 3`] = `"fffe0000f5ffffffbd807fffffc00003fffe000077fffcffd0003fffffc00000fffe00000bfffcdc40003fffffe00000fffe000019ffff9fa0001fffffe00010fffe00001ffffe5fe0901ffffff00060fffe00000ffdfd8ec0001ffffff001c0fffe0000019bc007c0001ffffff80180fffe000001f9c003c0001ffffffc0300fffe000001bdc003c0001ffffffc0200fffe0000000e8000c8001ffffffe0000fffe00000006800184000ffffffe0000fffe0000012c9ff80c000fffffff0000fffe00000218ffff0e000fffffff8000fffe00000003ffffc0000fffffff8000fdfe0000007bffffe0000fffffffc000f9fe000001f1fffff8000fffffff8000f1fe000001037ffffc000fffffff8000f1fe00000003ffffff000fffffff0000e1fe00000202ffffff800fe7fffc0000e1fe00000401ffffffc00fe3fffc0001c1fe000000007fffffe00fe3fff8000381fe00000000fffffff00fe1fff0000781fe00000000fffffff80fe0fff0000701fe00000003fffffff80fe0ffe0000f01fe00000003fffffffe0fe07fc0001f01fe0000400fffffffff0fe07fc0003f01fe0000400ffbffffff0fe03f80007f01fe0000800ff3ffffff8fe01f0000ff01fe0000801fc7ffffffcfe03f0000ff01fe0001801f8fffffffcfe07f0001ff01fe000180231fffffffefe0ff0003ff01fe000180443fffffffe7e3ff8007ff00fe000180007ffffffff7c7ff8007ff00fe00030000ffffffffff9fff800fff00fe00030001ffffffffffffff000fff00fe00030007ffffffffffffff001fff00fe00038007bfffffffffffff001fff00fe0003800f7fffffffffffff003fff00fe0003801efffffffffffffe007fff00fe0003c029fffffffffffffe007fff00fe0003c043fffffffffffffe00ffff00fe0003c087bffffffffffffc00ffff00fe0003f00b3ff9ffffffffcc01ffff00fe0003f0085c0cfe7fffff1c01ffff00fe0003d8103a0e007ffffe1803ffff00fe0003c0003400007ffff03003ffff00fe0003c000400001ffffc0e007ffff00fe0003d800800002ffff03c007ffff00fe0001e800400007fffc7f800fffff00fe0001f00000000ffff03f000fffff00fe0001f00000001ffff03e000fffff00fe0000f00000000ffff03c0007ffff00fe0000f00000001ffff8300007ffff00fe0000700000003ffff8300007ffff00fe0000600000007ffff830000fffff00fe000060000001fffff830001fffff00fe000060000003fffffc10005fffff00fe000060000007fffffc10007fffff00fe00002000000ffffffc1000bfffff00fe00000400000ffffffc1000bfffff00fe00001000001ffffffc10007fffff00fe00018800003fc1fffc10007ffffe00fe00010000007fb07ff008007ffffc00fe0003800000fe003fc00800fffffc00fe000fc00000fc003fc00803ffffff00fe001f800001f800ff000803ffffff00fe001e000003f00c3f080803ffffff00fe001e000003f01e3e180807ffffff00fe003c004007c67f3e780807ffffff00fe00700000079f9f7fc00807ffffff00ff01c040400f1fffffe0080fffffff00fe010001000e3ffffff0080fffffff00fe03c000401e3ffffff8080fffffff00ff0f0000001c3ffffff80c1fffffff00fe00000000381ffffff80c1fffffff00ff01000008383fffdff80c1fffffff00ff06010020703fffcff80c1fffffff00fe18010030601fffcff80c3fffffff00fe04010000c01fff4ff8043fffffff00fe00010003c01ffef7f0063fffffff00ff00000003801ffe87f0067fffffff00ff00008003801fff03f0067fffffff01ff0000840b000fffffe0067fffffff01ff04004032000fffffe0067fffffff01ff08002070000fffffe002ffffffff01ff00000060000fffffc002ffffffff01ff000011c8001fffffc002ffff7fff01ff080007d00007c0008003ffff7fff01ff480407900003e1ff8003ffff7fff01ff90040f600003f1ff0003ffff7fff01ff00000fc00001f8fe0003ffff7fff00ff200827800001ff1e0003fffe7fff00ff000d03000000fffc0003fffe7fff00ff00011b000001fffc0003fffe7fff00ff0000d80000007ffc0003fffe7fff01ff0008780000003ff80003fffefffe01ff200c7f0000001ff80003fffffff801ffc0063d800003fffe00031fffffe000ff800664c00007ffff8003c0ffffc000ff2002c5800007ffffe003f800ff80c0ff400157a00003fffff803ff00ff00e0ffc1008f100003fffffc03ff84fe00f0ff800107100007fffffe03ffedfc0078ffc00007a00007ffffff07fffffc007cff800003d80003ffffff07fffffc003cff800001c80047ffffff87fffff8003cff800001880007ffffffc7fffff8003cff800001c80007ffffffc7fffff0003cff804009d80047ffffffc7fffff0001cff00000bf000c7ffffffe7fffff0001cff800007b800c7ffffffe7fffff0001cff8000038001c7ffffffe7ffffe0001cff800003c001cffffffff7ffffe0001cff80000720018fffffffffffffc0001cff80000130038ffffffffcffffc0001c7f80000000019ffffffff81fffc0001e7f80000800071ffffffff801ff80001e7f00000c00063ffffffff8007f00001e7f00000600043ffffffff8007f00001e7f800003000c7ffffffffc007e00001e7f8000008010fffffffffc007c00003e7f8000000000fffffffffc007800001e7f0000010003fffffffffe007000000e7f0002010007fffffffffe006000400f7f000101001ffffffffffe020000800f7e000100001ffffffffffe060001800f7f000080003fffffffffff073803000f7e000000007fffffffffff07f80300"`;

exports[`shall find the local image variation 4`] = `"fffe0000f5fffdffbd007fffffc00003fffe0000bdfffddf90003fffffc00000fffe00000bfffcdfc0003fffffe00000fffe00001dffffdfe1001fffffe00010fffe00001fffff5fe0401ffffff000e0fffe00000bfdff8fe0001ffffff001c0fffe0000051bc007c0001ffffff80180fffe000003f9c003c0001ffffffc0100fffe000001bdc003c0001ffffffc0200fffe0000000c0001c0001ffffffe0000fffe00000004800184000ffffffe0000fffe0000013c9ff804000fffffff0000fffe00000398ffff0e000fffffff8000fffe00000003ffffc0000fffffff8000f9fe0000003bffffe0000fffffffc000f9fe000001f1fffff8000fffffff8000f1fe000001037ffffc000fffffff8000f1fe00000003fffffe000fffffff0000e1fe00000202ffffff800ff7fffc0000e1fe000004017fffffc00fe3fffc0001c1fe000000007fffffe00fe3fff8000381fe00000000fffffff00fe1fff0000381fe00000000fffffff80fe0fff0000701fe00000001fffffff80fe0ffe0000f01fe00000001fffffffe0fe07fc0001f01fe0000000fffffffff0fe07fc0003f01fe0000400fffffffff0fe03f80007f01fe0000800ff3ffffff8fe01f0000ff01fe0000801fc7ffffffcfe03f0000ff01fe0001801f8fffffffcfe07f0001ff01fe000180231fffffffefe0ff0003ff01fe000180443fffffffe7e3ff8007ff00fc000180007ffffffff7c7ff8007ff00fe00030000ffffffffff9fff800fff00fe00030001ffffffffffffff000fff00fe00030007ffffffffffffff001fff00fe00038007bfffffffffffff001fff00fe0003800f7fffffffffffff003fff00fe0003801efffffffffffffe007fff00fe0003c029fffffffffffffe007fff00fe0003c053fffffffffffffe00ffff00fe0003c087bffffffffffffc00ffff00fe0003f00f3ff9ffffffffcc01ffff00fe0003f0085c0cfe7fffff1c01ffff00fe0003d8103a0e007ffffe1803ffff00fe0003c0003400007ffff03003ffff00fe0003c040400001ffffc0e007ffff00fe0003d800800002ffff03c007ffff00fe0001e800400007fffc7f800fffff00fe0001f00000000ffff03f000fffff00fe0001f00000001ffff03e000fffff00fe0000f00000000ffff03c0007ffff00fe0000f00000001ffff0300007ffff00fe0000700000003ffff8300007ffff00fe0000600000007ffff830000fffff00fe000060000001fffff830001fffff00fe000060000003fffffc10005fffff00fe000060000007fffffc10005fffff00fe00002000000ffffffc1000bfffff00fe00000400000ffffffc10003fffff00fe00001000001ffffffc10007fffff00fe00018800003fc1fffc10007ffffe00fe00010000007fb07ff008007ffffc00fe0003800000fe083fc00800fffffc00fe000fc00000fc003fc00803ffffff00fe001f800001f800ff000803ffffff00fe001e000003f00c3f080803ffffff00fe001e000003f01e3e180807ffffff00fe003c004007c67f3e780807ffffff00fe00700000079f9f7fc00807ffffff00fe01c040400f1fffffe0080fffffff00fe010001000e3ffffff0080fffffff00fe03c000401e3ffffff8080fffffff00fe0f0000001c3ffffff80c1fffffff00fe00000000381ffffff80c1fffffff00ff01000008383fffdff80c1fffffff00ff06010020703fffcff80c1fffffff00fe18010030601fffcff80c3fffffff00fe04010000c01ffe4ff8043fffffff00fe00010003c01ffe77f0063fffffff00ff00000003801ffe87f0067fffffff00ff00008003801fff03f0067fffffff01ff0000840b001fffffe0067fffffff01ff04004032000fffffe0067fffffff01ff08002070001fffffe002ffffffff01ff00000060001fffffc002ffff7fff01ff000011c8001fffffc002ffff7fff01ff080007d00007c0008003ffff7fff01ff480407900007e1ff8003ffff7fff01ff90040f600003f1ff0003ffff7fff01ff00000fc00001f8fe0003ffff7fff00ff200827800001ff1e0003fffe7fff00ff000d03000000fffc0003fffe7fff00ff00011b000001fffc0003fffe7fff00ff0000d8000000fffc0003fffe7fff01ff0008780000003ff80003fffefffe01ff200c7f0000001ff80003fffffff801ffc0063d800003fffe00031fffffe000ff800664c00007ffff8003c07fffc000ff2002c5800007ffffe003f800ff80c0ff400157a00003fffff803fe00ff00e0ffc1008f100003fffffc03ff84fe00f0ff800107100007fffffe03ffedfc0078ffc00007a00007ffffff07fffffc007cff800003d80003ffffff07fffffc003cff800001c80047ffffff87fffff8003cff800001880007ffffffc7fffff8003cff800001c80007ffffffc7fffff0003cff804009d80047ffffffc7fffff0001cff00000bf000c7ffffffe7fffff0001cff800007b800c7ffffffe7fffff0001cff8000038001c7ffffffe7ffffe0001cff800003c001cffffffff7ffffe0001cff80000720018fffffffffffffc0001cff80000130038ffffffffcffffc0001c7f80000000039ffffffff81fffc0001e7f80000800071ffffffff801ff80001e7f00000c00063ffffffff8007f00001e7f00000600043ffffffff8007f00001e7f800003400c7ffffffffc007e00001e7f8000008010fffffffffc007c00003e7f8000000000fffffffffc007800001e7f0000010003fffffffffe007000000e7f0002010007fffffffffe006000400f7f000101001ffffffffffe020000800f7e000100001ffffffffffe060001800f7f000080003fffffffffff073803000f7e000000007fffffffffff07f80300"`;
