// Jest Snapshot v1, https://goo.gl/fbAQLP

exports[`shall smooth the image preserving edges 1`] = `"000000000000000000000000000000000000000000000000000000000000000000000000000000000000000000000000000000000000000000000000000000000000000000000000000000000000000000000000000000000000000000000000000000000000000000000000000000000000000000000000000000000000000000000000000000000000000000000000000000000014fdc000000000000000000000000005fffffff000000000000000000000000fffffffdf80000000000000000000003fffffffffd000000000000000000007fffffffffffc0000000000000000007fffffffffffff900000000000000002ffffffffffffffff0000000000000007fffffffffffffffff80000000000001ffffffffffffffffffe004000000003ffffffffffffffffffffe0800000000fffffffffffffffffffffff800000001fffffffffffffffffffffff40000007fffffffffffffffffffffffffc00003fffffffffffffffffffffffffffe600bfffffffffffffffffffffffffffd600ffffffffffffffffffffffffffffff90ffffffffffffffffffffffffffffffc0ffffffffffffffffffffffffffffffe0fffffffffffffffffffffffffffffff0ffffffffffffffffffffffffffffffffffffffffffffffffffffffffffffffffffffffffffffffffffffffffffffffffffffffffffffffffffffffffffffffff000000000000000000000060000000000000000000000000000003e0000000000000000000003b7b000001e000000000000000000001fffff80000000000000000000000001ffffffe1f0000000000000000000000ffffffffce1800000000000000000003ffffffffff7c0000000000000000000ffffffffffff00000000000000000007fffffffffff80000000000000000001ffffffffffffc0000000000000000001ffffffffffffe0000000000000000007fffffffffffff000000000000000001ffffffffffffffc0000000000000000fffffffffffffffe0000000000000001ffffffffffffffffc000000000000003fffffffffffffffffc0000000000001fffffffffffffffffff8000000000003fffffffffffffffffffe000000000007ffffffffffffffffffff00000000001ffffffffffffffffffffff0000000003ffffffffffffffffffffff800000000ffffffffffffffffffffffff00000003ffffffffffffffffffffffff80000007ffffffffffffffffffffffffc000001ffffffffffffffffffffffffffc0001fffffffffffffffffffffffffff80003ffffffffffffffffffff7fffd000000fffffffffffffffffffe620130000000fffffffffffffffffff0000000000000ffffffffffffffffff80000000000000fffffffffffffc000000000000000000fffffffffff8d0000000000000000000fffffffffffff3ffffa0000000000000fffffffffffc0071f070000006000000fffffffffffc001e7040000000000000ffffffffffc000000000000000000000fffff000000000000000000000000000000000000000000000000000000000000000000000000003fffffffc0004000000000000000003ffffffffffffffffff0000000010efffffffffffffffffffff000000003fffffffffffffffffffffff00000007ffffffffffffffffffffff7f00000007fffffffffffffffffc53ffff0000002ffffffffffffffffffffffffb001e1ffffffffffffffffffffffe3ffe7817fffffffffffffffffffffc00800183fffffffffffffffffffdf800000000fffffffffffffffffffffffd00000000fffffffffffffffffffffe0000000000ffffffffffffffffffffc20000000000fffffffffffffffffffffff380000000ffffffffffffffffffffe00000000000ffffffffe7ff97ffffffff4000000000ffffffffffdafffe03ffa00000000000ffcffffffc3ff81ffffc000000000000dfffff00fff3ffff8040000000000000e7ebff7ffc7ffd7000000000000000001003ffc1ffff960e3f820000000000000000f3efff80007df000000000000000c08406780004f24000000000000000000003ff800ffffb80003e00000000000000000002fff00000020000000000000003801c07f80000018000000000000000ffffffffffffffffffffffffffffffffffffffffffffffffffbffffffffffffffffffffffffffffffffffffffffffffffffffffffffffffffffffffffffffff9fffffffffffffffffffffffffffffffffffffffffffffffffffffffffffffffffffffffffffffffffffffffffffffffffffffffffffc641cfffffffbfffffffffffffffff0fffffffffffffcbffffffffffff801fffffffe07fffffffffffffffffffffffff003f00087ffffffffff3fffffffeffffffffffe7f87f3e7e1dffbffffffffdf800003ffffffeff90fffffffff7ffc00004000ffff001fffffff07381e07f61fffff0c000075f9fc3ffffffdfff38007ff01f3c000003ff02001f8f3f0040c0000007dfc00010001c7fffffffe2000100100000000000000080000fff8bffffdf803ff0000000040000000ffffc000000000000000000187b8000f0000000000007800000008407ffffff000000000000180000000400011fff8030000000061fc0000000000fd00000000a300004f9f80000000000000000000001ef80003e00000000000000000000000f70000000000000000000000000000008000000000000000000000000000000000078300000000000000000000000000fff8000200000000000000000000000f000000000000000000000000000000000000000000000000000000000000000000000000000000000000000000000000"`;

exports[`shall smooth the image preserving edges 2`] = `"000000000000000000000000000000000000000000000000000000000000000000000000000000000000000000000000000000000000000000000000000000000000000000000000000000000000000000000000000000000000000000000000000000000000000000000000000000000000000000000000000000000000000000000000000000000000000000000000000000000014f7c000000000000000000000000001fffffff000000000000000000000000fffffffff80000000000000000000003fffffffffd000000000000000000003fffffffffffc0000000000000000007fffffffffffff900000000000000003ffffffffffffffff0000000000000007fffffffffffffffff80000000000001ffffffffffffffffffe004000000003ffffffffffffffffffffc0800000000fffffffffffffffffffffff800000001fffffffffffffffffffffff40000007fffffffffffffffffffffffffc00003fffffffffffffffffffffffffffe600bfffffffffffffffffffffffffffd600ffffffffffffffffffffffffffffff90ffffffffffffffffffffffffffffff80ffffffffffffffffffffffffffffffe0fffffffffffffffffffffffffffffff0ffffffffffffffffffffffffffffffffffffffffffffffffffffffffffffffffffffffffffffffffffffffffffffffffffffffffffffffffffffffffffffffff000000000000000000000020000000000000000000000000000003e0000000000000000000003f7b000001e000000000000000000001fffff80000000000000000000000001ffffffe1f0000000000000000000000ffffffffce1800000000000000000003ffffffffff7c0000000000000000000ffffffffffff00000000000000000007fffffffffff80000000000000000001ffffffffffffc0000000000000000001ffffffffffffe0000000000000000007fffffffffffff000000000000000001ffffffffffffffc00000000000000007ffffffffffffffe0000000000000001ffffffffffffffffc000000000000003fffffffffffffffffc0000000000001fffffffffffffffffff8000000000003fffffffffffffffffffe000000000007ffffffffffffffffffff00000000001ffffffffffffffffffffff0000000003ffffffffffffffffffffff800000000ffffffffffffffffffffffff00000003ffffffffffffffffffffffffc0000007ffffffffffffffffffffffffc000001ffffffffffffffffffffffffffc0000fffffffffffffffffffffffffff80003ffffffffffffffffffff7fffd000000fffffffffffffffffffe620130000000fffffffffffffffffff0000000000000ffffffffffffffffff80000000000000fffffffffffffc000000000000000000fffffffffff8d0000000000000000000fffffffffffff3ffffa0000000000000fffffffffffc0071f070000006000000fffffffffffc001e7040000000000000ffffffffffc000000000000000000000fffff000000000000000000000000000000000000000000000000000000000000000000000000003fffffffc0004000000000000000003ffffffffffffffffff0000000010efffffffffffffffffffff000000003fffffffffffffffffffffff00000007ffffffffffffffffffffff7f00000007fffffffffffffffffc53ffff0000002ffffffffffffffffffffffffb001e1ffffffffffffffffffffffe3ffe7817fffffffffffffffffffffc00000183fffffffffffffffffffdf800000000fffffffffffffffffffffffd00000000fffffffffffffffffffffe0000000000ffffffffffffffffffffc20000000000fffffffffffffffffffffff380000000ffffffffffffffffffffe00000000000ffffffffe7ff97ffffffff4000000000fffffffffffafffe03ffa00000000000ffcffffffc3ff81ffffc000000000000dfffff00fff3ffff8040000000000000e7ebff7ffc7ffd7000000000000000001003ffc1ffff960e3f820000000000000000f3efff80007df000000000000000c08406780004f24000000000000000000003ff800ffffb80003e00000000000000000000fff00000020000000000000003801c07f80000018000000000000000ffffffffffffffffffffffffffffffffffffffffffffffffffbffffffffffffffffffffffffffffffffffffffffffffffffffffffffffffffffffffffffffff9fffffffffffffffffffffffffffffffffffffffffffffffffffffffffffffffffffffffffffffffffffffffffffffffffffffffffffc641cfffffffbfffffffffffffffff0fffffffffffffcbffffffffffff801fffffffe07fffffffffffffffffffffffff003f00087ffffffffff3fffffffeffffffffffe7f87f3e7e1dffbffffffffdf800003ffffffeff90fffffffff7ffc00004000ffff001fffffff07381e07f61fffff0c000075f9fc3ffffffdfff38007ff01f3c000003ff02001f8f3f0040c0000007dfc00010001c7fffffffe2000100100000000000000080000fff8bffffdf803ff0000000040000000ffffc000000000000000000187b8000f0000000000007800000008407ffffff000000000000180000000400011fff8030000000061fc0000000000fd00000000b300004f9f80000000000000000000001ef80003e00000000000000000000000f70000000000000000000000000000008000000000000000000000000000000000078300000000000000000000000000fff8000200000000000000000000000f000000000000000000000000000000000000000000000000000000000000000000000000000000000000000000000000"`;

exports[`shall smooth the image preserving edges 3`] = `"000000000000000000000000000000000000000000000000000000000000000000000000000000000000000000000000000000000000000000000000000000000000000000000000000000000000000000000000000000000000000000000000000000000000000000000000000000000000000000000000000000000000000000000000000000000000000000000000000000000014ffc000000000000000000000000001fffffff000000000000000000000000fffffffff80000000000000000000003fffffffffd000000000000000000003fffffffffffc0000000000000000007fffffffffffff900000000000000003ffffffffffffffff0000000000000007fffffffffffffffff80000000000001ffffffffffffffffffc004000000003ffffffffffffffffffffc0800000000fffffffffffffffffffffff800000010fffffffffffffffffffffff40000007fffffffffffffffffffffffffc00003fffffffffffffffffffffffffffe600bfffffffffffffffffffffffffffd700ffffffffffffffffffffffffffffff90ffffffffffffffffffffffffffffff80ffffffffffffffffffffffffffffffe0fffffffffffffffffffffffffffffff0fffffffffffffffffffffffffffffffeffffffffffffffffffffffffffffffffffffffffffffffffffffffffffffffffffffffffffffffffffffffffffffffff000000000000000000000020000000000000000000000000000003e0000000000000000000002f7b000001e000000000000000000001fffff80000000000000000000000001ffffffe1f00000000000000000000007fffffffce1800000000000000000003ffffffffff7c0000000000000000000ffffffffffff00000000000000000007fffffffffff80000000000000000001ffffffffffffc0000000000000000001ffffffffffffe0000000000000000007fffffffffffff000000000000000001ffffffffffffffc00000000000000007ffffffffffffffe0000000000000001ffffffffffffffffc000000000000003fffffffffffffffffc0000000000001fffffffffffffffffff8000000000003fffffffffffffffffffe000000000007ffffffffffffffffffff00000000001ffffffffffffffffffffff0000000003ffffffffffffffffffffff800000000ffffffffffffffffffffffff00000003ffffffffffffffffffffffffc0000007ffffffffffffffffffffffffc000001ffffffffffffffffffffffffffc0000fffffffffffffffffffffffffff80007ffffffffffffffffffffffffd000000fffffffffffffffffffe620130000000fffffffffffffffffff0000000000000ffffffffffffffffff80000000000000fffffffffffffc000000000000000000fffffffffff8d0000000000000000000fffffffffffff3ffffa0000000000000fffffffffffc0071f070000006000000fffffffffff8001e7040000000000000ffffffffffc000000000000000000000fffff000000000000000000000000000000000000000000000000000000000000000000000000003fffffffc0004000000000000000003ffffffffffffffffff0000000000ffffffffffffffffffffff000000003fffffffffffffffffffffff00000007ffffffffffffffffffffff7f00000007fffffffffffffffffc53ffff0000002ffffffffffffffffffffffffb001e1ffffffffffffffffffffffe3ffe7817fffffffffffffffffffffc00000183fffffffffffffffffffdf800000000fffffffffffffffffffffffd00000000fffffffffffffffffffffe0000000000ffffffffffffffffffffc20000000000fffffffffffffffffffffff380000000ffffffffffffffffffffe00000000000ffffffffe7ff87ffffffff4000000000fffffffffffafffe03ffa00000000000ffdffffffc3ff81ffffc000000000000dfffff00fff3ffff8040000000000000e7ebff7ffc7ffd7000000000000000001003ffc3ffff960e3f820000000000000000f3efff80007df000000000000000c08406780004f2c000000000000000000003ff800ffffb80003e00000000000000000000fff00000020000000000000003801c07f80000018000000000000000ffffffffffffffffffffffffffffffffffffffffffffffffffbffffffffffffffffffffffffffffffffffffffffffffffffffffffffffffffffffffffffffff9fffffffffffffffffffffffffffffffffffffffffffffffffffffffffffffffffffffffffffffffffffffffffffffffffffffffffffc641cfffffffbfffffffffffffffff0fffffffffffffcbffffffffffff801fffffffe07fffffffffffffffffffffffff003f00087ffffffffff3fffffffeffffffffffe7f87f3e7e1dffbffffffffdf800003ffffffeff90fffffffff7ffc00004000ffff001fffffff07381e07fe1fffff0c000075f9fc3ffffffdfff38007ff01f3c000003ff02001f8f3f0040c0000007dfc00000001c7fffffffe2000100100000000000000080000fff8bffffdfc03ff0000000040000000ffffc000000000000000000187b8000f0000000000007800000008407ffffff000000000000180000000400011fff0030000000061fc0000000000fd00000000a300004f9f80000000000000000000001ef80003e00000000000000000000000f70000000000000000000000000000008000000000000000000000000000000000078300000000000000000000000000fff8000200000000000000000000000f000000000000000000000000000000000000000000000000000000000000000000000000000000000000000000000000"`;

exports[`shall smooth the image preserving edges 4`] = `"fffe0000a5fffdffbd807fffffc00003fffe0000a5fffcdfc0003fffffc00000fffe00001bfffcdfc0003fffffe00000fffe00001dffffdfe0001fffffe00010fffe00001fffffdfe0401ffffff00060fffe00000dffff8fe0001ffffff001c0fffe0000009bc007c0001ffffff80180fffe000003f9c003c0001ffffffc0100fffe000001bdc003c0001ffffffc0200fffe0000000c8001c0000ffffffe0000fffe0000000c800184000ffffffe0000fffe0000013c9ff80c000fffffff0000fffe00000398ffff06000fffffff8000fffe00000903ffffc0000fffffff8000f9fe0000003bffffe0000fffffffc000f9fe000001f3fffff8000fffffff8000f1fe00000103fffffc000fffffff8000f1fe00000003fffffe000fffffff0000e1fe00000202ffffff800ff7fffe0000e1fe00000401ffffffc00fe3fffc0001c1fe000000007fffffe00fe3fff8000381fe00000000fffffff00fe1fff0000781fe00000000fffffff80fe0fff0000701fe00000001fffffff80fe0ffe0000f01fe00000001fffffffe0fe07fc0001f01fe00004007ffffffff0fe07fc0003f01fe0000400fffffffff0fe03f80007f01fe0000800ff3ffffff8fe01f0000ff01fe0000801fe7ffffffcfe03f0000ff01fe0001801f8fffffffcfe07f0001ff01fe000180231fffffffefe0ff0003ff01fe000180043fffffffe7e3ff8007ff00fe000180007ffffffff7c7ff8007ff00fe00010000ffffffffff9fff800fff00fe00030001ffffffffffffff000fff00fe00030007dfffffffffffff001fff00fe00038007bfffffffffffff001fff00fe0003800f7fffffffffffff003fff00fe0003801efffffffffffffe007fff00fe0003c029fffffffffffffe007fff00fe0003c053fffffffffffffe00ffff00fe0003e087bffffffffffffc00ffff00fe0003f00f3ff9ffffffffcc01ffff00fe0003f0085c0cfe7fffff0c01ffff00fe0003f8103a0e007ffffe1803ffff00fe0003c0203400007ffff03003ffff00fe0003c000400001ffffc0e007ffff00fe0003d800800002ffff03c007ffff00fe0001f800400007fffc7f800fffff00fe0001f00000000ffff83f000fffff00fe0001f00000000ffff03e000fffff00fe0000f00000000ffff03c0007ffff00fe0000f00000001ffff0300007ffff00fe0000700000003ffff8300007ffff00fe0000600000007ffff830000fffff00fe000060000001fffff830001fffff00fe000060000003fffffc10005fffff00fe000060000007fffffc10005fffff00fe00002000000ffffffc1000bfffff00fe00000400000ffffffc1000bfffff00fe00000000001ffffffc10007fffff00fe00018800003fc1fffc10007ffffe00fe00010000007fb07ff008007ffffc00fe0003800000fe003fc00800fffffc00fe000fc00000fc003fc00803ffffff00fe001f800003f800ff000803ffffff00fe001e000003f00c3f080803ffffff00fe001e000003f01e3e180807ffffff00fe003c004007c67f3e780807ffffff00fe00700040079f9f7fc00807ffffff00ff01c040400f1fffffe0080fffffff00fe010000000f1ffffff0080fffffff00fe03c000401e3ffffff8080fffffff00fe0f0000001c1ffffff80c1fffffff00ff00000000381ffffff80c1fffffff00ff01000008383fffdff80c1fffffff00ff06010000703fffcff80c1fffffff00fe18010030603fffcff80c3fffffff00fe04010000401fff4ff8043fffffff00fe00010003c01ffe77f0063fffffff00ff00000003801ffe87f0067fffffff00ff00008003801fff07f0067fffffff01ff0000800b000fffffe0067fffffff01ff04004032000fffffe0067fffffff01ff08002074001fffffe002ffffffff01ff10002060001fffffc002ffff7fff01ff000013c8001fffffc002ffff7fff01ff080007d00007c0008003ffff7fff01ff480407900007e1ff8003ffff7fff01ff90040f600003f1ff0003ffff7fff01ff00000fc00001f8fe0003ffff7fff00ff200827800001fe1e0003fffe7fff00ff000d03000000fffc0003fffe7fff00ff000113000000fffc0003fffe7fff00ff0000d8000000fffc0003fffe7fff01ff0008780000003ff80003fffefffe01ff200c7f0000001ff80003fffffff801ffc0062d800003fffe00031fffffe000ff800664c00007ffff8003c0ffffc000ff2002c5800007ffffe003f800ff80c0ff400157a00003fffff803fe00ff00e0ffc1008f100003fffffc03ff84fe00f8ff800107100007fffffe03ffedfc0078ff800007a80007ffffff07fffffc007cff800003d80003ffffff07fffffc003cff800001c80047ffffff87fffff8003cff802001880007ffffffc7fffff8003cff800001c80007ffffffc7fffff0003cff804009d80047ffffffc7fffff0001cff80000bf000c7ffffffe7fffff0001cff800007b800c7ffffffe7fffff0001cff8000038001c7ffffffe7ffffe0001cff800003c001cffffffff7ffffe0001cff80000720018fffffffffffffc0001cff80000130038ffffffffcffffc0001c7f80000000039ffffffff81fffc0001e7f80000800071ffffffff801ff80001e7f00000c00063ffffffff8007f80001e7f00000600063ffffffff8007f00001e7f800003000c7ffffffffc007e00001e7f8000008000fffffffffc007c00003e7f8000000000fffffffffc007800001e7f0000010003fffffffffe007000000e7f0000010007fffffffffe000000400f7f000101001ffffffffffe020000800f7e000100001ffffffffffe060001800f7f000080003fffffffffff073803000f7e000000007fffffffffff07f80300"`;

exports[`shall smooth the image preserving edges 5`] = `"fffe0000a5fffdffb5007fffffc00003fffe000065fffcdfc0003fffffc00000fffe00001bfffcdfc0003fffffe00000fffe00001fffffdfe0001fffffe00010fffe00001fffffdfe0401ffffff00060fffe00000dfffb0fe0001ffffff001c0fffe0000001bc007c0001ffffff80180fffe000003f9c003c0001ffffffc0100fffe000001bdc003c0001ffffffc0200fffe0000000c8001c0000ffffffe0000fffe0000000c800184000ffffffe0000fffe0000011c9ff804000fffffff0000fffe00000398ffff06000fffffff8000fffe00000003ffffc0000fffffff8000fdfe0000003fffffe0000fffffffc000f9fe000000f3fffff8000fffffff8000f1fe00000103fffffc000fffffff8000f1fe00000203fffffe000fffffff0000e1fe00000203ffffff800ffffffe0000e1fe00000401ffffffc00fe3fffc0001c1fe000000007fffffe00fe3fff8000381fe00000000fffffff00fe1fff0000781fe00000000fffffff80fe0fff0000701fe00000001fffffff80fe0ffe0000f01fe00000003fffffffe0fe07fc0001f01fe00004007ffffffff0fe07fc0003f01fe0000400fffffffff0fe03f80007f01fe0000800ff3ffffff8fe01f0000ff01fe0000801fe7ffffffcfe03f0000ff01fe0001801f8fffffffcfe07f0001ff01fe000180231fffffffefe0ff0003ff01fe000180043fffffffe7e3ff8007ff00fe000180007ffffffff7c7ff8007ff00fe00010000ffffffffff9fff000fff00fe00030001ffffffffffffff000fff00fe00030003dfffffffffffff001fff00fe00038007bfffffffffffff001fff00fe0003800f7fffffffffffff003fff00fe0003801efffffffffffffe007fff00fe0003c039fffffffffffffe007fff00fe0003c043fffffffffffffe00ffff00fe0003e087bffffffffffffc00ffff00fe0003f00f3ff9ffffffffcc01ffff00fe0003f00c5c0cfe7fffff1c01ffff00fe0003f0101a0e007ffffe1803ffff00fe0003c020340000fffff03003ffff00fe0003c000600001ffffc0e007ffff00fe0003d800c00002ffff03c007ffff00fe0001f800400007fffc3f800fffff00fe0001f00000000ffff83f000fffff00fe0001f00000000ffff03e000fffff00fe0000f00000000ffff03c0007ffff00fe0000f00000001ffff0300007ffff00fe0000700000003ffff8300007ffff00fe0000600000007ffff830000fffff00fe000060000001fffff830001fffff00fe000060000003fffffc10005fffff00fe000060000007fffffc10005fffff00fe00002000000ffffffc1000bfffff00fe00000000000ffffffc1000bfffff00fe00000000001ffffffc10007fffff00fe00018800003fc1fffc10007ffffe00fe00010000007fb07ff008007ffffc00fe0003800000fe003fc00800fffffe00fe000fc00000fc003fc00803ffffff00fe001f800001f800ff000803ffffff00fe001f000003f00c3f080803ffffff00fe001e000003f01e3e180807ffffff00fe003c004007ce7f3ef80807ffffff00fe00700040079f9f7fc00807ffffff00fe01c040000f1fffffe0080fffffff00fe010000000f1ffffff0080fffffff00fe03c000401e3ffffff8080fffffff00fe0f0000001c1ffffff80c1fffffff00ff00000010383ffffff80c1fffffff00ff00000008383fffdff80c1fffffff00ff06000000703fffcff80c1fffffff00fe18010030603fffcff80c3fffffff00fe04010000601fff4ff8043fffffff00fe00010003c01ffe77f0063fffffff00ff00000003801ffe87f0067fffffff00ff00008003001fff07f0067fffffff01ff0000800b000fffffe0067fffffff01ff04004032000fffffe0067fffffff01ff08002074001fffffe002ffffffff01ff10002060001fffffc002ffff7fff01ff000013c8001fffffc002ffff7fff01ff080007d00007c0008003ffff7fff01ff480407900007e0ff8003ffff7fff01ff90040f600003f3ff0003ffff7fff01ff00040fc00001f8fe0003fffe7fff00ff200827800001fe1e0003fffe7fff00ff000d03000001fffc0003fffe7fff00ff000113000000fffc0003fffe7fff00ff0000d8000000fffc0003fffe7fff01ff0000780000003ff80003fffefffe01ff200c7f0000001ff80003fffffff801ffc0062d800003fffe00031fffffe000ff800664c00007ffff8003e0ffffc000ff2002c5800007ffffe003f800ff80c0ff400157a00003fffff803ff00ff00e0ffc1008f100003fffffc03ff84fe00f8ff800007100007fffffe03ffedfc00f8ff800007a00007ffffff07fffffc007cff800003d80003ffffff07fffffc003cff800001c80047ffffff87fffff8003cff802001880007ffffffc7fffff8003cff800001c80007ffffffc7fffff0003cff804009d80047ffffffc7fffff0001cff80000bf000c7ffffffe7fffff0001cff800007b800c7ffffffe7fffff0001cff8000038001c7ffffffe7ffffe0001cff800003c001cffffffff7ffffe0001cff80000720018fffffffffffffc0001cff80000130038ffffffffcffffc0001c7f80000000039ffffffff81fffc0001e7f80000800071ffffffff801ff80001e7f00000e00063ffffffff8007f80001e7f00000600043ffffffff8007f00001e7f800003000c7ffffffffc007e00001e7f8000008000fffffffffc007c00001e7f8000000000fffffffffc007800001e7f0000010003fffffffffe007000000e7f0000010007fffffffffe000000400f7f000101001ffffffffffe020000800f7e000100001ffffffffffe060001800f7f000080003fffffffffff073803000f7e000000007fffffffffff07f80300"`;

exports[`shall smooth the image preserving edges 6`] = `"fffe0000e5fffdffb5007fffffc00003fffe000067fffcdfc0003fffffc00000fffe00001bfffcdfc0003fffffe00000fffe00001fffffdfe0001fffffe00000fffe00001fffffdfe0401ffffff00060fffe00000fffff8fe0001ffffff001c0fffe000000bbc007c0001ffffff80180fffe000003f9c003c0001ffffffc0300fffe0000019dc003c0001ffffffc0200fffe0000000c8001c0000ffffffe0000fffe0000000c800004000ffffffe0000fffe0000011c9ff804000fffffff0000fffe00000388ffff06000fffffff8000fffe00000003ffffc0000fffffff8000fdfe0000003fffffe0000fffffffc000f9fe000000f3fffff8000fffffff8000f1fe00000103fffffc000fffffff8000f1fe00000203fffffe000fffffff0000e1fe00000201ffffff800ffffffe0000e1fe00000401ffffffc00fe3fffc0001c1fe000000007fffffe00fe3fff8000381fe00000000fffffff00fe1fff0000781fe00000000fffffff80fe0fff0000701fe00000001fffffff80fe0ffe0000f01fe00000003fffffffe0fe07fc0001f01fe00004007ffffffff0fe07fc0003f01fe0000400fffffffff0fe03f80007f01fe0000800ff3ffffff8fe01f0000ff01fe0000801fe7ffffffcfe03f0000ff01fe0001801f8fffffffcfe07f0001ff01fe000180231fffffffefe0ff0003ff01fe000180043fffffffe7e3ff8007ff00fe000180007ffffffff7c7ff8007ff00fe00010000ffffffffff9fff000fff00fe00030001ffffffffffffff000fff00fe00030003ffffffffffffff001fff00fe00038007bfffffffffffff001fff00fe0003800f7fffffffffffff003fff00fe0003801efffffffffffffe007fff00fe0003c039fffffffffffffe007fff00fe0003c053fffffffffffffe00ffff00fe0003e087bffffffffffffc00ffff00fe0003f00f3ff9ffffffffcc01ffff00fe0003f00c5c0cfe7fffff1801ffff00fe0003f0103a0e007ffffe1803ffff00fe0003c020340000fffff03003ffff00fe0003c000600001ffffc0e007ffff00fe0003d800c00002ffff83c007ffff00fe0001f800400007fffc3f800fffff00fe0001f00000000ffff83f000fffff00fe0001f00000000ffff03e000fffff00fe0000f00000000ffff03c0007ffff00fe0000f00000001ffff0300007ffff00fe0000700000003ffff8300007ffff00fe0000600000007ffff830000fffff00fe000060000001fffff830000fffff00fe000060000003fffffc10005fffff00fe000060000007fffffc10005fffff00fe00002000000ffffffc1000bfffff00fe00000000000ffffffc1000bfffff00fe00000000001ffffffc10007fffff00fe00008800003fc1fffc10007ffffe00fe00010000007fb07ff000007ffffc00fe0003800000fe003fc00800fffffe00fe000fc00000fc003fc00803ffffff00fe001f800001f800ff000803ffffff00fe001f000003f00c3f080803ffffff00fe001e000003f01e3e180807ffffff00fe003c004007ce3f3ff00807ffffff00fe00700040079f9f7fc00807ffffff00fe01c000000f1fffffe0080fffffff00fe010000000f1ffffff0080fffffff00fe03c000001e3ffffff8080fffffff00fe070000001c3ffffff80c0fffffff00ff00000010383ffffff80c1fffffff00ff00000008383fffdff80c1fffffff00ff06000000703fffcff80c1fffffff00fe1c010020603fffcff80c3fffffff00fe00010000601fff6ff8043fffffff00ff00010003c01ffe77f0063fffffff00ff00000003801ffe87f0067fffffff00ff00008007001fff07f0067fffffff01ff0000800b000fffffe0067fffffff01ff04004032000fffffe0067fffffff01ff08002074001fffffe002ffffffff01ff100020e0001fffffc002ffffffff01ff000003c8001fffffc002ffff7fff01ff080003d00007c0008003ffff7fff01ff480407900007e0ff8003ffff7fff01ff90040f600003f3ff0003ffff7fff01ff00040fc00001f8fe0003fffe7fff00ff200827800001fe1e0003fffe7fff00ff000d03000001fffc0003fffe7fff00ff000193000000fffc0003fffe7fff00ff0000d8000000fffc0003fffe7fff01ff0000780000003ff80003fffefffe01ff200c7f0000001ff80003fffffff801ffc0062d800003fffe00039fffffe000ff800664c00007ffff8003e0ffffc000ff2002c5c00007ffffe003f800ff80c0ff400147a00007fffff803ff00ff00e0ffc1408f100003fffffc03ff84fe00f0ff800007500007fffffe03ffedfc00f8ff800007a00007ffffff07fffffc007cff800003c80007ffffff07fffffc003cff800001d80047ffffff87fffff8003cff800001880007ffffffc7fffff8003cff800001c80007ffffffc7fffff0003cff804009d80047ffffffc7fffff0001cff800003f000c7ffffffe7fffff0001cff800007b800c7ffffffe7fffff0001cff8000038001c7ffffffe7ffffe0001cff800003c001cffffffff7ffffe0001cff80000320018fffffffffffffc0001cff80000130038ffffffffcffffc0001c7f80000000039ffffffff81fffc0001e7f80000800071ffffffff801ff80001e7f00000e00063ffffffff8007f80001e7f00000600043ffffffff8007f00001e7f800003000c7ffffffffc007e00001e7f8000008000fffffffffc007c00001e7f0000000000fffffffffc007800001e7f0000010003fffffffffe007000000e7f0000010007fffffffffe000000400f7f000101001ffffffffffe020000800f7e000100001ffffffffffe070001800f7e000080003fffffffffff073803000f7e000000007fffffffffff07f80300"`;

exports[`shall smooth while preserving edges 1`] = `"fffcbfc00007e003e007fc0000000000fffcffc00007e003e01ffc00000007c7fffcfff03e07e000001ffc00000007c7fffcfff03e000000001f80001f0007c7fffe00f03e01f83f801f80001f0007cffffff8f03e01f83f801f80003f0007effffffff00001f83f800000fc3ff0036f7fffff000001f83f800000fc3ff003ef1ffffff000000000000000fc03f0003f0ffffeb00000007f7fc0007ae00005ff7bfffff00000007f7fc007ffee8007ff79ffffc00000007f7fc1e7ffff8007ff78ffffe01ff0003f3fc1e7ffff87e7e078fffff01ff0003f3e01ffffff87e00078fffffc3ff000000001ffe07f87e00000fffffe3ff000000001fffe7fc7e00f00efffffff00000f00007ffe0fc77c0f0001ffffff00fcfb7e0003fe0fc07c0f01f8fffffd00fcbf7f0003fbe6c07c0d01f81ffff000fcfc7f0003e3e000000001f81ffffc00fc7c3f000003e000000001f807ffff0000fc00000003e0000000000003ffff8000fc000000000000000d000000ffffc000f0000000000000000f0000007ffff000f0001e00000fc0000f0000007ffff80000001e00000fc0000f0000000ffffc0001f01e00000fc0000f000007e7fffe0001f01e00000ec0000f000007e3ffff803ff01600000000000d000007e07fffc037f00000000001f8001f1f9e0fbffff03e0000000000f9f8001f1fde0f9ffffc0000000b0000f9fe001f1fde0f8fffffc000000f5c00fefe001f0ffc0003fffff000000f7fe03efe00000ffcfc01fffff000000f7fe03efe00000ffcfe00fffff01f000f7fe03e7e3f00007cfe003ffff01f001f7fef80007f00007cffe01ffffc1f001f3fef80007f0000007fff1ffffe1f001f3f0f80007f000000ffffffffff00f8ff3f06be007a000000fffff8ffff80d8ff00003e0000000000fffff87ffff1f8ff00003e0000000000ffef801ffff9ffff7e003e000000f80007ef800fffffff807f8000000000f8000f0fbe07ffffff807f8000000000ff9e0f003e07ffff9f807f800003f003ff9fef003e07ffffdf9f0783c01ffc03ff9feff83e07ffffff9f07e3c01ffc03df9fe1f83e07ffffff9f03e3c01ffc03c01be1ffb603effffe1f03ffc01fdc03c001bedf8003e7fffe1b02ff001a0003c0fc3e1ffe03e7ffff800f3f000000003cfc3ff3fe03e7ffffe00f01f80000002cfc3ff3fe0007fffffc0f01f80000003c0007f3c000fdfffffc0f01fe00000007e00ff000f8fffffffff001fe0000000ffc0ff000f8ffe3fffff0001e0000000ffc0ff000f8ffe1fffff7ff1e0000000ffc0fe000f80fe1fffff7ff160000000fffcd0000b802e1fffff7ff000000000bc7c00000000001ffffffff1e00001f0007c00000007e01fffffe001e00001f0007c00680007e0001ffff81ffc07aff00003b8f80007f8001ffffe1ffc07ef0007e3f8f80003b8001ffffffffc07ef0007e3fef80003f8001fffffff80ffef3f07e3fef87c03b8001effffff80fc0f3f07e0fe03fc000003fffffff000fc003f07e0ffe3fc000003ffffff7800fc003f1e00d7e3fcfc0003ffefff1c00fc00001e03f7fff4fc00037fe7ff0f00b000001e03f6fc00fc00000fe3ff03800f00001e03f03c00fc00000000ff01c00f00000007f00360000001f800ff00680f60000007e003e0000001f800ff003c0070000007e003e0000001f8007f001e0070000003f003ff80000000007bc0078070000003f03f7f80000000007fe003ffc003e003f03fff8001ff80007ff001fff003e003ffbfff8fe1ff807c7f3c007ff003e003ffbfff8fe1ff806c7f1e003ff00360001f81fcffe1fe807c7e0f001ff00000001f81fcffa7fc1e5c03f3c007d1f000000001fcfcf5fc1e0003fce003c1b000000001fefdbffc1e001ffcf800f1f000000001fe0ffffc1f801ffcfc00700000000000fe3fff000f801ffcff003000000001f81fbfff000f801f3fff80000000001ff81f9ffff80f80003f1fc0000000001ff81fbff8ff8f87e03f1ff0000000001ff81fbff8ff8007e03f1ff8000000001f801f83f1ff8007fe1ffffe000000000f800003ffff8007fe0fedaf001f87e000000003fff000007e0ffc03c01fe7fc2e3c01b3fff00000000fc000e01fe7fc3e3c01f03e000000000000007e1fe1fc363f75f7e0000000000000007e03e1fe3e3f7df7e0ec0000000000000e1fe1fe003f7c07e0fc0000000000000e1f81fe003f7c07e0fc0000000000000e1f807e00000007e0fc000000000000001f807e03f0000000000000000001f00000007e03f007c0000000fc000001f3e000f87e03f01fc0000000fc000001f36000f80000001fc3fe0000fc000001f3ee7ff9e000371fc37e0f80ff000007400efff9e0003f0d83fe0f803f003c07c00effe1ff003f0f80000f803f003c06c00ffc01ff01fffc00f80f8000003c07c00f001e3f01ffffc0f800000078fde00f8f001e3f01ffffc7f801e1e078fde00fcf001e0001ffffc7f801e1e078f9e00fcfff9e00000fffc7d801e1fe78f9600fc0ff9e00000fffffc001e1fe78e8000d80ff8000000007fd800161be003c00000e1f8000000007fe00f80000003c00000e0000000000003e00fbe000003c00000e000000d000003e00fbe1b0000000000e00007cf001e00000fbe1f0003c000f0000007cf001e000000001f0003c000f0000007cf1f9e000000f81f3f03c000f00fc1e7cf1f9e007c00f81f3f03c000f00fc1e7c01f80007c00f81f3f000007c01fc1e03fff80007c00f81f3f000007c01fc1e03ff81e005f00e81f00000007cf1f3c003ff81a000ff0001fef800007cf1f3c0001f81e000fb3f007ef8000000f003c000000000001f3f007ef80000000"`;

exports[`shall smooth while preserving edges 2`] = `"fffc3f800003e003c003fc0000000000fffcff800003e003c01ffc0000000505fffcfff02c036000001ffc0000000787fffcfbf03c000000001f00000e000387fffe00f03c01f01d801f00001f00078dfffff0f00001f03f800200003f0001ef7fffff000001f03f800000f83fe0016f3fffff000001f01f000000f83fe001ef0ffffff000000000000000f803e0001f07fffc90000000787bc000000000003f03fffef00000007f7fc0007fc00007ff79ffff000000007f7fc003ffe78007ff787fffa00f60001f3fc1e7ffff8367e0787ffff01fe0001d2c01ffffff83e000687ffff82fe000000001ffe07e83e000007bfffc3f60000000013ffc4ec3e00d0001fffffe00000f000001fe07c17c0f0000fffffe00fcfb7c0001fc07c07c0f01f83fffc000fc9f7e0003e3c0003c0001f81ffff000fcf87f0001e3c000000001f81ffff800fc783e000003c000000001f807fffc0000f800000003c0000000000001fffe0000f8000000000000000d000000ffffc000f0000000000000000f0000007fffe000f00016000007c0000f0000005ffff80000001e000007c0000f00000007fffc0000f01e000007c0000f000007e3fffe0001f01e00000280000f000007e0ffff001df000000000000000000007e07fffc016f00000000001f0000e1f1e0fbfffe01c000000000079f0001f1f1e0f8ffff0000000000000f9f8000e1fde0f87fffc0000000f100078fe000e0fd40003ffff9000000f78803efe00000ffcf801fffff000000f7bc03efe00000378fc007ffff00f000b7fc0363a1f00003cfe003ffff01f001b5fc780007f0000007fc01ffff81f001f1f0780007f0000003ffe1ffffc04001f1f0780007e000000ffffffffff0078ff00003e0000000000ffffd8ffff8058ff00003e0000000000fffff83fffc078ff00003e0000000000ffc7801ffff1f8ff18003e000000000007c7800ffff9ff007c000000000078000d06b607fffdff007f80000000007f1a0f003e07fffe9f807f800001f002ff1fef003e03ffffdf1b0782c01bf803ff1fedf83e07dfffff1f07c3c01ffc03c01be1f83e000ffff81f03e3c01ff803c001e0ff8001e7fffe1f03fe001e1003c0001c0f8003e3fffe00007f00000003c0fc1e0ffe03e7ffff000f3e000000003cfc1ff3fe01e7ffffc00f01f80000003cfc1ff3fe0007ffffe00f01f8000000340007f3c00055fffffc0d01fc00000003600ff000b0ffffffffb001fe00000007fc0ff000f0ffc3fffff0001e0000000ffc0fd000f0dfc17ffff7fe1e00000007f80f8000f00dc1fffff7ff0400000007e7800000000001fffff7ff000000000007800000000001fffffffe1e00001f0007800000007c01fbfffc001e00001f0003800000007e0001ffff001fc0001f0000000780007e0001ffff81ffc07ef000001f8780003b8001ffffc1fbc07ef0003e1fc780003f8001fffffff8097ef3603e1fe783401b80016fffff780f80d3e03e0fc03fc000003ffffff7000f8003e0320fec3fc000003ffdfff0800f800001e0047c3fcf80003ffa7ff0c00f000001e01f7ff00f800004fe1ff06000000001e01f03c00f8000003e0ff03800f00001e01f03c00f800000000ff01c00f00000007f00000000001f000df00600f00000007e003e0000001f800ff00300070000007c003e0000001f00007001c00700000009003f700000000007a00070070000003f03e7f00000000007de0035f80036003f03fff0000ef80007f7001ffd003e003ffbfff0fc1ff80787f3c007ff003e0001f97fe0fe1ff80687c06003ff00000000f81fcffc0fa00780003000ff00000000f81fcff07fc1e0003e1c00700e000000001fcf8f4fc1e0003fc600180a000000001fef8b7fc1e000ffc7000e0e000000001fe0ffffc1e000f7c7c00700000000000fe0fff000f000f6c7f003000000000e81f1fff000f000f367380000000000df81f1ffd680f00003e1bc0000000000ff81f1ff87f8b05c03f1ff0000000000fe01f1bf07f8007e01f1ff8000000000f800000c0ff8007fc07fdec0000000000000003fcff8007fc07ec07001f83e000000003fce000007c07fc01c01f83e000000001fce000000007c000e01fe3f83c3c01f03c00000000000000701fe1fc343c35f00000ffffffe00ff87c03e1fa3c3e3db7e06cfffffffffffc0c1fe1fe003e7c07c67cfffffffffffc2c1f81be003e3c07e67cfffffffffffffc1f907e70000005866cfc00fffff8000006007e73e000000600fc00fffff9b00f80007e73f307c00000fcf8fffff9f1c400707e73f31fc000401cfc3ffff9f16000f00070001fc1fc400cf83fffe1f1cc3ff1e030001fc17e478cff3e0060000c7ff1e03c3e0d01fc4f8c1f3e0063c00c7fe1e0383e0f00004f8c1f3e3c03cffd7c01bf38fe3400d8478f00003c03c00f001e1f39ff7f40f9c00000587fe00d8f001e1b39ffffc7f9f161a0787fe00f8f001e00386fffc7f9f1e1e07879e3cf847f9e0038077fdfc1f1e1fe787863cf847f803ffc0003ff8001e1fe003803c0007f803fffc006ff0c00001e003c07c01c1f9fffffffe7fe0c7800003e3c7ffffc001ff801f8007e7c7be0003e3c7fc03c001e0001f0001e7c7be003fe007f801c7ffe10f00043007c7b61f0023c7f80107ffe7cf001e3000c0001f0023c7f8f1c00007cf0e9e3c00fc781f1d23c7f8f1c6c1e7cd1f963c78fcf89b1f23c7e09187c1e1000f803c7c1cf89f1f2007e7808fc1e03ef8003c7800789f000007e7c68fc1e33ef81e3c1f00009f001fffe7cf8e3c033ef91a3c1ff0019fef9fffe7cf8e3c0308f91e3f8fb3e39fef9fffe4ff803c7f0801003f80f3e3e7ef9ffffe81"`;
